app/airdrops/[id]/page.tsx(29,5): error TS2339: Property 'div' does not exist on type 'JSX.IntrinsicElements'.
app/airdrops/[id]/page.tsx(32,7): error TS2339: Property 'main' does not exist on type 'JSX.IntrinsicElements'.
app/airdrops/[id]/page.tsx(34,9): error TS2339: Property 'div' does not exist on type 'JSX.IntrinsicElements'.
app/airdrops/[id]/page.tsx(35,11): error TS2339: Property 'div' does not exist on type 'JSX.IntrinsicElements'.
app/airdrops/[id]/page.tsx(43,11): error TS2339: Property 'div' does not exist on type 'JSX.IntrinsicElements'.
app/airdrops/[id]/page.tsx(44,9): error TS2339: Property 'div' does not exist on type 'JSX.IntrinsicElements'.
app/airdrops/[id]/page.tsx(47,9): error TS2339: Property 'section' does not exist on type 'JSX.IntrinsicElements'.
app/airdrops/[id]/page.tsx(48,11): error TS2339: Property 'div' does not exist on type 'JSX.IntrinsicElements'.
app/airdrops/[id]/page.tsx(49,11): error TS2339: Property 'div' does not exist on type 'JSX.IntrinsicElements'.
app/airdrops/[id]/page.tsx(50,13): error TS2339: Property 'div' does not exist on type 'JSX.IntrinsicElements'.
app/airdrops/[id]/page.tsx(51,15): error TS2339: Property 'div' does not exist on type 'JSX.IntrinsicElements'.
app/airdrops/[id]/page.tsx(52,17): error TS2339: Property 'div' does not exist on type 'JSX.IntrinsicElements'.
app/airdrops/[id]/page.tsx(54,17): error TS2339: Property 'div' does not exist on type 'JSX.IntrinsicElements'.
app/airdrops/[id]/page.tsx(55,17): error TS2339: Property 'div' does not exist on type 'JSX.IntrinsicElements'.
app/airdrops/[id]/page.tsx(56,19): error TS2339: Property 'div' does not exist on type 'JSX.IntrinsicElements'.
app/airdrops/[id]/page.tsx(57,21): error TS2339: Property 'h1' does not exist on type 'JSX.IntrinsicElements'.
app/airdrops/[id]/page.tsx(59,21): error TS2339: Property 'h1' does not exist on type 'JSX.IntrinsicElements'.
app/airdrops/[id]/page.tsx(60,21): error TS2339: Property 'span' does not exist on type 'JSX.IntrinsicElements'.
app/airdrops/[id]/page.tsx(62,21): error TS2339: Property 'span' does not exist on type 'JSX.IntrinsicElements'.
app/airdrops/[id]/page.tsx(63,19): error TS2339: Property 'div' does not exist on type 'JSX.IntrinsicElements'.
app/airdrops/[id]/page.tsx(64,19): error TS2339: Property 'p' does not exist on type 'JSX.IntrinsicElements'.
app/airdrops/[id]/page.tsx(64,85): error TS2339: Property 'p' does not exist on type 'JSX.IntrinsicElements'.
app/airdrops/[id]/page.tsx(65,17): error TS2339: Property 'div' does not exist on type 'JSX.IntrinsicElements'.
app/airdrops/[id]/page.tsx(66,15): error TS2339: Property 'div' does not exist on type 'JSX.IntrinsicElements'.
app/airdrops/[id]/page.tsx(68,15): error TS2339: Property 'div' does not exist on type 'JSX.IntrinsicElements'.
app/airdrops/[id]/page.tsx(69,17): error TS2339: Property 'a' does not exist on type 'JSX.IntrinsicElements'.
app/airdrops/[id]/page.tsx(70,27): error TS2322: Type '{ className: string; }' is not assignable to type 'VariantProps<(props?: (ConfigVariants<{ variant: { default: string; destructive: string; outline: string; secondary: string; ghost: string; link: string; }; size: { default: string; sm: string; lg: string; icon: string; 'icon-sm': string; 'icon-lg': string; }; }> & ClassProp) | undefined) => string> & { ...; }'.
  Property 'className' does not exist on type 'VariantProps<(props?: (ConfigVariants<{ variant: { default: string; destructive: string; outline: string; secondary: string; ghost: string; link: string; }; size: { default: string; sm: string; lg: string; icon: string; 'icon-sm': string; 'icon-lg': string; }; }> & ClassProp) | undefined) => string> & { ...; }'.
app/airdrops/[id]/page.tsx(74,17): error TS2339: Property 'a' does not exist on type 'JSX.IntrinsicElements'.
app/airdrops/[id]/page.tsx(75,15): error TS2339: Property 'div' does not exist on type 'JSX.IntrinsicElements'.
app/airdrops/[id]/page.tsx(76,13): error TS2339: Property 'div' does not exist on type 'JSX.IntrinsicElements'.
app/airdrops/[id]/page.tsx(77,11): error TS2339: Property 'div' does not exist on type 'JSX.IntrinsicElements'.
app/airdrops/[id]/page.tsx(78,9): error TS2339: Property 'section' does not exist on type 'JSX.IntrinsicElements'.
app/airdrops/[id]/page.tsx(81,9): error TS2339: Property 'section' does not exist on type 'JSX.IntrinsicElements'.
app/airdrops/[id]/page.tsx(82,11): error TS2339: Property 'div' does not exist on type 'JSX.IntrinsicElements'.
app/airdrops/[id]/page.tsx(83,13): error TS2339: Property 'div' does not exist on type 'JSX.IntrinsicElements'.
app/airdrops/[id]/page.tsx(85,15): error TS2339: Property 'div' does not exist on type 'JSX.IntrinsicElements'.
app/airdrops/[id]/page.tsx(91,21): error TS2339: Property 'p' does not exist on type 'JSX.IntrinsicElements'.
app/airdrops/[id]/page.tsx(93,21): error TS2339: Property 'p' does not exist on type 'JSX.IntrinsicElements'.
app/airdrops/[id]/page.tsx(102,21): error TS2339: Property 'ul' does not exist on type 'JSX.IntrinsicElements'.
app/airdrops/[id]/page.tsx(104,25): error TS2339: Property 'li' does not exist on type 'JSX.IntrinsicElements'.
app/airdrops/[id]/page.tsx(106,27): error TS2339: Property 'span' does not exist on type 'JSX.IntrinsicElements'.
app/airdrops/[id]/page.tsx(106,72): error TS2339: Property 'span' does not exist on type 'JSX.IntrinsicElements'.
app/airdrops/[id]/page.tsx(107,25): error TS2339: Property 'li' does not exist on type 'JSX.IntrinsicElements'.
app/airdrops/[id]/page.tsx(109,21): error TS2339: Property 'ul' does not exist on type 'JSX.IntrinsicElements'.
app/airdrops/[id]/page.tsx(113,23): error TS2322: Type '{ className: string; }' is not assignable to type '{}'.
  Property 'className' does not exist on type '{}'.
app/airdrops/[id]/page.tsx(114,32): error TS2322: Type '{ className: string; }' is not assignable to type '{}'.
  Property 'className' does not exist on type '{}'.
app/airdrops/[id]/page.tsx(115,21): error TS2339: Property 'div' does not exist on type 'JSX.IntrinsicElements'.
app/airdrops/[id]/page.tsx(117,23): error TS2339: Property 'div' does not exist on type 'JSX.IntrinsicElements'.
app/airdrops/[id]/page.tsx(118,25): error TS2339: Property 'p' does not exist on type 'JSX.IntrinsicElements'.
app/airdrops/[id]/page.tsx(118,78): error TS2339: Property 'p' does not exist on type 'JSX.IntrinsicElements'.
app/airdrops/[id]/page.tsx(119,25): error TS2339: Property 'p' does not exist on type 'JSX.IntrinsicElements'.
app/airdrops/[id]/page.tsx(121,25): error TS2339: Property 'p' does not exist on type 'JSX.IntrinsicElements'.
app/airdrops/[id]/page.tsx(122,23): error TS2339: Property 'div' does not exist on type 'JSX.IntrinsicElements'.
app/airdrops/[id]/page.tsx(123,21): error TS2339: Property 'div' does not exist on type 'JSX.IntrinsicElements'.
app/airdrops/[id]/page.tsx(126,15): error TS2339: Property 'div' does not exist on type 'JSX.IntrinsicElements'.
app/airdrops/[id]/page.tsx(129,15): error TS2339: Property 'div' does not exist on type 'JSX.IntrinsicElements'.
app/airdrops/[id]/page.tsx(134,32): error TS2322: Type '{ className: string; }' is not assignable to type '{}'.
  Property 'className' does not exist on type '{}'.
app/airdrops/[id]/page.tsx(135,21): error TS2339: Property 'div' does not exist on type 'JSX.IntrinsicElements'.
app/airdrops/[id]/page.tsx(136,23): error TS2339: Property 'div' does not exist on type 'JSX.IntrinsicElements'.
app/airdrops/[id]/page.tsx(138,25): error TS2339: Property 'span' does not exist on type 'JSX.IntrinsicElements'.
app/airdrops/[id]/page.tsx(138,56): error TS2339: Property 'span' does not exist on type 'JSX.IntrinsicElements'.
app/airdrops/[id]/page.tsx(139,23): error TS2339: Property 'div' does not exist on type 'JSX.IntrinsicElements'.
app/airdrops/[id]/page.tsx(140,23): error TS2339: Property 'span' does not exist on type 'JSX.IntrinsicElements'.
app/airdrops/[id]/page.tsx(140,84): error TS2339: Property 'span' does not exist on type 'JSX.IntrinsicElements'.
app/airdrops/[id]/page.tsx(141,21): error TS2339: Property 'div' does not exist on type 'JSX.IntrinsicElements'.
app/airdrops/[id]/page.tsx(142,21): error TS2339: Property 'div' does not exist on type 'JSX.IntrinsicElements'.
app/airdrops/[id]/page.tsx(143,23): error TS2339: Property 'div' does not exist on type 'JSX.IntrinsicElements'.
app/airdrops/[id]/page.tsx(145,25): error TS2339: Property 'span' does not exist on type 'JSX.IntrinsicElements'.
app/airdrops/[id]/page.tsx(145,59): error TS2339: Property 'span' does not exist on type 'JSX.IntrinsicElements'.
app/airdrops/[id]/page.tsx(146,23): error TS2339: Property 'div' does not exist on type 'JSX.IntrinsicElements'.
app/airdrops/[id]/page.tsx(147,23): error TS2339: Property 'span' does not exist on type 'JSX.IntrinsicElements'.
app/airdrops/[id]/page.tsx(153,23): error TS2339: Property 'span' does not exist on type 'JSX.IntrinsicElements'.
app/airdrops/[id]/page.tsx(154,21): error TS2339: Property 'div' does not exist on type 'JSX.IntrinsicElements'.
app/airdrops/[id]/page.tsx(155,21): error TS2339: Property 'div' does not exist on type 'JSX.IntrinsicElements'.
app/airdrops/[id]/page.tsx(156,23): error TS2339: Property 'p' does not exist on type 'JSX.IntrinsicElements'.
app/airdrops/[id]/page.tsx(156,88): error TS2339: Property 'p' does not exist on type 'JSX.IntrinsicElements'.
app/airdrops/[id]/page.tsx(157,23): error TS2339: Property 'p' does not exist on type 'JSX.IntrinsicElements'.
app/airdrops/[id]/page.tsx(157,104): error TS2339: Property 'p' does not exist on type 'JSX.IntrinsicElements'.
app/airdrops/[id]/page.tsx(158,21): error TS2339: Property 'div' does not exist on type 'JSX.IntrinsicElements'.
app/airdrops/[id]/page.tsx(163,32): error TS2322: Type '{ className: string; }' is not assignable to type '{}'.
  Property 'className' does not exist on type '{}'.
app/airdrops/[id]/page.tsx(164,21): error TS2339: Property 'p' does not exist on type 'JSX.IntrinsicElements'.
app/airdrops/[id]/page.tsx(166,21): error TS2339: Property 'p' does not exist on type 'JSX.IntrinsicElements'.
app/airdrops/[id]/page.tsx(168,31): error TS2322: Type '{ className: string; }' is not assignable to type 'VariantProps<(props?: (ConfigVariants<{ variant: { default: string; destructive: string; outline: string; secondary: string; ghost: string; link: string; }; size: { default: string; sm: string; lg: string; icon: string; 'icon-sm': string; 'icon-lg': string; }; }> & ClassProp) | undefined) => string> & { ...; }'.
  Property 'className' does not exist on type 'VariantProps<(props?: (ConfigVariants<{ variant: { default: string; destructive: string; outline: string; secondary: string; ghost: string; link: string; }; size: { default: string; sm: string; lg: string; icon: string; 'icon-sm': string; 'icon-lg': string; }; }> & ClassProp) | undefined) => string> & { ...; }'.
app/airdrops/[id]/page.tsx(174,15): error TS2339: Property 'div' does not exist on type 'JSX.IntrinsicElements'.
app/airdrops/[id]/page.tsx(175,13): error TS2339: Property 'div' does not exist on type 'JSX.IntrinsicElements'.
app/airdrops/[id]/page.tsx(176,11): error TS2339: Property 'div' does not exist on type 'JSX.IntrinsicElements'.
app/airdrops/[id]/page.tsx(177,9): error TS2339: Property 'section' does not exist on type 'JSX.IntrinsicElements'.
app/airdrops/[id]/page.tsx(178,7): error TS2339: Property 'main' does not exist on type 'JSX.IntrinsicElements'.
app/airdrops/[id]/page.tsx(181,5): error TS2339: Property 'div' does not exist on type 'JSX.IntrinsicElements'.
app/airdrops/page.tsx(50,5): error TS2339: Property 'div' does not exist on type 'JSX.IntrinsicElements'.
app/airdrops/page.tsx(53,7): error TS2339: Property 'main' does not exist on type 'JSX.IntrinsicElements'.
app/airdrops/page.tsx(55,9): error TS2339: Property 'section' does not exist on type 'JSX.IntrinsicElements'.
app/airdrops/page.tsx(56,11): error TS2339: Property 'div' does not exist on type 'JSX.IntrinsicElements'.
app/airdrops/page.tsx(57,11): error TS2339: Property 'div' does not exist on type 'JSX.IntrinsicElements'.
app/airdrops/page.tsx(58,13): error TS2339: Property 'h1' does not exist on type 'JSX.IntrinsicElements'.
app/airdrops/page.tsx(59,19): error TS2339: Property 'span' does not exist on type 'JSX.IntrinsicElements'.
app/airdrops/page.tsx(59,68): error TS2339: Property 'span' does not exist on type 'JSX.IntrinsicElements'.
app/airdrops/page.tsx(60,13): error TS2339: Property 'h1' does not exist on type 'JSX.IntrinsicElements'.
app/airdrops/page.tsx(61,13): error TS2339: Property 'p' does not exist on type 'JSX.IntrinsicElements'.
app/airdrops/page.tsx(63,13): error TS2339: Property 'p' does not exist on type 'JSX.IntrinsicElements'.
app/airdrops/page.tsx(64,11): error TS2339: Property 'div' does not exist on type 'JSX.IntrinsicElements'.
app/airdrops/page.tsx(65,9): error TS2339: Property 'section' does not exist on type 'JSX.IntrinsicElements'.
app/airdrops/page.tsx(68,9): error TS2339: Property 'section' does not exist on type 'JSX.IntrinsicElements'.
app/airdrops/page.tsx(69,11): error TS2339: Property 'div' does not exist on type 'JSX.IntrinsicElements'.
app/airdrops/page.tsx(70,13): error TS2339: Property 'div' does not exist on type 'JSX.IntrinsicElements'.
app/airdrops/page.tsx(72,15): error TS2339: Property 'div' does not exist on type 'JSX.IntrinsicElements'.
app/airdrops/page.tsx(74,17): error TS2339: Property 'input' does not exist on type 'JSX.IntrinsicElements'.
app/airdrops/page.tsx(78,30): error TS7006: Parameter 'e' implicitly has an 'any' type.
app/airdrops/page.tsx(81,15): error TS2339: Property 'div' does not exist on type 'JSX.IntrinsicElements'.
app/airdrops/page.tsx(84,15): error TS2339: Property 'div' does not exist on type 'JSX.IntrinsicElements'.
app/airdrops/page.tsx(87,21): error TS2322: Type '{ key: AirdropStatus | "all"; variant: "default" | "outline"; size: "sm"; onClick: () => void; className: string; }' is not assignable to type 'VariantProps<(props?: (ConfigVariants<{ variant: { default: string; destructive: string; outline: string; secondary: string; ghost: string; link: string; }; size: { default: string; sm: string; lg: string; icon: string; 'icon-sm': string; 'icon-lg': string; }; }> & ClassProp) | undefined) => string> & { ...; }'.
  Property 'key' does not exist on type 'VariantProps<(props?: (ConfigVariants<{ variant: { default: string; destructive: string; outline: string; secondary: string; ghost: string; link: string; }; size: { default: string; sm: string; lg: string; icon: string; 'icon-sm': string; 'icon-lg': string; }; }> & ClassProp) | undefined) => string> & { ...; }'.
app/airdrops/page.tsx(96,15): error TS2339: Property 'div' does not exist on type 'JSX.IntrinsicElements'.
app/airdrops/page.tsx(99,15): error TS2339: Property 'select' does not exist on type 'JSX.IntrinsicElements'.
app/airdrops/page.tsx(101,28): error TS7006: Parameter 'e' implicitly has an 'any' type.
app/airdrops/page.tsx(105,19): error TS2339: Property 'option' does not exist on type 'JSX.IntrinsicElements'.
app/airdrops/page.tsx(107,19): error TS2339: Property 'option' does not exist on type 'JSX.IntrinsicElements'.
app/airdrops/page.tsx(109,15): error TS2339: Property 'select' does not exist on type 'JSX.IntrinsicElements'.
app/airdrops/page.tsx(116,19): error TS2322: Type '{ variant: "ghost"; size: "sm"; onClick: () => void; className: string; }' is not assignable to type 'VariantProps<(props?: (ConfigVariants<{ variant: { default: string; destructive: string; outline: string; secondary: string; ghost: string; link: string; }; size: { default: string; sm: string; lg: string; icon: string; 'icon-sm': string; 'icon-lg': string; }; }> & ClassProp) | undefined) => string> & { ...; }'.
  Property 'onClick' does not exist on type 'VariantProps<(props?: (ConfigVariants<{ variant: { default: string; destructive: string; outline: string; secondary: string; ghost: string; link: string; }; size: { default: string; sm: string; lg: string; icon: string; 'icon-sm': string; 'icon-lg': string; }; }> & ClassProp) | undefined) => string> & { ...; }'.
app/airdrops/page.tsx(123,13): error TS2339: Property 'div' does not exist on type 'JSX.IntrinsicElements'.
app/airdrops/page.tsx(124,11): error TS2339: Property 'div' does not exist on type 'JSX.IntrinsicElements'.
app/airdrops/page.tsx(125,9): error TS2339: Property 'section' does not exist on type 'JSX.IntrinsicElements'.
app/airdrops/page.tsx(128,9): error TS2339: Property 'section' does not exist on type 'JSX.IntrinsicElements'.
app/airdrops/page.tsx(129,11): error TS2339: Property 'div' does not exist on type 'JSX.IntrinsicElements'.
app/airdrops/page.tsx(130,13): error TS2339: Property 'div' does not exist on type 'JSX.IntrinsicElements'.
app/airdrops/page.tsx(131,15): error TS2339: Property 'p' does not exist on type 'JSX.IntrinsicElements'.
app/airdrops/page.tsx(132,25): error TS2339: Property 'span' does not exist on type 'JSX.IntrinsicElements'.
app/airdrops/page.tsx(132,96): error TS2339: Property 'span' does not exist on type 'JSX.IntrinsicElements'.
app/airdrops/page.tsx(133,15): error TS2339: Property 'p' does not exist on type 'JSX.IntrinsicElements'.
app/airdrops/page.tsx(134,13): error TS2339: Property 'div' does not exist on type 'JSX.IntrinsicElements'.
app/airdrops/page.tsx(137,15): error TS2339: Property 'div' does not exist on type 'JSX.IntrinsicElements'.
app/airdrops/page.tsx(139,32): error TS2322: Type '{ key: string; airdrop: Airdrop; }' is not assignable to type 'AirdropCardProps'.
  Property 'key' does not exist on type 'AirdropCardProps'.
app/airdrops/page.tsx(141,15): error TS2339: Property 'div' does not exist on type 'JSX.IntrinsicElements'.
app/airdrops/page.tsx(143,15): error TS2339: Property 'div' does not exist on type 'JSX.IntrinsicElements'.
app/airdrops/page.tsx(145,17): error TS2339: Property 'h3' does not exist on type 'JSX.IntrinsicElements'.
app/airdrops/page.tsx(145,88): error TS2339: Property 'h3' does not exist on type 'JSX.IntrinsicElements'.
app/airdrops/page.tsx(146,17): error TS2339: Property 'p' does not exist on type 'JSX.IntrinsicElements'.
app/airdrops/page.tsx(148,17): error TS2339: Property 'p' does not exist on type 'JSX.IntrinsicElements'.
app/airdrops/page.tsx(151,19): error TS2322: Type '{ variant: "outline"; onClick: () => void; className: string; }' is not assignable to type 'VariantProps<(props?: (ConfigVariants<{ variant: { default: string; destructive: string; outline: string; secondary: string; ghost: string; link: string; }; size: { default: string; sm: string; lg: string; icon: string; 'icon-sm': string; 'icon-lg': string; }; }> & ClassProp) | undefined) => string> & { ...; }'.
  Property 'onClick' does not exist on type 'VariantProps<(props?: (ConfigVariants<{ variant: { default: string; destructive: string; outline: string; secondary: string; ghost: string; link: string; }; size: { default: string; sm: string; lg: string; icon: string; 'icon-sm': string; 'icon-lg': string; }; }> & ClassProp) | undefined) => string> & { ...; }'.
app/airdrops/page.tsx(156,15): error TS2339: Property 'div' does not exist on type 'JSX.IntrinsicElements'.
app/airdrops/page.tsx(158,11): error TS2339: Property 'div' does not exist on type 'JSX.IntrinsicElements'.
app/airdrops/page.tsx(159,9): error TS2339: Property 'section' does not exist on type 'JSX.IntrinsicElements'.
app/airdrops/page.tsx(160,7): error TS2339: Property 'main' does not exist on type 'JSX.IntrinsicElements'.
app/airdrops/page.tsx(163,5): error TS2339: Property 'div' does not exist on type 'JSX.IntrinsicElements'.
app/articles/[slug]/page.tsx(100,5): error TS2339: Property 'div' does not exist on type 'JSX.IntrinsicElements'.
app/articles/[slug]/page.tsx(103,7): error TS2339: Property 'main' does not exist on type 'JSX.IntrinsicElements'.
app/articles/[slug]/page.tsx(105,9): error TS2339: Property 'div' does not exist on type 'JSX.IntrinsicElements'.
app/articles/[slug]/page.tsx(106,11): error TS2339: Property 'div' does not exist on type 'JSX.IntrinsicElements'.
app/articles/[slug]/page.tsx(114,11): error TS2339: Property 'div' does not exist on type 'JSX.IntrinsicElements'.
app/articles/[slug]/page.tsx(115,9): error TS2339: Property 'div' does not exist on type 'JSX.IntrinsicElements'.
app/articles/[slug]/page.tsx(118,9): error TS2339: Property 'section' does not exist on type 'JSX.IntrinsicElements'.
app/articles/[slug]/page.tsx(119,11): error TS2339: Property 'div' does not exist on type 'JSX.IntrinsicElements'.
app/articles/[slug]/page.tsx(120,13): error TS2339: Property 'div' does not exist on type 'JSX.IntrinsicElements'.
app/articles/[slug]/page.tsx(121,15): error TS2339: Property 'span' does not exist on type 'JSX.IntrinsicElements'.
app/articles/[slug]/page.tsx(123,15): error TS2339: Property 'span' does not exist on type 'JSX.IntrinsicElements'.
app/articles/[slug]/page.tsx(124,15): error TS2339: Property 'span' does not exist on type 'JSX.IntrinsicElements'.
app/articles/[slug]/page.tsx(127,15): error TS2339: Property 'span' does not exist on type 'JSX.IntrinsicElements'.
app/articles/[slug]/page.tsx(128,13): error TS2339: Property 'div' does not exist on type 'JSX.IntrinsicElements'.
app/articles/[slug]/page.tsx(130,13): error TS2339: Property 'h1' does not exist on type 'JSX.IntrinsicElements'.
app/articles/[slug]/page.tsx(132,13): error TS2339: Property 'h1' does not exist on type 'JSX.IntrinsicElements'.
app/articles/[slug]/page.tsx(134,13): error TS2339: Property 'p' does not exist on type 'JSX.IntrinsicElements'.
app/articles/[slug]/page.tsx(136,13): error TS2339: Property 'p' does not exist on type 'JSX.IntrinsicElements'.
app/articles/[slug]/page.tsx(138,13): error TS2339: Property 'div' does not exist on type 'JSX.IntrinsicElements'.
app/articles/[slug]/page.tsx(139,15): error TS2339: Property 'div' does not exist on type 'JSX.IntrinsicElements'.
app/articles/[slug]/page.tsx(140,17): error TS2339: Property 'div' does not exist on type 'JSX.IntrinsicElements'.
app/articles/[slug]/page.tsx(142,17): error TS2339: Property 'div' does not exist on type 'JSX.IntrinsicElements'.
app/articles/[slug]/page.tsx(143,17): error TS2339: Property 'div' does not exist on type 'JSX.IntrinsicElements'.
app/articles/[slug]/page.tsx(144,19): error TS2339: Property 'p' does not exist on type 'JSX.IntrinsicElements'.
app/articles/[slug]/page.tsx(144,78): error TS2339: Property 'p' does not exist on type 'JSX.IntrinsicElements'.
app/articles/[slug]/page.tsx(145,19): error TS2339: Property 'div' does not exist on type 'JSX.IntrinsicElements'.
app/articles/[slug]/page.tsx(147,21): error TS2339: Property 'span' does not exist on type 'JSX.IntrinsicElements'.
app/articles/[slug]/page.tsx(153,21): error TS2339: Property 'span' does not exist on type 'JSX.IntrinsicElements'.
app/articles/[slug]/page.tsx(154,19): error TS2339: Property 'div' does not exist on type 'JSX.IntrinsicElements'.
app/articles/[slug]/page.tsx(155,17): error TS2339: Property 'div' does not exist on type 'JSX.IntrinsicElements'.
app/articles/[slug]/page.tsx(156,15): error TS2339: Property 'div' does not exist on type 'JSX.IntrinsicElements'.
app/articles/[slug]/page.tsx(158,15): error TS2339: Property 'div' does not exist on type 'JSX.IntrinsicElements'.
app/articles/[slug]/page.tsx(167,15): error TS2339: Property 'div' does not exist on type 'JSX.IntrinsicElements'.
app/articles/[slug]/page.tsx(168,13): error TS2339: Property 'div' does not exist on type 'JSX.IntrinsicElements'.
app/articles/[slug]/page.tsx(169,11): error TS2339: Property 'div' does not exist on type 'JSX.IntrinsicElements'.
app/articles/[slug]/page.tsx(170,9): error TS2339: Property 'section' does not exist on type 'JSX.IntrinsicElements'.
app/articles/[slug]/page.tsx(173,9): error TS2339: Property 'section' does not exist on type 'JSX.IntrinsicElements'.
app/articles/[slug]/page.tsx(174,11): error TS2339: Property 'div' does not exist on type 'JSX.IntrinsicElements'.
app/articles/[slug]/page.tsx(175,13): error TS2339: Property 'article' does not exist on type 'JSX.IntrinsicElements'.
app/articles/[slug]/page.tsx(176,15): error TS2339: Property 'div' does not exist on type 'JSX.IntrinsicElements'.
app/articles/[slug]/page.tsx(180,23): error TS2339: Property 'h2' does not exist on type 'JSX.IntrinsicElements'.
app/articles/[slug]/page.tsx(182,23): error TS2339: Property 'h2' does not exist on type 'JSX.IntrinsicElements'.
app/articles/[slug]/page.tsx(187,23): error TS2339: Property 'h3' does not exist on type 'JSX.IntrinsicElements'.
app/articles/[slug]/page.tsx(189,23): error TS2339: Property 'h3' does not exist on type 'JSX.IntrinsicElements'.
app/articles/[slug]/page.tsx(195,23): error TS2339: Property 'ul' does not exist on type 'JSX.IntrinsicElements'.
app/articles/[slug]/page.tsx(197,27): error TS2339: Property 'li' does not exist on type 'JSX.IntrinsicElements'.
app/articles/[slug]/page.tsx(198,29): error TS2339: Property 'span' does not exist on type 'JSX.IntrinsicElements'.
app/articles/[slug]/page.tsx(198,68): error TS2339: Property 'span' does not exist on type 'JSX.IntrinsicElements'.
app/articles/[slug]/page.tsx(199,29): error TS2339: Property 'span' does not exist on type 'JSX.IntrinsicElements'.
app/articles/[slug]/page.tsx(199,59): error TS2339: Property 'span' does not exist on type 'JSX.IntrinsicElements'.
app/articles/[slug]/page.tsx(200,27): error TS2339: Property 'li' does not exist on type 'JSX.IntrinsicElements'.
app/articles/[slug]/page.tsx(202,23): error TS2339: Property 'ul' does not exist on type 'JSX.IntrinsicElements'.
app/articles/[slug]/page.tsx(206,28): error TS2339: Property 'p' does not exist on type 'JSX.IntrinsicElements'.
app/articles/[slug]/page.tsx(206,54): error TS2339: Property 'p' does not exist on type 'JSX.IntrinsicElements'.
app/articles/[slug]/page.tsx(210,15): error TS2339: Property 'div' does not exist on type 'JSX.IntrinsicElements'.
app/articles/[slug]/page.tsx(211,13): error TS2339: Property 'article' does not exist on type 'JSX.IntrinsicElements'.
app/articles/[slug]/page.tsx(214,19): error TS2322: Type '{ className: string; }' is not assignable to type '{}'.
  Property 'className' does not exist on type '{}'.
app/articles/[slug]/page.tsx(215,28): error TS2322: Type '{ className: string; }' is not assignable to type '{}'.
  Property 'className' does not exist on type '{}'.
app/articles/[slug]/page.tsx(216,17): error TS2339: Property 'div' does not exist on type 'JSX.IntrinsicElements'.
app/articles/[slug]/page.tsx(217,19): error TS2339: Property 'h3' does not exist on type 'JSX.IntrinsicElements'.
app/articles/[slug]/page.tsx(219,19): error TS2339: Property 'h3' does not exist on type 'JSX.IntrinsicElements'.
app/articles/[slug]/page.tsx(220,19): error TS2339: Property 'p' does not exist on type 'JSX.IntrinsicElements'.
app/articles/[slug]/page.tsx(222,19): error TS2339: Property 'p' does not exist on type 'JSX.IntrinsicElements'.
app/articles/[slug]/page.tsx(223,19): error TS2339: Property 'div' does not exist on type 'JSX.IntrinsicElements'.
app/articles/[slug]/page.tsx(224,21): error TS2339: Property 'input' does not exist on type 'JSX.IntrinsicElements'.
app/articles/[slug]/page.tsx(229,29): error TS2322: Type '{ className: string; }' is not assignable to type 'VariantProps<(props?: (ConfigVariants<{ variant: { default: string; destructive: string; outline: string; secondary: string; ghost: string; link: string; }; size: { default: string; sm: string; lg: string; icon: string; 'icon-sm': string; 'icon-lg': string; }; }> & ClassProp) | undefined) => string> & { ...; }'.
  Property 'className' does not exist on type 'VariantProps<(props?: (ConfigVariants<{ variant: { default: string; destructive: string; outline: string; secondary: string; ghost: string; link: string; }; size: { default: string; sm: string; lg: string; icon: string; 'icon-sm': string; 'icon-lg': string; }; }> & ClassProp) | undefined) => string> & { ...; }'.
app/articles/[slug]/page.tsx(232,19): error TS2339: Property 'div' does not exist on type 'JSX.IntrinsicElements'.
app/articles/[slug]/page.tsx(233,17): error TS2339: Property 'div' does not exist on type 'JSX.IntrinsicElements'.
app/articles/[slug]/page.tsx(236,11): error TS2339: Property 'div' does not exist on type 'JSX.IntrinsicElements'.
app/articles/[slug]/page.tsx(237,9): error TS2339: Property 'section' does not exist on type 'JSX.IntrinsicElements'.
app/articles/[slug]/page.tsx(241,11): error TS2339: Property 'section' does not exist on type 'JSX.IntrinsicElements'.
app/articles/[slug]/page.tsx(242,13): error TS2339: Property 'div' does not exist on type 'JSX.IntrinsicElements'.
app/articles/[slug]/page.tsx(243,15): error TS2339: Property 'h2' does not exist on type 'JSX.IntrinsicElements'.
app/articles/[slug]/page.tsx(245,15): error TS2339: Property 'h2' does not exist on type 'JSX.IntrinsicElements'.
app/articles/[slug]/page.tsx(246,15): error TS2339: Property 'div' does not exist on type 'JSX.IntrinsicElements'.
app/articles/[slug]/page.tsx(248,32): error TS2322: Type '{ key: string; article: Article; }' is not assignable to type 'ArticleCardProps'.
  Property 'key' does not exist on type 'ArticleCardProps'.
app/articles/[slug]/page.tsx(250,15): error TS2339: Property 'div' does not exist on type 'JSX.IntrinsicElements'.
app/articles/[slug]/page.tsx(251,13): error TS2339: Property 'div' does not exist on type 'JSX.IntrinsicElements'.
app/articles/[slug]/page.tsx(252,11): error TS2339: Property 'section' does not exist on type 'JSX.IntrinsicElements'.
app/articles/[slug]/page.tsx(254,7): error TS2339: Property 'main' does not exist on type 'JSX.IntrinsicElements'.
app/articles/[slug]/page.tsx(257,5): error TS2339: Property 'div' does not exist on type 'JSX.IntrinsicElements'.
app/articles/page.tsx(27,5): error TS2339: Property 'div' does not exist on type 'JSX.IntrinsicElements'.
app/articles/page.tsx(30,7): error TS2339: Property 'main' does not exist on type 'JSX.IntrinsicElements'.
app/articles/page.tsx(32,9): error TS2339: Property 'section' does not exist on type 'JSX.IntrinsicElements'.
app/articles/page.tsx(33,11): error TS2339: Property 'div' does not exist on type 'JSX.IntrinsicElements'.
app/articles/page.tsx(34,11): error TS2339: Property 'div' does not exist on type 'JSX.IntrinsicElements'.
app/articles/page.tsx(35,13): error TS2339: Property 'h1' does not exist on type 'JSX.IntrinsicElements'.
app/articles/page.tsx(36,26): error TS2339: Property 'span' does not exist on type 'JSX.IntrinsicElements'.
app/articles/page.tsx(36,73): error TS2339: Property 'span' does not exist on type 'JSX.IntrinsicElements'.
app/articles/page.tsx(37,13): error TS2339: Property 'h1' does not exist on type 'JSX.IntrinsicElements'.
app/articles/page.tsx(38,13): error TS2339: Property 'p' does not exist on type 'JSX.IntrinsicElements'.
app/articles/page.tsx(40,13): error TS2339: Property 'p' does not exist on type 'JSX.IntrinsicElements'.
app/articles/page.tsx(41,11): error TS2339: Property 'div' does not exist on type 'JSX.IntrinsicElements'.
app/articles/page.tsx(42,9): error TS2339: Property 'section' does not exist on type 'JSX.IntrinsicElements'.
app/articles/page.tsx(45,9): error TS2339: Property 'section' does not exist on type 'JSX.IntrinsicElements'.
app/articles/page.tsx(46,11): error TS2339: Property 'div' does not exist on type 'JSX.IntrinsicElements'.
app/articles/page.tsx(47,13): error TS2339: Property 'div' does not exist on type 'JSX.IntrinsicElements'.
app/articles/page.tsx(49,15): error TS2339: Property 'div' does not exist on type 'JSX.IntrinsicElements'.
app/articles/page.tsx(51,17): error TS2339: Property 'input' does not exist on type 'JSX.IntrinsicElements'.
app/articles/page.tsx(55,30): error TS7006: Parameter 'e' implicitly has an 'any' type.
app/articles/page.tsx(58,15): error TS2339: Property 'div' does not exist on type 'JSX.IntrinsicElements'.
app/articles/page.tsx(61,15): error TS2339: Property 'div' does not exist on type 'JSX.IntrinsicElements'.
app/articles/page.tsx(64,21): error TS2322: Type '{ key: string; variant: "default" | "outline"; size: "sm"; onClick: () => void; className: string; }' is not assignable to type 'VariantProps<(props?: (ConfigVariants<{ variant: { default: string; destructive: string; outline: string; secondary: string; ghost: string; link: string; }; size: { default: string; sm: string; lg: string; icon: string; 'icon-sm': string; 'icon-lg': string; }; }> & ClassProp) | undefined) => string> & { ...; }'.
  Property 'key' does not exist on type 'VariantProps<(props?: (ConfigVariants<{ variant: { default: string; destructive: string; outline: string; secondary: string; ghost: string; link: string; }; size: { default: string; sm: string; lg: string; icon: string; 'icon-sm': string; 'icon-lg': string; }; }> & ClassProp) | undefined) => string> & { ...; }'.
app/articles/page.tsx(73,15): error TS2339: Property 'div' does not exist on type 'JSX.IntrinsicElements'.
app/articles/page.tsx(74,13): error TS2339: Property 'div' does not exist on type 'JSX.IntrinsicElements'.
app/articles/page.tsx(75,11): error TS2339: Property 'div' does not exist on type 'JSX.IntrinsicElements'.
app/articles/page.tsx(76,9): error TS2339: Property 'section' does not exist on type 'JSX.IntrinsicElements'.
app/articles/page.tsx(79,9): error TS2339: Property 'section' does not exist on type 'JSX.IntrinsicElements'.
app/articles/page.tsx(80,11): error TS2339: Property 'div' does not exist on type 'JSX.IntrinsicElements'.
app/articles/page.tsx(81,13): error TS2339: Property 'div' does not exist on type 'JSX.IntrinsicElements'.
app/articles/page.tsx(82,15): error TS2339: Property 'p' does not exist on type 'JSX.IntrinsicElements'.
app/articles/page.tsx(83,25): error TS2339: Property 'span' does not exist on type 'JSX.IntrinsicElements'.
app/articles/page.tsx(83,96): error TS2339: Property 'span' does not exist on type 'JSX.IntrinsicElements'.
app/articles/page.tsx(84,15): error TS2339: Property 'p' does not exist on type 'JSX.IntrinsicElements'.
app/articles/page.tsx(85,13): error TS2339: Property 'div' does not exist on type 'JSX.IntrinsicElements'.
app/articles/page.tsx(88,15): error TS2339: Property 'div' does not exist on type 'JSX.IntrinsicElements'.
app/articles/page.tsx(90,32): error TS2322: Type '{ key: string; article: Article; }' is not assignable to type 'ArticleCardProps'.
  Property 'key' does not exist on type 'ArticleCardProps'.
app/articles/page.tsx(92,15): error TS2339: Property 'div' does not exist on type 'JSX.IntrinsicElements'.
app/articles/page.tsx(94,15): error TS2339: Property 'div' does not exist on type 'JSX.IntrinsicElements'.
app/articles/page.tsx(96,17): error TS2339: Property 'h3' does not exist on type 'JSX.IntrinsicElements'.
app/articles/page.tsx(96,88): error TS2339: Property 'h3' does not exist on type 'JSX.IntrinsicElements'.
app/articles/page.tsx(97,17): error TS2339: Property 'p' does not exist on type 'JSX.IntrinsicElements'.
app/articles/page.tsx(99,17): error TS2339: Property 'p' does not exist on type 'JSX.IntrinsicElements'.
app/articles/page.tsx(102,19): error TS2322: Type '{ variant: "outline"; onClick: () => void; className: string; }' is not assignable to type 'VariantProps<(props?: (ConfigVariants<{ variant: { default: string; destructive: string; outline: string; secondary: string; ghost: string; link: string; }; size: { default: string; sm: string; lg: string; icon: string; 'icon-sm': string; 'icon-lg': string; }; }> & ClassProp) | undefined) => string> & { ...; }'.
  Property 'onClick' does not exist on type 'VariantProps<(props?: (ConfigVariants<{ variant: { default: string; destructive: string; outline: string; secondary: string; ghost: string; link: string; }; size: { default: string; sm: string; lg: string; icon: string; 'icon-sm': string; 'icon-lg': string; }; }> & ClassProp) | undefined) => string> & { ...; }'.
app/articles/page.tsx(110,15): error TS2339: Property 'div' does not exist on type 'JSX.IntrinsicElements'.
app/articles/page.tsx(112,11): error TS2339: Property 'div' does not exist on type 'JSX.IntrinsicElements'.
app/articles/page.tsx(113,9): error TS2339: Property 'section' does not exist on type 'JSX.IntrinsicElements'.
app/articles/page.tsx(114,7): error TS2339: Property 'main' does not exist on type 'JSX.IntrinsicElements'.
app/articles/page.tsx(117,5): error TS2339: Property 'div' does not exist on type 'JSX.IntrinsicElements'.
app/layout.tsx(52,5): error TS2339: Property 'html' does not exist on type 'JSX.IntrinsicElements'.
app/layout.tsx(53,7): error TS2339: Property 'body' does not exist on type 'JSX.IntrinsicElements'.
app/layout.tsx(56,7): error TS2339: Property 'body' does not exist on type 'JSX.IntrinsicElements'.
app/layout.tsx(57,5): error TS2339: Property 'html' does not exist on type 'JSX.IntrinsicElements'.
app/login/page.tsx(32,5): error TS2339: Property 'div' does not exist on type 'JSX.IntrinsicElements'.
app/login/page.tsx(34,7): error TS2339: Property 'div' does not exist on type 'JSX.IntrinsicElements'.
app/login/page.tsx(35,7): error TS2339: Property 'div' does not exist on type 'JSX.IntrinsicElements'.
app/login/page.tsx(36,7): error TS2339: Property 'div' does not exist on type 'JSX.IntrinsicElements'.
app/login/page.tsx(38,7): error TS2339: Property 'div' does not exist on type 'JSX.IntrinsicElements'.
app/login/page.tsx(39,15): error TS2322: Type '{ className: string; }' is not assignable to type '{}'.
  Property 'className' does not exist on type '{}'.
app/login/page.tsx(40,23): error TS2322: Type '{ className: string; }' is not assignable to type '{}'.
  Property 'className' does not exist on type '{}'.
app/login/page.tsx(43,15): error TS2339: Property 'div' does not exist on type 'JSX.IntrinsicElements'.
app/login/page.tsx(45,15): error TS2339: Property 'div' does not exist on type 'JSX.IntrinsicElements'.
app/login/page.tsx(46,15): error TS2339: Property 'span' does not exist on type 'JSX.IntrinsicElements'.
app/login/page.tsx(48,15): error TS2339: Property 'span' does not exist on type 'JSX.IntrinsicElements'.
app/login/page.tsx(51,13): error TS2339: Property 'h1' does not exist on type 'JSX.IntrinsicElements'.
app/login/page.tsx(53,13): error TS2339: Property 'h1' does not exist on type 'JSX.IntrinsicElements'.
app/login/page.tsx(54,13): error TS2339: Property 'p' does not exist on type 'JSX.IntrinsicElements'.
app/login/page.tsx(56,13): error TS2339: Property 'p' does not exist on type 'JSX.IntrinsicElements'.
app/login/page.tsx(59,24): error TS2322: Type '{ className: string; }' is not assignable to type '{}'.
  Property 'className' does not exist on type '{}'.
app/login/page.tsx(60,13): error TS2339: Property 'form' does not exist on type 'JSX.IntrinsicElements'.
app/login/page.tsx(62,15): error TS2339: Property 'div' does not exist on type 'JSX.IntrinsicElements'.
app/login/page.tsx(63,17): error TS2339: Property 'label' does not exist on type 'JSX.IntrinsicElements'.
app/login/page.tsx(65,17): error TS2339: Property 'label' does not exist on type 'JSX.IntrinsicElements'.
app/login/page.tsx(66,17): error TS2339: Property 'div' does not exist on type 'JSX.IntrinsicElements'.
app/login/page.tsx(68,19): error TS2339: Property 'input' does not exist on type 'JSX.IntrinsicElements'.
app/login/page.tsx(73,32): error TS7006: Parameter 'e' implicitly has an 'any' type.
app/login/page.tsx(77,17): error TS2339: Property 'div' does not exist on type 'JSX.IntrinsicElements'.
app/login/page.tsx(78,15): error TS2339: Property 'div' does not exist on type 'JSX.IntrinsicElements'.
app/login/page.tsx(81,15): error TS2339: Property 'div' does not exist on type 'JSX.IntrinsicElements'.
app/login/page.tsx(82,17): error TS2339: Property 'div' does not exist on type 'JSX.IntrinsicElements'.
app/login/page.tsx(83,19): error TS2339: Property 'label' does not exist on type 'JSX.IntrinsicElements'.
app/login/page.tsx(85,19): error TS2339: Property 'label' does not exist on type 'JSX.IntrinsicElements'.
app/login/page.tsx(89,17): error TS2339: Property 'div' does not exist on type 'JSX.IntrinsicElements'.
app/login/page.tsx(90,17): error TS2339: Property 'div' does not exist on type 'JSX.IntrinsicElements'.
app/login/page.tsx(92,19): error TS2339: Property 'input' does not exist on type 'JSX.IntrinsicElements'.
app/login/page.tsx(97,32): error TS7006: Parameter 'e' implicitly has an 'any' type.
app/login/page.tsx(101,19): error TS2339: Property 'button' does not exist on type 'JSX.IntrinsicElements'.
app/login/page.tsx(111,19): error TS2339: Property 'button' does not exist on type 'JSX.IntrinsicElements'.
app/login/page.tsx(112,17): error TS2339: Property 'div' does not exist on type 'JSX.IntrinsicElements'.
app/login/page.tsx(113,15): error TS2339: Property 'div' does not exist on type 'JSX.IntrinsicElements'.
app/login/page.tsx(117,17): error TS2322: Type '{ type: string; disabled: boolean; className: string; }' is not assignable to type 'VariantProps<(props?: (ConfigVariants<{ variant: { default: string; destructive: string; outline: string; secondary: string; ghost: string; link: string; }; size: { default: string; sm: string; lg: string; icon: string; 'icon-sm': string; 'icon-lg': string; }; }> & ClassProp) | undefined) => string> & { ...; }'.
  Property 'type' does not exist on type 'VariantProps<(props?: (ConfigVariants<{ variant: { default: string; destructive: string; outline: string; secondary: string; ghost: string; link: string; }; size: { default: string; sm: string; lg: string; icon: string; 'icon-sm': string; 'icon-lg': string; }; }> & ClassProp) | undefined) => string> & { ...; }'.
app/login/page.tsx(123,13): error TS2339: Property 'form' does not exist on type 'JSX.IntrinsicElements'.
app/login/page.tsx(126,13): error TS2339: Property 'div' does not exist on type 'JSX.IntrinsicElements'.
app/login/page.tsx(127,15): error TS2339: Property 'div' does not exist on type 'JSX.IntrinsicElements'.
app/login/page.tsx(128,17): error TS2339: Property 'div' does not exist on type 'JSX.IntrinsicElements'.
app/login/page.tsx(129,15): error TS2339: Property 'div' does not exist on type 'JSX.IntrinsicElements'.
app/login/page.tsx(130,15): error TS2339: Property 'div' does not exist on type 'JSX.IntrinsicElements'.
app/login/page.tsx(131,17): error TS2339: Property 'span' does not exist on type 'JSX.IntrinsicElements'.
app/login/page.tsx(131,86): error TS2339: Property 'span' does not exist on type 'JSX.IntrinsicElements'.
app/login/page.tsx(132,15): error TS2339: Property 'div' does not exist on type 'JSX.IntrinsicElements'.
app/login/page.tsx(133,13): error TS2339: Property 'div' does not exist on type 'JSX.IntrinsicElements'.
app/login/page.tsx(136,13): error TS2339: Property 'div' does not exist on type 'JSX.IntrinsicElements'.
app/login/page.tsx(137,41): error TS2322: Type '{ variant: "outline"; type: string; className: string; }' is not assignable to type 'VariantProps<(props?: (ConfigVariants<{ variant: { default: string; destructive: string; outline: string; secondary: string; ghost: string; link: string; }; size: { default: string; sm: string; lg: string; icon: string; 'icon-sm': string; 'icon-lg': string; }; }> & ClassProp) | undefined) => string> & { ...; }'.
  Property 'type' does not exist on type 'VariantProps<(props?: (ConfigVariants<{ variant: { default: string; destructive: string; outline: string; secondary: string; ghost: string; link: string; }; size: { default: string; sm: string; lg: string; icon: string; 'icon-sm': string; 'icon-lg': string; }; }> & ClassProp) | undefined) => string> & { ...; }'.
app/login/page.tsx(138,17): error TS2339: Property 'svg' does not exist on type 'JSX.IntrinsicElements'.
app/login/page.tsx(139,19): error TS2339: Property 'path' does not exist on type 'JSX.IntrinsicElements'.
app/login/page.tsx(143,19): error TS2339: Property 'path' does not exist on type 'JSX.IntrinsicElements'.
app/login/page.tsx(147,19): error TS2339: Property 'path' does not exist on type 'JSX.IntrinsicElements'.
app/login/page.tsx(151,19): error TS2339: Property 'path' does not exist on type 'JSX.IntrinsicElements'.
app/login/page.tsx(155,17): error TS2339: Property 'svg' does not exist on type 'JSX.IntrinsicElements'.
app/login/page.tsx(158,41): error TS2322: Type '{ variant: "outline"; type: string; className: string; }' is not assignable to type 'VariantProps<(props?: (ConfigVariants<{ variant: { default: string; destructive: string; outline: string; secondary: string; ghost: string; link: string; }; size: { default: string; sm: string; lg: string; icon: string; 'icon-sm': string; 'icon-lg': string; }; }> & ClassProp) | undefined) => string> & { ...; }'.
  Property 'type' does not exist on type 'VariantProps<(props?: (ConfigVariants<{ variant: { default: string; destructive: string; outline: string; secondary: string; ghost: string; link: string; }; size: { default: string; sm: string; lg: string; icon: string; 'icon-sm': string; 'icon-lg': string; }; }> & ClassProp) | undefined) => string> & { ...; }'.
app/login/page.tsx(159,17): error TS2339: Property 'svg' does not exist on type 'JSX.IntrinsicElements'.
app/login/page.tsx(160,19): error TS2339: Property 'path' does not exist on type 'JSX.IntrinsicElements'.
app/login/page.tsx(161,17): error TS2339: Property 'svg' does not exist on type 'JSX.IntrinsicElements'.
app/login/page.tsx(164,13): error TS2339: Property 'div' does not exist on type 'JSX.IntrinsicElements'.
app/login/page.tsx(167,13): error TS2339: Property 'p' does not exist on type 'JSX.IntrinsicElements'.
app/login/page.tsx(172,13): error TS2339: Property 'p' does not exist on type 'JSX.IntrinsicElements'.
app/login/page.tsx(175,7): error TS2339: Property 'div' does not exist on type 'JSX.IntrinsicElements'.
app/login/page.tsx(178,7): error TS2339: Property 'div' does not exist on type 'JSX.IntrinsicElements'.
app/login/page.tsx(182,7): error TS2339: Property 'div' does not exist on type 'JSX.IntrinsicElements'.
app/login/page.tsx(183,5): error TS2339: Property 'div' does not exist on type 'JSX.IntrinsicElements'.
app/page.tsx(36,5): error TS2339: Property 'div' does not exist on type 'JSX.IntrinsicElements'.
app/page.tsx(39,7): error TS2339: Property 'main' does not exist on type 'JSX.IntrinsicElements'.
app/page.tsx(41,9): error TS2339: Property 'section' does not exist on type 'JSX.IntrinsicElements'.
app/page.tsx(46,11): error TS2339: Property 'div' does not exist on type 'JSX.IntrinsicElements'.
app/page.tsx(47,11): error TS2339: Property 'div' does not exist on type 'JSX.IntrinsicElements'.
app/page.tsx(48,11): error TS2339: Property 'div' does not exist on type 'JSX.IntrinsicElements'.
app/page.tsx(50,11): error TS2339: Property 'div' does not exist on type 'JSX.IntrinsicElements'.
app/page.tsx(51,13): error TS2339: Property 'div' does not exist on type 'JSX.IntrinsicElements'.
app/page.tsx(52,15): error TS2339: Property 'h1' does not exist on type 'JSX.IntrinsicElements'.
app/page.tsx(54,17): error TS2339: Property 'span' does not exist on type 'JSX.IntrinsicElements'.
app/page.tsx(54,73): error TS2339: Property 'span' does not exist on type 'JSX.IntrinsicElements'.
app/page.tsx(55,15): error TS2339: Property 'h1' does not exist on type 'JSX.IntrinsicElements'.
app/page.tsx(56,15): error TS2339: Property 'p' does not exist on type 'JSX.IntrinsicElements'.
app/page.tsx(58,15): error TS2339: Property 'p' does not exist on type 'JSX.IntrinsicElements'.
app/page.tsx(59,15): error TS2339: Property 'div' does not exist on type 'JSX.IntrinsicElements'.
app/page.tsx(61,37): error TS2322: Type '{ size: "lg"; className: string; }' is not assignable to type 'VariantProps<(props?: (ConfigVariants<{ variant: { default: string; destructive: string; outline: string; secondary: string; ghost: string; link: string; }; size: { default: string; sm: string; lg: string; icon: string; 'icon-sm': string; 'icon-lg': string; }; }> & ClassProp) | undefined) => string> & { ...; }'.
  Property 'className' does not exist on type 'VariantProps<(props?: (ConfigVariants<{ variant: { default: string; destructive: string; outline: string; secondary: string; ghost: string; link: string; }; size: { default: string; sm: string; lg: string; icon: string; 'icon-sm': string; 'icon-lg': string; }; }> & ClassProp) | undefined) => string> & { ...; }'.
app/page.tsx(67,55): error TS2322: Type '{ size: "lg"; variant: "outline"; className: string; }' is not assignable to type 'VariantProps<(props?: (ConfigVariants<{ variant: { default: string; destructive: string; outline: string; secondary: string; ghost: string; link: string; }; size: { default: string; sm: string; lg: string; icon: string; 'icon-sm': string; 'icon-lg': string; }; }> & ClassProp) | undefined) => string> & { ...; }'.
  Property 'className' does not exist on type 'VariantProps<(props?: (ConfigVariants<{ variant: { default: string; destructive: string; outline: string; secondary: string; ghost: string; link: string; }; size: { default: string; sm: string; lg: string; icon: string; 'icon-sm': string; 'icon-lg': string; }; }> & ClassProp) | undefined) => string> & { ...; }'.
app/page.tsx(71,15): error TS2339: Property 'div' does not exist on type 'JSX.IntrinsicElements'.
app/page.tsx(72,13): error TS2339: Property 'div' does not exist on type 'JSX.IntrinsicElements'.
app/page.tsx(75,13): error TS2339: Property 'div' does not exist on type 'JSX.IntrinsicElements'.
app/page.tsx(82,17): error TS2339: Property 'div' does not exist on type 'JSX.IntrinsicElements'.
app/page.tsx(83,19): error TS2339: Property 'p' does not exist on type 'JSX.IntrinsicElements'.
app/page.tsx(83,113): error TS2339: Property 'p' does not exist on type 'JSX.IntrinsicElements'.
app/page.tsx(84,19): error TS2339: Property 'p' does not exist on type 'JSX.IntrinsicElements'.
app/page.tsx(84,81): error TS2339: Property 'p' does not exist on type 'JSX.IntrinsicElements'.
app/page.tsx(85,17): error TS2339: Property 'div' does not exist on type 'JSX.IntrinsicElements'.
app/page.tsx(87,13): error TS2339: Property 'div' does not exist on type 'JSX.IntrinsicElements'.
app/page.tsx(88,11): error TS2339: Property 'div' does not exist on type 'JSX.IntrinsicElements'.
app/page.tsx(89,9): error TS2339: Property 'section' does not exist on type 'JSX.IntrinsicElements'.
app/page.tsx(92,9): error TS2339: Property 'section' does not exist on type 'JSX.IntrinsicElements'.
app/page.tsx(93,11): error TS2339: Property 'div' does not exist on type 'JSX.IntrinsicElements'.
app/page.tsx(94,13): error TS2339: Property 'div' does not exist on type 'JSX.IntrinsicElements'.
app/page.tsx(95,15): error TS2339: Property 'h2' does not exist on type 'JSX.IntrinsicElements'.
app/page.tsx(97,15): error TS2339: Property 'h2' does not exist on type 'JSX.IntrinsicElements'.
app/page.tsx(98,15): error TS2339: Property 'p' does not exist on type 'JSX.IntrinsicElements'.
app/page.tsx(100,15): error TS2339: Property 'p' does not exist on type 'JSX.IntrinsicElements'.
app/page.tsx(101,13): error TS2339: Property 'div' does not exist on type 'JSX.IntrinsicElements'.
app/page.tsx(103,13): error TS2339: Property 'div' does not exist on type 'JSX.IntrinsicElements'.
app/page.tsx(105,17): error TS2339: Property 'div' does not exist on type 'JSX.IntrinsicElements'.
app/page.tsx(109,19): error TS2339: Property 'div' does not exist on type 'JSX.IntrinsicElements'.
app/page.tsx(111,19): error TS2339: Property 'div' does not exist on type 'JSX.IntrinsicElements'.
app/page.tsx(112,19): error TS2339: Property 'h3' does not exist on type 'JSX.IntrinsicElements'.
app/page.tsx(114,19): error TS2339: Property 'h3' does not exist on type 'JSX.IntrinsicElements'.
app/page.tsx(115,19): error TS2339: Property 'p' does not exist on type 'JSX.IntrinsicElements'.
app/page.tsx(117,19): error TS2339: Property 'p' does not exist on type 'JSX.IntrinsicElements'.
app/page.tsx(118,17): error TS2339: Property 'div' does not exist on type 'JSX.IntrinsicElements'.
app/page.tsx(120,13): error TS2339: Property 'div' does not exist on type 'JSX.IntrinsicElements'.
app/page.tsx(121,11): error TS2339: Property 'div' does not exist on type 'JSX.IntrinsicElements'.
app/page.tsx(122,9): error TS2339: Property 'section' does not exist on type 'JSX.IntrinsicElements'.
app/page.tsx(125,9): error TS2339: Property 'section' does not exist on type 'JSX.IntrinsicElements'.
app/page.tsx(126,11): error TS2339: Property 'div' does not exist on type 'JSX.IntrinsicElements'.
app/page.tsx(127,13): error TS2339: Property 'div' does not exist on type 'JSX.IntrinsicElements'.
app/page.tsx(128,15): error TS2339: Property 'div' does not exist on type 'JSX.IntrinsicElements'.
app/page.tsx(129,17): error TS2339: Property 'h2' does not exist on type 'JSX.IntrinsicElements'.
app/page.tsx(131,17): error TS2339: Property 'h2' does not exist on type 'JSX.IntrinsicElements'.
app/page.tsx(132,17): error TS2339: Property 'p' does not exist on type 'JSX.IntrinsicElements'.
app/page.tsx(134,17): error TS2339: Property 'p' does not exist on type 'JSX.IntrinsicElements'.
app/page.tsx(135,15): error TS2339: Property 'div' does not exist on type 'JSX.IntrinsicElements'.
app/page.tsx(137,43): error TS2322: Type '{ variant: "outline"; className: string; }' is not assignable to type 'VariantProps<(props?: (ConfigVariants<{ variant: { default: string; destructive: string; outline: string; secondary: string; ghost: string; link: string; }; size: { default: string; sm: string; lg: string; icon: string; 'icon-sm': string; 'icon-lg': string; }; }> & ClassProp) | undefined) => string> & { ...; }'.
  Property 'className' does not exist on type 'VariantProps<(props?: (ConfigVariants<{ variant: { default: string; destructive: string; outline: string; secondary: string; ghost: string; link: string; }; size: { default: string; sm: string; lg: string; icon: string; 'icon-sm': string; 'icon-lg': string; }; }> & ClassProp) | undefined) => string> & { ...; }'.
app/page.tsx(142,13): error TS2339: Property 'div' does not exist on type 'JSX.IntrinsicElements'.
app/page.tsx(144,13): error TS2339: Property 'div' does not exist on type 'JSX.IntrinsicElements'.
app/page.tsx(146,30): error TS2322: Type '{ key: string; airdrop: Airdrop; featured: true; }' is not assignable to type 'AirdropCardProps'.
  Property 'key' does not exist on type 'AirdropCardProps'.
app/page.tsx(148,13): error TS2339: Property 'div' does not exist on type 'JSX.IntrinsicElements'.
app/page.tsx(150,13): error TS2339: Property 'div' does not exist on type 'JSX.IntrinsicElements'.
app/page.tsx(152,43): error TS2322: Type '{ variant: "outline"; className: string; }' is not assignable to type 'VariantProps<(props?: (ConfigVariants<{ variant: { default: string; destructive: string; outline: string; secondary: string; ghost: string; link: string; }; size: { default: string; sm: string; lg: string; icon: string; 'icon-sm': string; 'icon-lg': string; }; }> & ClassProp) | undefined) => string> & { ...; }'.
  Property 'className' does not exist on type 'VariantProps<(props?: (ConfigVariants<{ variant: { default: string; destructive: string; outline: string; secondary: string; ghost: string; link: string; }; size: { default: string; sm: string; lg: string; icon: string; 'icon-sm': string; 'icon-lg': string; }; }> & ClassProp) | undefined) => string> & { ...; }'.
app/page.tsx(157,13): error TS2339: Property 'div' does not exist on type 'JSX.IntrinsicElements'.
app/page.tsx(158,11): error TS2339: Property 'div' does not exist on type 'JSX.IntrinsicElements'.
app/page.tsx(159,9): error TS2339: Property 'section' does not exist on type 'JSX.IntrinsicElements'.
app/page.tsx(162,9): error TS2339: Property 'section' does not exist on type 'JSX.IntrinsicElements'.
app/page.tsx(163,11): error TS2339: Property 'div' does not exist on type 'JSX.IntrinsicElements'.
app/page.tsx(164,13): error TS2339: Property 'div' does not exist on type 'JSX.IntrinsicElements'.
app/page.tsx(165,15): error TS2339: Property 'div' does not exist on type 'JSX.IntrinsicElements'.
app/page.tsx(166,15): error TS2339: Property 'div' does not exist on type 'JSX.IntrinsicElements'.
app/page.tsx(168,15): error TS2339: Property 'div' does not exist on type 'JSX.IntrinsicElements'.
app/page.tsx(169,17): error TS2339: Property 'div' does not exist on type 'JSX.IntrinsicElements'.
app/page.tsx(170,19): error TS2339: Property 'h2' does not exist on type 'JSX.IntrinsicElements'.
app/page.tsx(172,19): error TS2339: Property 'h2' does not exist on type 'JSX.IntrinsicElements'.
app/page.tsx(173,19): error TS2339: Property 'p' does not exist on type 'JSX.IntrinsicElements'.
app/page.tsx(175,19): error TS2339: Property 'p' does not exist on type 'JSX.IntrinsicElements'.
app/page.tsx(176,17): error TS2339: Property 'div' does not exist on type 'JSX.IntrinsicElements'.
app/page.tsx(177,17): error TS2339: Property 'div' does not exist on type 'JSX.IntrinsicElements'.
app/page.tsx(178,19): error TS2339: Property 'input' does not exist on type 'JSX.IntrinsicElements'.
app/page.tsx(183,27): error TS2322: Type '{ className: string; }' is not assignable to type 'VariantProps<(props?: (ConfigVariants<{ variant: { default: string; destructive: string; outline: string; secondary: string; ghost: string; link: string; }; size: { default: string; sm: string; lg: string; icon: string; 'icon-sm': string; 'icon-lg': string; }; }> & ClassProp) | undefined) => string> & { ...; }'.
  Property 'className' does not exist on type 'VariantProps<(props?: (ConfigVariants<{ variant: { default: string; destructive: string; outline: string; secondary: string; ghost: string; link: string; }; size: { default: string; sm: string; lg: string; icon: string; 'icon-sm': string; 'icon-lg': string; }; }> & ClassProp) | undefined) => string> & { ...; }'.
app/page.tsx(186,17): error TS2339: Property 'div' does not exist on type 'JSX.IntrinsicElements'.
app/page.tsx(187,15): error TS2339: Property 'div' does not exist on type 'JSX.IntrinsicElements'.
app/page.tsx(188,13): error TS2339: Property 'div' does not exist on type 'JSX.IntrinsicElements'.
app/page.tsx(189,11): error TS2339: Property 'div' does not exist on type 'JSX.IntrinsicElements'.
app/page.tsx(190,9): error TS2339: Property 'section' does not exist on type 'JSX.IntrinsicElements'.
app/page.tsx(193,9): error TS2339: Property 'section' does not exist on type 'JSX.IntrinsicElements'.
app/page.tsx(194,11): error TS2339: Property 'div' does not exist on type 'JSX.IntrinsicElements'.
app/page.tsx(195,13): error TS2339: Property 'div' does not exist on type 'JSX.IntrinsicElements'.
app/page.tsx(196,15): error TS2339: Property 'div' does not exist on type 'JSX.IntrinsicElements'.
app/page.tsx(197,17): error TS2339: Property 'h2' does not exist on type 'JSX.IntrinsicElements'.
app/page.tsx(199,17): error TS2339: Property 'h2' does not exist on type 'JSX.IntrinsicElements'.
app/page.tsx(200,17): error TS2339: Property 'p' does not exist on type 'JSX.IntrinsicElements'.
app/page.tsx(202,17): error TS2339: Property 'p' does not exist on type 'JSX.IntrinsicElements'.
app/page.tsx(203,15): error TS2339: Property 'div' does not exist on type 'JSX.IntrinsicElements'.
app/page.tsx(205,43): error TS2322: Type '{ variant: "outline"; className: string; }' is not assignable to type 'VariantProps<(props?: (ConfigVariants<{ variant: { default: string; destructive: string; outline: string; secondary: string; ghost: string; link: string; }; size: { default: string; sm: string; lg: string; icon: string; 'icon-sm': string; 'icon-lg': string; }; }> & ClassProp) | undefined) => string> & { ...; }'.
  Property 'className' does not exist on type 'VariantProps<(props?: (ConfigVariants<{ variant: { default: string; destructive: string; outline: string; secondary: string; ghost: string; link: string; }; size: { default: string; sm: string; lg: string; icon: string; 'icon-sm': string; 'icon-lg': string; }; }> & ClassProp) | undefined) => string> & { ...; }'.
app/page.tsx(210,13): error TS2339: Property 'div' does not exist on type 'JSX.IntrinsicElements'.
app/page.tsx(212,13): error TS2339: Property 'div' does not exist on type 'JSX.IntrinsicElements'.
app/page.tsx(214,30): error TS2322: Type '{ key: string; article: Article; }' is not assignable to type 'ArticleCardProps'.
  Property 'key' does not exist on type 'ArticleCardProps'.
app/page.tsx(216,13): error TS2339: Property 'div' does not exist on type 'JSX.IntrinsicElements'.
app/page.tsx(218,13): error TS2339: Property 'div' does not exist on type 'JSX.IntrinsicElements'.
app/page.tsx(220,43): error TS2322: Type '{ variant: "outline"; className: string; }' is not assignable to type 'VariantProps<(props?: (ConfigVariants<{ variant: { default: string; destructive: string; outline: string; secondary: string; ghost: string; link: string; }; size: { default: string; sm: string; lg: string; icon: string; 'icon-sm': string; 'icon-lg': string; }; }> & ClassProp) | undefined) => string> & { ...; }'.
  Property 'className' does not exist on type 'VariantProps<(props?: (ConfigVariants<{ variant: { default: string; destructive: string; outline: string; secondary: string; ghost: string; link: string; }; size: { default: string; sm: string; lg: string; icon: string; 'icon-sm': string; 'icon-lg': string; }; }> & ClassProp) | undefined) => string> & { ...; }'.
app/page.tsx(225,13): error TS2339: Property 'div' does not exist on type 'JSX.IntrinsicElements'.
app/page.tsx(226,11): error TS2339: Property 'div' does not exist on type 'JSX.IntrinsicElements'.
app/page.tsx(227,9): error TS2339: Property 'section' does not exist on type 'JSX.IntrinsicElements'.
app/page.tsx(228,7): error TS2339: Property 'main' does not exist on type 'JSX.IntrinsicElements'.
app/page.tsx(231,5): error TS2339: Property 'div' does not exist on type 'JSX.IntrinsicElements'.
app/signup/page.tsx(40,5): error TS2339: Property 'div' does not exist on type 'JSX.IntrinsicElements'.
app/signup/page.tsx(42,7): error TS2339: Property 'div' does not exist on type 'JSX.IntrinsicElements'.
app/signup/page.tsx(43,9): error TS2339: Property 'div' does not exist on type 'JSX.IntrinsicElements'.
app/signup/page.tsx(44,9): error TS2339: Property 'div' does not exist on type 'JSX.IntrinsicElements'.
app/signup/page.tsx(45,9): error TS2339: Property 'div' does not exist on type 'JSX.IntrinsicElements'.
app/signup/page.tsx(47,9): error TS2339: Property 'div' does not exist on type 'JSX.IntrinsicElements'.
app/signup/page.tsx(49,13): error TS2339: Property 'div' does not exist on type 'JSX.IntrinsicElements'.
app/signup/page.tsx(51,13): error TS2339: Property 'div' does not exist on type 'JSX.IntrinsicElements'.
app/signup/page.tsx(52,13): error TS2339: Property 'span' does not exist on type 'JSX.IntrinsicElements'.
app/signup/page.tsx(54,13): error TS2339: Property 'span' does not exist on type 'JSX.IntrinsicElements'.
app/signup/page.tsx(57,11): error TS2339: Property 'h2' does not exist on type 'JSX.IntrinsicElements'.
app/signup/page.tsx(59,11): error TS2339: Property 'h2' does not exist on type 'JSX.IntrinsicElements'.
app/signup/page.tsx(60,11): error TS2339: Property 'p' does not exist on type 'JSX.IntrinsicElements'.
app/signup/page.tsx(62,11): error TS2339: Property 'p' does not exist on type 'JSX.IntrinsicElements'.
app/signup/page.tsx(64,11): error TS2339: Property 'ul' does not exist on type 'JSX.IntrinsicElements'.
app/signup/page.tsx(66,15): error TS2339: Property 'li' does not exist on type 'JSX.IntrinsicElements'.
app/signup/page.tsx(67,17): error TS2339: Property 'div' does not exist on type 'JSX.IntrinsicElements'.
app/signup/page.tsx(69,17): error TS2339: Property 'div' does not exist on type 'JSX.IntrinsicElements'.
app/signup/page.tsx(70,17): error TS2339: Property 'span' does not exist on type 'JSX.IntrinsicElements'.
app/signup/page.tsx(70,60): error TS2339: Property 'span' does not exist on type 'JSX.IntrinsicElements'.
app/signup/page.tsx(71,15): error TS2339: Property 'li' does not exist on type 'JSX.IntrinsicElements'.
app/signup/page.tsx(73,11): error TS2339: Property 'ul' does not exist on type 'JSX.IntrinsicElements'.
app/signup/page.tsx(75,11): error TS2339: Property 'div' does not exist on type 'JSX.IntrinsicElements'.
app/signup/page.tsx(76,13): error TS2339: Property 'p' does not exist on type 'JSX.IntrinsicElements'.
app/signup/page.tsx(77,26): error TS2339: Property 'span' does not exist on type 'JSX.IntrinsicElements'.
app/signup/page.tsx(77,78): error TS2339: Property 'span' does not exist on type 'JSX.IntrinsicElements'.
app/signup/page.tsx(78,13): error TS2339: Property 'p' does not exist on type 'JSX.IntrinsicElements'.
app/signup/page.tsx(79,11): error TS2339: Property 'div' does not exist on type 'JSX.IntrinsicElements'.
app/signup/page.tsx(80,9): error TS2339: Property 'div' does not exist on type 'JSX.IntrinsicElements'.
app/signup/page.tsx(81,7): error TS2339: Property 'div' does not exist on type 'JSX.IntrinsicElements'.
app/signup/page.tsx(84,7): error TS2339: Property 'div' does not exist on type 'JSX.IntrinsicElements'.
app/signup/page.tsx(86,9): error TS2339: Property 'div' does not exist on type 'JSX.IntrinsicElements'.
app/signup/page.tsx(87,9): error TS2339: Property 'div' does not exist on type 'JSX.IntrinsicElements'.
app/signup/page.tsx(89,9): error TS2339: Property 'div' does not exist on type 'JSX.IntrinsicElements'.
app/signup/page.tsx(90,17): error TS2322: Type '{ className: string; }' is not assignable to type '{}'.
  Property 'className' does not exist on type '{}'.
app/signup/page.tsx(91,25): error TS2322: Type '{ className: string; }' is not assignable to type '{}'.
  Property 'className' does not exist on type '{}'.
app/signup/page.tsx(94,17): error TS2339: Property 'div' does not exist on type 'JSX.IntrinsicElements'.
app/signup/page.tsx(96,17): error TS2339: Property 'div' does not exist on type 'JSX.IntrinsicElements'.
app/signup/page.tsx(97,17): error TS2339: Property 'span' does not exist on type 'JSX.IntrinsicElements'.
app/signup/page.tsx(99,17): error TS2339: Property 'span' does not exist on type 'JSX.IntrinsicElements'.
app/signup/page.tsx(102,15): error TS2339: Property 'h1' does not exist on type 'JSX.IntrinsicElements'.
app/signup/page.tsx(104,15): error TS2339: Property 'h1' does not exist on type 'JSX.IntrinsicElements'.
app/signup/page.tsx(105,15): error TS2339: Property 'p' does not exist on type 'JSX.IntrinsicElements'.
app/signup/page.tsx(107,15): error TS2339: Property 'p' does not exist on type 'JSX.IntrinsicElements'.
app/signup/page.tsx(110,26): error TS2322: Type '{ className: string; }' is not assignable to type '{}'.
  Property 'className' does not exist on type '{}'.
app/signup/page.tsx(111,15): error TS2339: Property 'form' does not exist on type 'JSX.IntrinsicElements'.
app/signup/page.tsx(113,17): error TS2339: Property 'div' does not exist on type 'JSX.IntrinsicElements'.
app/signup/page.tsx(114,19): error TS2339: Property 'label' does not exist on type 'JSX.IntrinsicElements'.
app/signup/page.tsx(116,19): error TS2339: Property 'label' does not exist on type 'JSX.IntrinsicElements'.
app/signup/page.tsx(117,19): error TS2339: Property 'div' does not exist on type 'JSX.IntrinsicElements'.
app/signup/page.tsx(119,21): error TS2339: Property 'input' does not exist on type 'JSX.IntrinsicElements'.
app/signup/page.tsx(124,34): error TS7006: Parameter 'e' implicitly has an 'any' type.
app/signup/page.tsx(128,19): error TS2339: Property 'div' does not exist on type 'JSX.IntrinsicElements'.
app/signup/page.tsx(129,17): error TS2339: Property 'div' does not exist on type 'JSX.IntrinsicElements'.
app/signup/page.tsx(132,17): error TS2339: Property 'div' does not exist on type 'JSX.IntrinsicElements'.
app/signup/page.tsx(133,19): error TS2339: Property 'label' does not exist on type 'JSX.IntrinsicElements'.
app/signup/page.tsx(135,19): error TS2339: Property 'label' does not exist on type 'JSX.IntrinsicElements'.
app/signup/page.tsx(136,19): error TS2339: Property 'div' does not exist on type 'JSX.IntrinsicElements'.
app/signup/page.tsx(138,21): error TS2339: Property 'input' does not exist on type 'JSX.IntrinsicElements'.
app/signup/page.tsx(143,34): error TS7006: Parameter 'e' implicitly has an 'any' type.
app/signup/page.tsx(147,19): error TS2339: Property 'div' does not exist on type 'JSX.IntrinsicElements'.
app/signup/page.tsx(148,17): error TS2339: Property 'div' does not exist on type 'JSX.IntrinsicElements'.
app/signup/page.tsx(151,17): error TS2339: Property 'div' does not exist on type 'JSX.IntrinsicElements'.
app/signup/page.tsx(152,19): error TS2339: Property 'label' does not exist on type 'JSX.IntrinsicElements'.
app/signup/page.tsx(154,19): error TS2339: Property 'label' does not exist on type 'JSX.IntrinsicElements'.
app/signup/page.tsx(155,19): error TS2339: Property 'div' does not exist on type 'JSX.IntrinsicElements'.
app/signup/page.tsx(157,21): error TS2339: Property 'input' does not exist on type 'JSX.IntrinsicElements'.
app/signup/page.tsx(163,34): error TS7006: Parameter 'e' implicitly has an 'any' type.
app/signup/page.tsx(167,21): error TS2339: Property 'button' does not exist on type 'JSX.IntrinsicElements'.
app/signup/page.tsx(177,21): error TS2339: Property 'button' does not exist on type 'JSX.IntrinsicElements'.
app/signup/page.tsx(178,19): error TS2339: Property 'div' does not exist on type 'JSX.IntrinsicElements'.
app/signup/page.tsx(179,19): error TS2339: Property 'p' does not exist on type 'JSX.IntrinsicElements'.
app/signup/page.tsx(181,19): error TS2339: Property 'p' does not exist on type 'JSX.IntrinsicElements'.
app/signup/page.tsx(182,17): error TS2339: Property 'div' does not exist on type 'JSX.IntrinsicElements'.
app/signup/page.tsx(185,17): error TS2339: Property 'div' does not exist on type 'JSX.IntrinsicElements'.
app/signup/page.tsx(186,19): error TS2339: Property 'input' does not exist on type 'JSX.IntrinsicElements'.
app/signup/page.tsx(192,19): error TS2339: Property 'label' does not exist on type 'JSX.IntrinsicElements'.
app/signup/page.tsx(201,19): error TS2339: Property 'label' does not exist on type 'JSX.IntrinsicElements'.
app/signup/page.tsx(202,17): error TS2339: Property 'div' does not exist on type 'JSX.IntrinsicElements'.
app/signup/page.tsx(206,19): error TS2322: Type '{ type: string; disabled: boolean; className: string; }' is not assignable to type 'VariantProps<(props?: (ConfigVariants<{ variant: { default: string; destructive: string; outline: string; secondary: string; ghost: string; link: string; }; size: { default: string; sm: string; lg: string; icon: string; 'icon-sm': string; 'icon-lg': string; }; }> & ClassProp) | undefined) => string> & { ...; }'.
  Property 'type' does not exist on type 'VariantProps<(props?: (ConfigVariants<{ variant: { default: string; destructive: string; outline: string; secondary: string; ghost: string; link: string; }; size: { default: string; sm: string; lg: string; icon: string; 'icon-sm': string; 'icon-lg': string; }; }> & ClassProp) | undefined) => string> & { ...; }'.
app/signup/page.tsx(212,15): error TS2339: Property 'form' does not exist on type 'JSX.IntrinsicElements'.
app/signup/page.tsx(215,15): error TS2339: Property 'div' does not exist on type 'JSX.IntrinsicElements'.
app/signup/page.tsx(216,17): error TS2339: Property 'div' does not exist on type 'JSX.IntrinsicElements'.
app/signup/page.tsx(217,19): error TS2339: Property 'div' does not exist on type 'JSX.IntrinsicElements'.
app/signup/page.tsx(218,17): error TS2339: Property 'div' does not exist on type 'JSX.IntrinsicElements'.
app/signup/page.tsx(219,17): error TS2339: Property 'div' does not exist on type 'JSX.IntrinsicElements'.
app/signup/page.tsx(220,19): error TS2339: Property 'span' does not exist on type 'JSX.IntrinsicElements'.
app/signup/page.tsx(220,105): error TS2339: Property 'span' does not exist on type 'JSX.IntrinsicElements'.
app/signup/page.tsx(221,17): error TS2339: Property 'div' does not exist on type 'JSX.IntrinsicElements'.
app/signup/page.tsx(222,15): error TS2339: Property 'div' does not exist on type 'JSX.IntrinsicElements'.
app/signup/page.tsx(225,15): error TS2339: Property 'div' does not exist on type 'JSX.IntrinsicElements'.
app/signup/page.tsx(226,43): error TS2322: Type '{ variant: "outline"; type: string; className: string; }' is not assignable to type 'VariantProps<(props?: (ConfigVariants<{ variant: { default: string; destructive: string; outline: string; secondary: string; ghost: string; link: string; }; size: { default: string; sm: string; lg: string; icon: string; 'icon-sm': string; 'icon-lg': string; }; }> & ClassProp) | undefined) => string> & { ...; }'.
  Property 'type' does not exist on type 'VariantProps<(props?: (ConfigVariants<{ variant: { default: string; destructive: string; outline: string; secondary: string; ghost: string; link: string; }; size: { default: string; sm: string; lg: string; icon: string; 'icon-sm': string; 'icon-lg': string; }; }> & ClassProp) | undefined) => string> & { ...; }'.
app/signup/page.tsx(227,19): error TS2339: Property 'svg' does not exist on type 'JSX.IntrinsicElements'.
app/signup/page.tsx(228,21): error TS2339: Property 'path' does not exist on type 'JSX.IntrinsicElements'.
app/signup/page.tsx(232,21): error TS2339: Property 'path' does not exist on type 'JSX.IntrinsicElements'.
app/signup/page.tsx(236,21): error TS2339: Property 'path' does not exist on type 'JSX.IntrinsicElements'.
app/signup/page.tsx(240,21): error TS2339: Property 'path' does not exist on type 'JSX.IntrinsicElements'.
app/signup/page.tsx(244,19): error TS2339: Property 'svg' does not exist on type 'JSX.IntrinsicElements'.
app/signup/page.tsx(247,43): error TS2322: Type '{ variant: "outline"; type: string; className: string; }' is not assignable to type 'VariantProps<(props?: (ConfigVariants<{ variant: { default: string; destructive: string; outline: string; secondary: string; ghost: string; link: string; }; size: { default: string; sm: string; lg: string; icon: string; 'icon-sm': string; 'icon-lg': string; }; }> & ClassProp) | undefined) => string> & { ...; }'.
  Property 'type' does not exist on type 'VariantProps<(props?: (ConfigVariants<{ variant: { default: string; destructive: string; outline: string; secondary: string; ghost: string; link: string; }; size: { default: string; sm: string; lg: string; icon: string; 'icon-sm': string; 'icon-lg': string; }; }> & ClassProp) | undefined) => string> & { ...; }'.
app/signup/page.tsx(248,19): error TS2339: Property 'svg' does not exist on type 'JSX.IntrinsicElements'.
app/signup/page.tsx(249,21): error TS2339: Property 'path' does not exist on type 'JSX.IntrinsicElements'.
app/signup/page.tsx(250,19): error TS2339: Property 'svg' does not exist on type 'JSX.IntrinsicElements'.
app/signup/page.tsx(253,15): error TS2339: Property 'div' does not exist on type 'JSX.IntrinsicElements'.
app/signup/page.tsx(256,15): error TS2339: Property 'p' does not exist on type 'JSX.IntrinsicElements'.
app/signup/page.tsx(261,15): error TS2339: Property 'p' does not exist on type 'JSX.IntrinsicElements'.
app/signup/page.tsx(264,9): error TS2339: Property 'div' does not exist on type 'JSX.IntrinsicElements'.
app/signup/page.tsx(267,9): error TS2339: Property 'div' does not exist on type 'JSX.IntrinsicElements'.
app/signup/page.tsx(271,9): error TS2339: Property 'div' does not exist on type 'JSX.IntrinsicElements'.
app/signup/page.tsx(272,7): error TS2339: Property 'div' does not exist on type 'JSX.IntrinsicElements'.
app/signup/page.tsx(273,5): error TS2339: Property 'div' does not exist on type 'JSX.IntrinsicElements'.
components/airdrop-card.tsx(15,11): error TS2322: Type '{ className: string; }' is not assignable to type '{}'.
  Property 'className' does not exist on type '{}'.
components/airdrop-card.tsx(17,9): error TS2339: Property 'div' does not exist on type 'JSX.IntrinsicElements'.
components/airdrop-card.tsx(19,9): error TS2339: Property 'div' does not exist on type 'JSX.IntrinsicElements'.
components/airdrop-card.tsx(21,19): error TS2322: Type '{ className: string; }' is not assignable to type '{}'.
  Property 'className' does not exist on type '{}'.
components/airdrop-card.tsx(22,9): error TS2339: Property 'div' does not exist on type 'JSX.IntrinsicElements'.
components/airdrop-card.tsx(23,11): error TS2339: Property 'div' does not exist on type 'JSX.IntrinsicElements'.
components/airdrop-card.tsx(24,13): error TS2339: Property 'div' does not exist on type 'JSX.IntrinsicElements'.
components/airdrop-card.tsx(26,13): error TS2339: Property 'div' does not exist on type 'JSX.IntrinsicElements'.
components/airdrop-card.tsx(27,13): error TS2339: Property 'div' does not exist on type 'JSX.IntrinsicElements'.
components/airdrop-card.tsx(28,15): error TS2339: Property 'h3' does not exist on type 'JSX.IntrinsicElements'.
components/airdrop-card.tsx(28,88): error TS2339: Property 'h3' does not exist on type 'JSX.IntrinsicElements'.
components/airdrop-card.tsx(29,15): error TS2339: Property 'p' does not exist on type 'JSX.IntrinsicElements'.
components/airdrop-card.tsx(29,76): error TS2339: Property 'p' does not exist on type 'JSX.IntrinsicElements'.
components/airdrop-card.tsx(30,13): error TS2339: Property 'div' does not exist on type 'JSX.IntrinsicElements'.
components/airdrop-card.tsx(31,11): error TS2339: Property 'div' does not exist on type 'JSX.IntrinsicElements'.
components/airdrop-card.tsx(32,11): error TS2339: Property 'span' does not exist on type 'JSX.IntrinsicElements'.
components/airdrop-card.tsx(34,11): error TS2339: Property 'span' does not exist on type 'JSX.IntrinsicElements'.
components/airdrop-card.tsx(35,9): error TS2339: Property 'div' does not exist on type 'JSX.IntrinsicElements'.
components/airdrop-card.tsx(37,20): error TS2322: Type '{ className: string; }' is not assignable to type '{}'.
  Property 'className' does not exist on type '{}'.
components/airdrop-card.tsx(38,9): error TS2339: Property 'p' does not exist on type 'JSX.IntrinsicElements'.
components/airdrop-card.tsx(40,9): error TS2339: Property 'p' does not exist on type 'JSX.IntrinsicElements'.
components/airdrop-card.tsx(42,9): error TS2339: Property 'div' does not exist on type 'JSX.IntrinsicElements'.
components/airdrop-card.tsx(43,11): error TS2339: Property 'div' does not exist on type 'JSX.IntrinsicElements'.
components/airdrop-card.tsx(45,13): error TS2339: Property 'span' does not exist on type 'JSX.IntrinsicElements'.
components/airdrop-card.tsx(45,34): error TS2339: Property 'span' does not exist on type 'JSX.IntrinsicElements'.
components/airdrop-card.tsx(46,11): error TS2339: Property 'div' does not exist on type 'JSX.IntrinsicElements'.
components/airdrop-card.tsx(47,11): error TS2339: Property 'div' does not exist on type 'JSX.IntrinsicElements'.
components/airdrop-card.tsx(49,13): error TS2339: Property 'span' does not exist on type 'JSX.IntrinsicElements'.
components/airdrop-card.tsx(49,67): error TS2339: Property 'span' does not exist on type 'JSX.IntrinsicElements'.
components/airdrop-card.tsx(50,11): error TS2339: Property 'div' does not exist on type 'JSX.IntrinsicElements'.
components/airdrop-card.tsx(51,9): error TS2339: Property 'div' does not exist on type 'JSX.IntrinsicElements'.
components/airdrop-card.tsx(53,9): error TS2339: Property 'div' does not exist on type 'JSX.IntrinsicElements'.
components/airdrop-card.tsx(54,11): error TS2339: Property 'div' does not exist on type 'JSX.IntrinsicElements'.
components/airdrop-card.tsx(55,13): error TS2339: Property 'p' does not exist on type 'JSX.IntrinsicElements'.
components/airdrop-card.tsx(55,68): error TS2339: Property 'p' does not exist on type 'JSX.IntrinsicElements'.
components/airdrop-card.tsx(56,13): error TS2339: Property 'p' does not exist on type 'JSX.IntrinsicElements'.
components/airdrop-card.tsx(56,79): error TS2339: Property 'p' does not exist on type 'JSX.IntrinsicElements'.
components/airdrop-card.tsx(57,11): error TS2339: Property 'div' does not exist on type 'JSX.IntrinsicElements'.
components/airdrop-card.tsx(58,11): error TS2339: Property 'div' does not exist on type 'JSX.IntrinsicElements'.
components/airdrop-card.tsx(60,51): error TS2322: Type '{ variant: "outline"; size: "sm"; className: string; }' is not assignable to type 'VariantProps<(props?: (ConfigVariants<{ variant: { default: string; destructive: string; outline: string; secondary: string; ghost: string; link: string; }; size: { default: string; sm: string; lg: string; icon: string; 'icon-sm': string; 'icon-lg': string; }; }> & ClassProp) | undefined) => string> & { ...; }'.
  Property 'className' does not exist on type 'VariantProps<(props?: (ConfigVariants<{ variant: { default: string; destructive: string; outline: string; secondary: string; ghost: string; link: string; }; size: { default: string; sm: string; lg: string; icon: string; 'icon-sm': string; 'icon-lg': string; }; }> & ClassProp) | undefined) => string> & { ...; }'.
components/airdrop-card.tsx(64,13): error TS2339: Property 'a' does not exist on type 'JSX.IntrinsicElements'.
components/airdrop-card.tsx(65,33): error TS2322: Type '{ size: "sm"; className: string; }' is not assignable to type 'VariantProps<(props?: (ConfigVariants<{ variant: { default: string; destructive: string; outline: string; secondary: string; ghost: string; link: string; }; size: { default: string; sm: string; lg: string; icon: string; 'icon-sm': string; 'icon-lg': string; }; }> & ClassProp) | undefined) => string> & { ...; }'.
  Property 'className' does not exist on type 'VariantProps<(props?: (ConfigVariants<{ variant: { default: string; destructive: string; outline: string; secondary: string; ghost: string; link: string; }; size: { default: string; sm: string; lg: string; icon: string; 'icon-sm': string; 'icon-lg': string; }; }> & ClassProp) | undefined) => string> & { ...; }'.
components/airdrop-card.tsx(68,13): error TS2339: Property 'a' does not exist on type 'JSX.IntrinsicElements'.
components/airdrop-card.tsx(69,11): error TS2339: Property 'div' does not exist on type 'JSX.IntrinsicElements'.
components/airdrop-card.tsx(70,9): error TS2339: Property 'div' does not exist on type 'JSX.IntrinsicElements'.
components/article-card.tsx(12,11): error TS2322: Type '{ className: string; }' is not assignable to type '{}'.
  Property 'className' does not exist on type '{}'.
components/article-card.tsx(13,20): error TS2322: Type '{ className: string; }' is not assignable to type '{}'.
  Property 'className' does not exist on type '{}'.
components/article-card.tsx(14,9): error TS2339: Property 'div' does not exist on type 'JSX.IntrinsicElements'.
components/article-card.tsx(15,11): error TS2339: Property 'span' does not exist on type 'JSX.IntrinsicElements'.
components/article-card.tsx(17,11): error TS2339: Property 'span' does not exist on type 'JSX.IntrinsicElements'.
components/article-card.tsx(18,11): error TS2339: Property 'span' does not exist on type 'JSX.IntrinsicElements'.
components/article-card.tsx(21,11): error TS2339: Property 'span' does not exist on type 'JSX.IntrinsicElements'.
components/article-card.tsx(22,9): error TS2339: Property 'div' does not exist on type 'JSX.IntrinsicElements'.
components/article-card.tsx(24,9): error TS2339: Property 'h3' does not exist on type 'JSX.IntrinsicElements'.
components/article-card.tsx(26,9): error TS2339: Property 'h3' does not exist on type 'JSX.IntrinsicElements'.
components/article-card.tsx(28,9): error TS2339: Property 'p' does not exist on type 'JSX.IntrinsicElements'.
components/article-card.tsx(30,9): error TS2339: Property 'p' does not exist on type 'JSX.IntrinsicElements'.
components/article-card.tsx(32,9): error TS2339: Property 'div' does not exist on type 'JSX.IntrinsicElements'.
components/article-card.tsx(33,11): error TS2339: Property 'div' does not exist on type 'JSX.IntrinsicElements'.
components/article-card.tsx(35,13): error TS2339: Property 'span' does not exist on type 'JSX.IntrinsicElements'.
components/article-card.tsx(35,35): error TS2339: Property 'span' does not exist on type 'JSX.IntrinsicElements'.
components/article-card.tsx(36,13): error TS2339: Property 'span' does not exist on type 'JSX.IntrinsicElements'.
components/article-card.tsx(36,44): error TS2339: Property 'span' does not exist on type 'JSX.IntrinsicElements'.
components/article-card.tsx(37,13): error TS2339: Property 'span' does not exist on type 'JSX.IntrinsicElements'.
components/article-card.tsx(37,71): error TS2339: Property 'span' does not exist on type 'JSX.IntrinsicElements'.
components/article-card.tsx(38,11): error TS2339: Property 'div' does not exist on type 'JSX.IntrinsicElements'.
components/article-card.tsx(47,9): error TS2339: Property 'div' does not exist on type 'JSX.IntrinsicElements'.
components/f3d-objects.tsx(135,5): error TS2339: Property 'div' does not exist on type 'JSX.IntrinsicElements'.
components/f3d-objects.tsx(144,5): error TS2339: Property 'div' does not exist on type 'JSX.IntrinsicElements'.
components/footer.tsx(42,5): error TS2339: Property 'footer' does not exist on type 'JSX.IntrinsicElements'.
components/footer.tsx(43,7): error TS2339: Property 'div' does not exist on type 'JSX.IntrinsicElements'.
components/footer.tsx(44,9): error TS2339: Property 'div' does not exist on type 'JSX.IntrinsicElements'.
components/footer.tsx(46,11): error TS2339: Property 'div' does not exist on type 'JSX.IntrinsicElements'.
components/footer.tsx(48,15): error TS2339: Property 'div' does not exist on type 'JSX.IntrinsicElements'.
components/footer.tsx(50,15): error TS2339: Property 'div' does not exist on type 'JSX.IntrinsicElements'.
components/footer.tsx(52,15): error TS2339: Property 'span' does not exist on type 'JSX.IntrinsicElements'.
components/footer.tsx(54,15): error TS2339: Property 'span' does not exist on type 'JSX.IntrinsicElements'.
components/footer.tsx(57,13): error TS2339: Property 'p' does not exist on type 'JSX.IntrinsicElements'.
components/footer.tsx(60,13): error TS2339: Property 'p' does not exist on type 'JSX.IntrinsicElements'.
components/footer.tsx(62,13): error TS2339: Property 'div' does not exist on type 'JSX.IntrinsicElements'.
components/footer.tsx(64,17): error TS2339: Property 'a' does not exist on type 'JSX.IntrinsicElements'.
components/footer.tsx(73,17): error TS2339: Property 'a' does not exist on type 'JSX.IntrinsicElements'.
components/footer.tsx(75,13): error TS2339: Property 'div' does not exist on type 'JSX.IntrinsicElements'.
components/footer.tsx(76,11): error TS2339: Property 'div' does not exist on type 'JSX.IntrinsicElements'.
components/footer.tsx(79,11): error TS2339: Property 'div' does not exist on type 'JSX.IntrinsicElements'.
components/footer.tsx(80,13): error TS2339: Property 'h3' does not exist on type 'JSX.IntrinsicElements'.
components/footer.tsx(80,74): error TS2339: Property 'h3' does not exist on type 'JSX.IntrinsicElements'.
components/footer.tsx(82,13): error TS2339: Property 'ul' does not exist on type 'JSX.IntrinsicElements'.
components/footer.tsx(84,17): error TS2339: Property 'li' does not exist on type 'JSX.IntrinsicElements'.
components/footer.tsx(91,17): error TS2339: Property 'li' does not exist on type 'JSX.IntrinsicElements'.
components/footer.tsx(93,13): error TS2339: Property 'ul' does not exist on type 'JSX.IntrinsicElements'.
components/footer.tsx(94,11): error TS2339: Property 'div' does not exist on type 'JSX.IntrinsicElements'.
components/footer.tsx(97,11): error TS2339: Property 'div' does not exist on type 'JSX.IntrinsicElements'.
components/footer.tsx(98,13): error TS2339: Property 'h3' does not exist on type 'JSX.IntrinsicElements'.
components/footer.tsx(98,74): error TS2339: Property 'h3' does not exist on type 'JSX.IntrinsicElements'.
components/footer.tsx(100,13): error TS2339: Property 'ul' does not exist on type 'JSX.IntrinsicElements'.
components/footer.tsx(102,17): error TS2339: Property 'li' does not exist on type 'JSX.IntrinsicElements'.
components/footer.tsx(109,17): error TS2339: Property 'li' does not exist on type 'JSX.IntrinsicElements'.
components/footer.tsx(111,13): error TS2339: Property 'ul' does not exist on type 'JSX.IntrinsicElements'.
components/footer.tsx(112,11): error TS2339: Property 'div' does not exist on type 'JSX.IntrinsicElements'.
components/footer.tsx(115,11): error TS2339: Property 'div' does not exist on type 'JSX.IntrinsicElements'.
components/footer.tsx(116,13): error TS2339: Property 'h3' does not exist on type 'JSX.IntrinsicElements'.
components/footer.tsx(116,72): error TS2339: Property 'h3' does not exist on type 'JSX.IntrinsicElements'.
components/footer.tsx(118,13): error TS2339: Property 'ul' does not exist on type 'JSX.IntrinsicElements'.
components/footer.tsx(120,17): error TS2339: Property 'li' does not exist on type 'JSX.IntrinsicElements'.
components/footer.tsx(127,17): error TS2339: Property 'li' does not exist on type 'JSX.IntrinsicElements'.
components/footer.tsx(129,13): error TS2339: Property 'ul' does not exist on type 'JSX.IntrinsicElements'.
components/footer.tsx(130,11): error TS2339: Property 'div' does not exist on type 'JSX.IntrinsicElements'.
components/footer.tsx(131,9): error TS2339: Property 'div' does not exist on type 'JSX.IntrinsicElements'.
components/footer.tsx(133,9): error TS2339: Property 'div' does not exist on type 'JSX.IntrinsicElements'.
components/footer.tsx(134,11): error TS2339: Property 'p' does not exist on type 'JSX.IntrinsicElements'.
components/footer.tsx(136,11): error TS2339: Property 'p' does not exist on type 'JSX.IntrinsicElements'.
components/footer.tsx(137,9): error TS2339: Property 'div' does not exist on type 'JSX.IntrinsicElements'.
components/footer.tsx(138,7): error TS2339: Property 'div' does not exist on type 'JSX.IntrinsicElements'.
components/footer.tsx(139,5): error TS2339: Property 'footer' does not exist on type 'JSX.IntrinsicElements'.
components/header.tsx(16,9): error TS2339: Property 'header' does not exist on type 'JSX.IntrinsicElements'.
components/header.tsx(17,13): error TS2339: Property 'div' does not exist on type 'JSX.IntrinsicElements'.
components/header.tsx(18,17): error TS2339: Property 'div' does not exist on type 'JSX.IntrinsicElements'.
components/header.tsx(32,21): error TS2339: Property 'nav' does not exist on type 'JSX.IntrinsicElements'.
components/header.tsx(42,21): error TS2339: Property 'nav' does not exist on type 'JSX.IntrinsicElements'.
components/header.tsx(45,21): error TS2339: Property 'button' does not exist on type 'JSX.IntrinsicElements'.
components/header.tsx(50,25): error TS2339: Property 'svg' does not exist on type 'JSX.IntrinsicElements'.
components/header.tsx(57,33): error TS2339: Property 'path' does not exist on type 'JSX.IntrinsicElements'.
components/header.tsx(64,33): error TS2339: Property 'path' does not exist on type 'JSX.IntrinsicElements'.
components/header.tsx(71,25): error TS2339: Property 'svg' does not exist on type 'JSX.IntrinsicElements'.
components/header.tsx(72,21): error TS2339: Property 'button' does not exist on type 'JSX.IntrinsicElements'.
components/header.tsx(73,17): error TS2339: Property 'div' does not exist on type 'JSX.IntrinsicElements'.
components/header.tsx(77,21): error TS2339: Property 'div' does not exist on type 'JSX.IntrinsicElements'.
components/header.tsx(88,21): error TS2339: Property 'div' does not exist on type 'JSX.IntrinsicElements'.
components/header.tsx(90,13): error TS2339: Property 'div' does not exist on type 'JSX.IntrinsicElements'.
components/header.tsx(91,9): error TS2339: Property 'header' does not exist on type 'JSX.IntrinsicElements'.
components/ui/accordion.tsx(16,3): error TS2339: Property 'className' does not exist on type 'AccordionItemProps & RefAttributes<HTMLDivElement>'.
components/ui/accordion.tsx(22,7): error TS2322: Type '{ disabled?: boolean | undefined; value: string; asChild?: boolean | undefined; key?: Key | null | undefined; ref?: Ref<HTMLDivElement> | undefined; "data-slot": string; className: string; }' is not assignable to type 'AccordionItemProps & RefAttributes<HTMLDivElement>'.
  Property 'className' does not exist on type 'AccordionItemProps & RefAttributes<HTMLDivElement>'.
components/ui/accordion.tsx(29,3): error TS2339: Property 'className' does not exist on type 'AccordionTriggerProps & RefAttributes<HTMLButtonElement>'.
components/ui/accordion.tsx(30,3): error TS2339: Property 'children' does not exist on type 'AccordionTriggerProps & RefAttributes<HTMLButtonElement>'.
components/ui/accordion.tsx(34,32): error TS2322: Type '{ className: string; }' is not assignable to type 'AccordionHeaderProps & RefAttributes<HTMLHeadingElement>'.
  Property 'className' does not exist on type 'AccordionHeaderProps & RefAttributes<HTMLHeadingElement>'.
components/ui/accordion.tsx(37,9): error TS2322: Type '{ asChild?: boolean | undefined; key?: Key | null | undefined; ref?: Ref<HTMLButtonElement> | undefined; "data-slot": string; className: string; }' is not assignable to type 'AccordionTriggerProps & RefAttributes<HTMLButtonElement>'.
  Property 'className' does not exist on type 'AccordionTriggerProps & RefAttributes<HTMLButtonElement>'.
components/ui/accordion.tsx(51,3): error TS2339: Property 'className' does not exist on type 'AccordionContentProps & RefAttributes<HTMLDivElement>'.
components/ui/accordion.tsx(52,3): error TS2339: Property 'children' does not exist on type 'AccordionContentProps & RefAttributes<HTMLDivElement>'.
components/ui/accordion.tsx(58,7): error TS2322: Type '{ asChild?: boolean | undefined; key?: Key | null | undefined; forceMount?: true | undefined; ref?: Ref<HTMLDivElement> | undefined; "data-slot": string; className: string; }' is not assignable to type 'AccordionContentProps & RefAttributes<HTMLDivElement>'.
  Property 'className' does not exist on type 'AccordionContentProps & RefAttributes<HTMLDivElement>'.
components/ui/accordion.tsx(61,7): error TS2339: Property 'div' does not exist on type 'JSX.IntrinsicElements'.
components/ui/accordion.tsx(61,61): error TS2339: Property 'div' does not exist on type 'JSX.IntrinsicElements'.
components/ui/alert-dialog.tsx(32,3): error TS2339: Property 'className' does not exist on type 'AlertDialogOverlayProps & RefAttributes<HTMLDivElement>'.
components/ui/alert-dialog.tsx(38,7): error TS2322: Type '{ asChild?: boolean | undefined; key?: Key | null | undefined; forceMount?: true | undefined; ref?: Ref<HTMLDivElement> | undefined; "data-slot": string; className: string; }' is not assignable to type 'AlertDialogOverlayProps & RefAttributes<HTMLDivElement>'.
  Property 'className' does not exist on type 'AlertDialogOverlayProps & RefAttributes<HTMLDivElement>'.
components/ui/alert-dialog.tsx(48,3): error TS2339: Property 'className' does not exist on type 'AlertDialogContentProps & RefAttributes<HTMLDivElement>'.
components/ui/alert-dialog.tsx(56,9): error TS2322: Type '{ asChild?: boolean | undefined; key?: Key | null | undefined; onEscapeKeyDown?: ((event: KeyboardEvent) => void) | undefined; forceMount?: true | undefined; onFocusOutside?: ((event: FocusOutsideEvent) => void) | undefined; ... 4 more ...; className: string; }' is not assignable to type 'AlertDialogContentProps & RefAttributes<HTMLDivElement>'.
  Property 'className' does not exist on type 'AlertDialogContentProps & RefAttributes<HTMLDivElement>'.
components/ui/alert-dialog.tsx(67,3): error TS2339: Property 'className' does not exist on type '{}'.
components/ui/alert-dialog.tsx(69,25): error TS2344: Type '"div"' does not satisfy the constraint 'JSXElementConstructor<any> | keyof IntrinsicElements'.
components/ui/alert-dialog.tsx(71,5): error TS2339: Property 'div' does not exist on type 'JSX.IntrinsicElements'.
components/ui/alert-dialog.tsx(80,3): error TS2339: Property 'className' does not exist on type '{}'.
components/ui/alert-dialog.tsx(82,25): error TS2344: Type '"div"' does not satisfy the constraint 'JSXElementConstructor<any> | keyof IntrinsicElements'.
components/ui/alert-dialog.tsx(84,5): error TS2339: Property 'div' does not exist on type 'JSX.IntrinsicElements'.
components/ui/alert-dialog.tsx(96,3): error TS2339: Property 'className' does not exist on type 'AlertDialogTitleProps & RefAttributes<HTMLHeadingElement>'.
components/ui/alert-dialog.tsx(102,7): error TS2322: Type '{ asChild?: boolean | undefined; key?: Key | null | undefined; ref?: Ref<HTMLHeadingElement> | undefined; "data-slot": string; className: string; }' is not assignable to type 'AlertDialogTitleProps & RefAttributes<HTMLHeadingElement>'.
  Property 'className' does not exist on type 'AlertDialogTitleProps & RefAttributes<HTMLHeadingElement>'.
components/ui/alert-dialog.tsx(109,3): error TS2339: Property 'className' does not exist on type 'AlertDialogDescriptionProps & RefAttributes<HTMLParagraphElement>'.
components/ui/alert-dialog.tsx(115,7): error TS2322: Type '{ asChild?: boolean | undefined; key?: Key | null | undefined; ref?: Ref<HTMLParagraphElement> | undefined; "data-slot": string; className: string; }' is not assignable to type 'AlertDialogDescriptionProps & RefAttributes<HTMLParagraphElement>'.
  Property 'className' does not exist on type 'AlertDialogDescriptionProps & RefAttributes<HTMLParagraphElement>'.
components/ui/alert-dialog.tsx(122,3): error TS2339: Property 'className' does not exist on type 'AlertDialogActionProps & RefAttributes<HTMLButtonElement>'.
components/ui/alert-dialog.tsx(127,7): error TS2322: Type '{ asChild?: boolean | undefined; key?: Key | null | undefined; ref?: Ref<HTMLButtonElement> | undefined; className: string; }' is not assignable to type 'AlertDialogActionProps & RefAttributes<HTMLButtonElement>'.
  Property 'className' does not exist on type 'AlertDialogActionProps & RefAttributes<HTMLButtonElement>'.
components/ui/alert-dialog.tsx(134,3): error TS2339: Property 'className' does not exist on type 'AlertDialogCancelProps & RefAttributes<HTMLButtonElement>'.
components/ui/alert-dialog.tsx(139,7): error TS2322: Type '{ asChild?: boolean | undefined; key?: Key | null | undefined; ref?: Ref<HTMLButtonElement> | undefined; className: string; }' is not assignable to type 'AlertDialogCancelProps & RefAttributes<HTMLButtonElement>'.
  Property 'className' does not exist on type 'AlertDialogCancelProps & RefAttributes<HTMLButtonElement>'.
components/ui/alert.tsx(23,3): error TS2339: Property 'className' does not exist on type 'VariantProps<(props?: (ConfigVariants<{ variant: { default: string; destructive: string; }; }> & ClassProp) | undefined) => string>'.
components/ui/alert.tsx(26,25): error TS2344: Type '"div"' does not satisfy the constraint 'JSXElementConstructor<any> | keyof IntrinsicElements'.
components/ui/alert.tsx(28,5): error TS2339: Property 'div' does not exist on type 'JSX.IntrinsicElements'.
components/ui/alert.tsx(37,23): error TS2339: Property 'className' does not exist on type '{}'.
components/ui/alert.tsx(37,67): error TS2344: Type '"div"' does not satisfy the constraint 'JSXElementConstructor<any> | keyof IntrinsicElements'.
components/ui/alert.tsx(39,5): error TS2339: Property 'div' does not exist on type 'JSX.IntrinsicElements'.
components/ui/alert.tsx(51,3): error TS2339: Property 'className' does not exist on type '{}'.
components/ui/alert.tsx(53,25): error TS2344: Type '"div"' does not satisfy the constraint 'JSXElementConstructor<any> | keyof IntrinsicElements'.
components/ui/alert.tsx(55,5): error TS2339: Property 'div' does not exist on type 'JSX.IntrinsicElements'.
components/ui/avatar.tsx(9,3): error TS2339: Property 'className' does not exist on type 'AvatarProps & RefAttributes<HTMLSpanElement>'.
components/ui/avatar.tsx(15,7): error TS2322: Type '{ asChild?: boolean | undefined; ref?: Ref<HTMLSpanElement> | undefined; key?: Key | null | undefined; "data-slot": string; className: string; }' is not assignable to type 'AvatarProps & RefAttributes<HTMLSpanElement>'.
  Property 'className' does not exist on type 'AvatarProps & RefAttributes<HTMLSpanElement>'.
components/ui/avatar.tsx(25,3): error TS2339: Property 'className' does not exist on type 'AvatarImageProps & RefAttributes<HTMLImageElement>'.
components/ui/avatar.tsx(31,7): error TS2322: Type '{ onLoadingStatusChange?: ((status: ImageLoadingStatus) => void) | undefined; asChild?: boolean | undefined; ref?: Ref<HTMLImageElement> | undefined; key?: Key | ... 1 more ... | undefined; "data-slot": string; className: string; }' is not assignable to type 'AvatarImageProps & RefAttributes<HTMLImageElement>'.
  Property 'className' does not exist on type 'AvatarImageProps & RefAttributes<HTMLImageElement>'.
components/ui/avatar.tsx(38,3): error TS2339: Property 'className' does not exist on type 'AvatarFallbackProps & RefAttributes<HTMLSpanElement>'.
components/ui/avatar.tsx(44,7): error TS2322: Type '{ delayMs?: number | undefined; asChild?: boolean | undefined; ref?: Ref<HTMLSpanElement> | undefined; key?: Key | null | undefined; "data-slot": string; className: string; }' is not assignable to type 'AvatarFallbackProps & RefAttributes<HTMLSpanElement>'.
  Property 'className' does not exist on type 'AvatarFallbackProps & RefAttributes<HTMLSpanElement>'.
components/ui/badge.tsx(29,3): error TS2339: Property 'className' does not exist on type 'VariantProps<(props?: (ConfigVariants<{ variant: { default: string; secondary: string; destructive: string; outline: string; }; }> & ClassProp) | undefined) => string> & { ...; }'.
components/ui/badge.tsx(33,25): error TS2344: Type '"span"' does not satisfy the constraint 'JSXElementConstructor<any> | keyof IntrinsicElements'.
components/ui/badge.tsx(38,5): error TS2339: Property 'span' does not exist on type 'JSX.IntrinsicElements'.
components/ui/badge.tsx(38,6): error TS2604: JSX element type 'Comp' does not have any construct or call signatures.
components/ui/breadcrumb.tsx(7,56): error TS2344: Type '"nav"' does not satisfy the constraint 'JSXElementConstructor<any> | keyof IntrinsicElements'.
components/ui/breadcrumb.tsx(8,10): error TS2339: Property 'nav' does not exist on type 'JSX.IntrinsicElements'.
components/ui/breadcrumb.tsx(11,27): error TS2339: Property 'className' does not exist on type '{}'.
components/ui/breadcrumb.tsx(11,71): error TS2344: Type '"ol"' does not satisfy the constraint 'JSXElementConstructor<any> | keyof IntrinsicElements'.
components/ui/breadcrumb.tsx(13,5): error TS2339: Property 'ol' does not exist on type 'JSX.IntrinsicElements'.
components/ui/breadcrumb.tsx(24,27): error TS2339: Property 'className' does not exist on type '{}'.
components/ui/breadcrumb.tsx(24,71): error TS2344: Type '"li"' does not satisfy the constraint 'JSXElementConstructor<any> | keyof IntrinsicElements'.
components/ui/breadcrumb.tsx(26,5): error TS2339: Property 'li' does not exist on type 'JSX.IntrinsicElements'.
components/ui/breadcrumb.tsx(36,3): error TS2339: Property 'className' does not exist on type '{ asChild?: boolean | undefined; }'.
components/ui/breadcrumb.tsx(38,25): error TS2344: Type '"a"' does not satisfy the constraint 'JSXElementConstructor<any> | keyof IntrinsicElements'.
components/ui/breadcrumb.tsx(44,5): error TS2339: Property 'a' does not exist on type 'JSX.IntrinsicElements'.
components/ui/breadcrumb.tsx(44,6): error TS2604: JSX element type 'Comp' does not have any construct or call signatures.
components/ui/breadcrumb.tsx(52,27): error TS2339: Property 'className' does not exist on type '{}'.
components/ui/breadcrumb.tsx(52,71): error TS2344: Type '"span"' does not satisfy the constraint 'JSXElementConstructor<any> | keyof IntrinsicElements'.
components/ui/breadcrumb.tsx(54,5): error TS2339: Property 'span' does not exist on type 'JSX.IntrinsicElements'.
components/ui/breadcrumb.tsx(66,3): error TS2339: Property 'children' does not exist on type '{}'.
components/ui/breadcrumb.tsx(67,3): error TS2339: Property 'className' does not exist on type '{}'.
components/ui/breadcrumb.tsx(69,25): error TS2344: Type '"li"' does not satisfy the constraint 'JSXElementConstructor<any> | keyof IntrinsicElements'.
components/ui/breadcrumb.tsx(71,5): error TS2339: Property 'li' does not exist on type 'JSX.IntrinsicElements'.
components/ui/breadcrumb.tsx(79,5): error TS2339: Property 'li' does not exist on type 'JSX.IntrinsicElements'.
components/ui/breadcrumb.tsx(84,3): error TS2339: Property 'className' does not exist on type '{}'.
components/ui/breadcrumb.tsx(86,25): error TS2344: Type '"span"' does not satisfy the constraint 'JSXElementConstructor<any> | keyof IntrinsicElements'.
components/ui/breadcrumb.tsx(88,5): error TS2339: Property 'span' does not exist on type 'JSX.IntrinsicElements'.
components/ui/breadcrumb.tsx(96,7): error TS2339: Property 'span' does not exist on type 'JSX.IntrinsicElements'.
components/ui/breadcrumb.tsx(96,37): error TS2339: Property 'span' does not exist on type 'JSX.IntrinsicElements'.
components/ui/breadcrumb.tsx(97,5): error TS2339: Property 'span' does not exist on type 'JSX.IntrinsicElements'.
components/ui/button-group.tsx(25,3): error TS2339: Property 'className' does not exist on type 'VariantProps<(props?: (ConfigVariants<{ orientation: { horizontal: string; vertical: string; }; }> & ClassProp) | undefined) => string>'.
components/ui/button-group.tsx(28,25): error TS2344: Type '"div"' does not satisfy the constraint 'JSXElementConstructor<any> | keyof IntrinsicElements'.
components/ui/button-group.tsx(30,5): error TS2339: Property 'div' does not exist on type 'JSX.IntrinsicElements'.
components/ui/button-group.tsx(41,3): error TS2339: Property 'className' does not exist on type '{ asChild?: boolean | undefined; }'.
components/ui/button-group.tsx(44,25): error TS2344: Type '"div"' does not satisfy the constraint 'JSXElementConstructor<any> | keyof IntrinsicElements'.
components/ui/button-group.tsx(50,5): error TS2339: Property 'div' does not exist on type 'JSX.IntrinsicElements'.
components/ui/button-group.tsx(50,6): error TS2604: JSX element type 'Comp' does not have any construct or call signatures.
components/ui/button-group.tsx(61,3): error TS2339: Property 'className' does not exist on type 'SeparatorProps & RefAttributes<HTMLDivElement>'.
components/ui/button-group.tsx(69,7): error TS2322: Type '{ decorative?: boolean | undefined; asChild?: boolean | undefined; ref?: Ref<HTMLDivElement> | undefined; key?: Key | null | undefined; "data-slot": string; orientation: "horizontal" | "vertical"; className: string; }' is not assignable to type 'SeparatorProps & RefAttributes<HTMLDivElement>'.
  Property 'className' does not exist on type 'SeparatorProps & RefAttributes<HTMLDivElement>'.
components/ui/button.tsx(40,3): error TS2339: Property 'className' does not exist on type 'VariantProps<(props?: (ConfigVariants<{ variant: { default: string; destructive: string; outline: string; secondary: string; ghost: string; link: string; }; size: { default: string; sm: string; lg: string; icon: string; 'icon-sm': string; 'icon-lg': string; }; }> & ClassProp) | undefined) => string> & { ...; }'.
components/ui/button.tsx(45,25): error TS2344: Type '"button"' does not satisfy the constraint 'JSXElementConstructor<any> | keyof IntrinsicElements'.
components/ui/button.tsx(52,5): error TS2339: Property 'button' does not exist on type 'JSX.IntrinsicElements'.
components/ui/button.tsx(52,6): error TS2604: JSX element type 'Comp' does not have any construct or call signatures.
components/ui/calendar.tsx(130,13): error TS2339: Property 'div' does not exist on type 'JSX.IntrinsicElements'.
components/ui/calendar.tsx(161,13): error TS2339: Property 'td' does not exist on type 'JSX.IntrinsicElements'.
components/ui/calendar.tsx(162,15): error TS2339: Property 'div' does not exist on type 'JSX.IntrinsicElements'.
components/ui/calendar.tsx(164,15): error TS2339: Property 'div' does not exist on type 'JSX.IntrinsicElements'.
components/ui/calendar.tsx(165,13): error TS2339: Property 'td' does not exist on type 'JSX.IntrinsicElements'.
components/ui/calendar.tsx(190,7): error TS2322: Type '{ disabled?: boolean | undefined; form?: string | undefined; formAction?: string | ((formData: FormData) => void) | undefined; formEncType?: string | undefined; formMethod?: string | undefined; ... 274 more ...; className: string; }' is not assignable to type 'VariantProps<(props?: (ConfigVariants<{ variant: { default: string; destructive: string; outline: string; secondary: string; ghost: string; link: string; }; size: { default: string; sm: string; lg: string; icon: string; 'icon-sm': string; 'icon-lg': string; }; }> & ClassProp) | undefined) => string> & { ...; }'.
  Property 'ref' does not exist on type 'VariantProps<(props?: (ConfigVariants<{ variant: { default: string; destructive: string; outline: string; secondary: string; ghost: string; link: string; }; size: { default: string; sm: string; lg: string; icon: string; 'icon-sm': string; 'icon-lg': string; }; }> & ClassProp) | undefined) => string> & { ...; }'.
components/ui/card.tsx(5,17): error TS2339: Property 'className' does not exist on type '{}'.
components/ui/card.tsx(5,61): error TS2344: Type '"div"' does not satisfy the constraint 'JSXElementConstructor<any> | keyof IntrinsicElements'.
components/ui/card.tsx(7,5): error TS2339: Property 'div' does not exist on type 'JSX.IntrinsicElements'.
components/ui/card.tsx(18,23): error TS2339: Property 'className' does not exist on type '{}'.
components/ui/card.tsx(18,67): error TS2344: Type '"div"' does not satisfy the constraint 'JSXElementConstructor<any> | keyof IntrinsicElements'.
components/ui/card.tsx(20,5): error TS2339: Property 'div' does not exist on type 'JSX.IntrinsicElements'.
components/ui/card.tsx(31,22): error TS2339: Property 'className' does not exist on type '{}'.
components/ui/card.tsx(31,66): error TS2344: Type '"div"' does not satisfy the constraint 'JSXElementConstructor<any> | keyof IntrinsicElements'.
components/ui/card.tsx(33,5): error TS2339: Property 'div' does not exist on type 'JSX.IntrinsicElements'.
components/ui/card.tsx(41,28): error TS2339: Property 'className' does not exist on type '{}'.
components/ui/card.tsx(41,72): error TS2344: Type '"div"' does not satisfy the constraint 'JSXElementConstructor<any> | keyof IntrinsicElements'.
components/ui/card.tsx(43,5): error TS2339: Property 'div' does not exist on type 'JSX.IntrinsicElements'.
components/ui/card.tsx(51,23): error TS2339: Property 'className' does not exist on type '{}'.
components/ui/card.tsx(51,67): error TS2344: Type '"div"' does not satisfy the constraint 'JSXElementConstructor<any> | keyof IntrinsicElements'.
components/ui/card.tsx(53,5): error TS2339: Property 'div' does not exist on type 'JSX.IntrinsicElements'.
components/ui/card.tsx(64,24): error TS2339: Property 'className' does not exist on type '{}'.
components/ui/card.tsx(64,68): error TS2344: Type '"div"' does not satisfy the constraint 'JSXElementConstructor<any> | keyof IntrinsicElements'.
components/ui/card.tsx(66,5): error TS2339: Property 'div' does not exist on type 'JSX.IntrinsicElements'.
components/ui/card.tsx(74,23): error TS2339: Property 'className' does not exist on type '{}'.
components/ui/card.tsx(74,67): error TS2344: Type '"div"' does not satisfy the constraint 'JSXElementConstructor<any> | keyof IntrinsicElements'.
components/ui/card.tsx(76,5): error TS2339: Property 'div' does not exist on type 'JSX.IntrinsicElements'.
components/ui/carousel.tsx(50,3): error TS2339: Property 'className' does not exist on type 'CarouselProps'.
components/ui/carousel.tsx(51,3): error TS2339: Property 'children' does not exist on type 'CarouselProps'.
components/ui/carousel.tsx(53,25): error TS2344: Type '"div"' does not satisfy the constraint 'JSXElementConstructor<any> | keyof IntrinsicElements'.
components/ui/carousel.tsx(121,7): error TS2339: Property 'div' does not exist on type 'JSX.IntrinsicElements'.
components/ui/carousel.tsx(130,7): error TS2339: Property 'div' does not exist on type 'JSX.IntrinsicElements'.
components/ui/carousel.tsx(135,28): error TS2339: Property 'className' does not exist on type '{}'.
components/ui/carousel.tsx(135,72): error TS2344: Type '"div"' does not satisfy the constraint 'JSXElementConstructor<any> | keyof IntrinsicElements'.
components/ui/carousel.tsx(139,5): error TS2339: Property 'div' does not exist on type 'JSX.IntrinsicElements'.
components/ui/carousel.tsx(144,7): error TS2339: Property 'div' does not exist on type 'JSX.IntrinsicElements'.
components/ui/carousel.tsx(152,5): error TS2339: Property 'div' does not exist on type 'JSX.IntrinsicElements'.
components/ui/carousel.tsx(156,25): error TS2339: Property 'className' does not exist on type '{}'.
components/ui/carousel.tsx(156,69): error TS2344: Type '"div"' does not satisfy the constraint 'JSXElementConstructor<any> | keyof IntrinsicElements'.
components/ui/carousel.tsx(160,5): error TS2339: Property 'div' does not exist on type 'JSX.IntrinsicElements'.
components/ui/carousel.tsx(175,3): error TS2339: Property 'className' does not exist on type 'VariantProps<(props?: (ConfigVariants<{ variant: { default: string; destructive: string; outline: string; secondary: string; ghost: string; link: string; }; size: { default: string; sm: string; lg: string; icon: string; 'icon-sm': string; 'icon-lg': string; }; }> & ClassProp) | undefined) => string> & { ...; }'.
components/ui/carousel.tsx(187,7): error TS2322: Type '{ asChild?: boolean | undefined; "data-slot": string; variant: "link" | "default" | "destructive" | "outline" | "secondary" | "ghost" | null; size: "default" | "icon" | "sm" | "lg" | "icon-sm" | "icon-lg" | null; className: string; disabled: boolean; onClick: () => void; }' is not assignable to type 'VariantProps<(props?: (ConfigVariants<{ variant: { default: string; destructive: string; outline: string; secondary: string; ghost: string; link: string; }; size: { default: string; sm: string; lg: string; icon: string; 'icon-sm': string; 'icon-lg': string; }; }> & ClassProp) | undefined) => string> & { ...; }'.
  Property 'className' does not exist on type 'VariantProps<(props?: (ConfigVariants<{ variant: { default: string; destructive: string; outline: string; secondary: string; ghost: string; link: string; }; size: { default: string; sm: string; lg: string; icon: string; 'icon-sm': string; 'icon-lg': string; }; }> & ClassProp) | undefined) => string> & { ...; }'.
components/ui/carousel.tsx(199,7): error TS2339: Property 'span' does not exist on type 'JSX.IntrinsicElements'.
components/ui/carousel.tsx(199,47): error TS2339: Property 'span' does not exist on type 'JSX.IntrinsicElements'.
components/ui/carousel.tsx(205,3): error TS2339: Property 'className' does not exist on type 'VariantProps<(props?: (ConfigVariants<{ variant: { default: string; destructive: string; outline: string; secondary: string; ghost: string; link: string; }; size: { default: string; sm: string; lg: string; icon: string; 'icon-sm': string; 'icon-lg': string; }; }> & ClassProp) | undefined) => string> & { ...; }'.
components/ui/carousel.tsx(217,7): error TS2322: Type '{ asChild?: boolean | undefined; "data-slot": string; variant: "link" | "default" | "destructive" | "outline" | "secondary" | "ghost" | null; size: "default" | "icon" | "sm" | "lg" | "icon-sm" | "icon-lg" | null; className: string; disabled: boolean; onClick: () => void; }' is not assignable to type 'VariantProps<(props?: (ConfigVariants<{ variant: { default: string; destructive: string; outline: string; secondary: string; ghost: string; link: string; }; size: { default: string; sm: string; lg: string; icon: string; 'icon-sm': string; 'icon-lg': string; }; }> & ClassProp) | undefined) => string> & { ...; }'.
  Property 'className' does not exist on type 'VariantProps<(props?: (ConfigVariants<{ variant: { default: string; destructive: string; outline: string; secondary: string; ghost: string; link: string; }; size: { default: string; sm: string; lg: string; icon: string; 'icon-sm': string; 'icon-lg': string; }; }> & ClassProp) | undefined) => string> & { ...; }'.
components/ui/carousel.tsx(229,7): error TS2339: Property 'span' does not exist on type 'JSX.IntrinsicElements'.
components/ui/carousel.tsx(229,43): error TS2339: Property 'span' does not exist on type 'JSX.IntrinsicElements'.
components/ui/chart.tsx(38,3): error TS2339: Property 'id' does not exist on type '{ config: ChartConfig; children: ReactElement<any, string | JSXElementConstructor<any>>; }'.
components/ui/chart.tsx(39,3): error TS2339: Property 'className' does not exist on type '{ config: ChartConfig; children: ReactElement<any, string | JSXElementConstructor<any>>; }'.
components/ui/chart.tsx(43,25): error TS2344: Type '"div"' does not satisfy the constraint 'JSXElementConstructor<any> | keyof IntrinsicElements'.
components/ui/chart.tsx(54,7): error TS2339: Property 'div' does not exist on type 'JSX.IntrinsicElements'.
components/ui/chart.tsx(64,10): error TS2322: Type '{}' is not assignable to type 'Props & RefAttributes<HTMLDivElement | { current: HTMLDivElement; }>'.
  Property 'children' is missing in type '{}' but required in type 'Props'.
components/ui/chart.tsx(67,7): error TS2339: Property 'div' does not exist on type 'JSX.IntrinsicElements'.
components/ui/chart.tsx(82,5): error TS2339: Property 'style' does not exist on type 'JSX.IntrinsicElements'.
components/ui/chart.tsx(110,3): error TS2339: Property 'className' does not exist on type 'Props<ValueType, NameType> & { accessibilityLayer?: boolean | undefined; active?: boolean | undefined; includeHidden?: boolean | undefined; allowEscapeViewBox?: AllowInDimension | undefined; ... 16 more ...; wrapperStyle?: CSSProperties | undefined; } & { ...; }'.
components/ui/chart.tsx(118,3): error TS2339: Property 'color' does not exist on type 'Props<ValueType, NameType> & { accessibilityLayer?: boolean | undefined; active?: boolean | undefined; includeHidden?: boolean | undefined; allowEscapeViewBox?: AllowInDimension | undefined; ... 16 more ...; wrapperStyle?: CSSProperties | undefined; } & { ...; }'.
components/ui/chart.tsx(122,24): error TS2344: Type '"div"' does not satisfy the constraint 'JSXElementConstructor<any> | keyof IntrinsicElements'.
components/ui/chart.tsx(146,9): error TS2339: Property 'div' does not exist on type 'JSX.IntrinsicElements'.
components/ui/chart.tsx(148,9): error TS2339: Property 'div' does not exist on type 'JSX.IntrinsicElements'.
components/ui/chart.tsx(156,12): error TS2339: Property 'div' does not exist on type 'JSX.IntrinsicElements'.
components/ui/chart.tsx(156,70): error TS2339: Property 'div' does not exist on type 'JSX.IntrinsicElements'.
components/ui/chart.tsx(174,5): error TS2339: Property 'div' does not exist on type 'JSX.IntrinsicElements'.
components/ui/chart.tsx(181,7): error TS2339: Property 'div' does not exist on type 'JSX.IntrinsicElements'.
components/ui/chart.tsx(188,13): error TS2339: Property 'div' does not exist on type 'JSX.IntrinsicElements'.
components/ui/chart.tsx(203,23): error TS2339: Property 'div' does not exist on type 'JSX.IntrinsicElements'.
components/ui/chart.tsx(223,19): error TS2339: Property 'div' does not exist on type 'JSX.IntrinsicElements'.
components/ui/chart.tsx(229,21): error TS2339: Property 'div' does not exist on type 'JSX.IntrinsicElements'.
components/ui/chart.tsx(231,23): error TS2339: Property 'span' does not exist on type 'JSX.IntrinsicElements'.
components/ui/chart.tsx(233,23): error TS2339: Property 'span' does not exist on type 'JSX.IntrinsicElements'.
components/ui/chart.tsx(234,21): error TS2339: Property 'div' does not exist on type 'JSX.IntrinsicElements'.
components/ui/chart.tsx(236,23): error TS2339: Property 'span' does not exist on type 'JSX.IntrinsicElements'.
components/ui/chart.tsx(238,23): error TS2339: Property 'span' does not exist on type 'JSX.IntrinsicElements'.
components/ui/chart.tsx(240,19): error TS2339: Property 'div' does not exist on type 'JSX.IntrinsicElements'.
components/ui/chart.tsx(243,13): error TS2339: Property 'div' does not exist on type 'JSX.IntrinsicElements'.
components/ui/chart.tsx(246,7): error TS2339: Property 'div' does not exist on type 'JSX.IntrinsicElements'.
components/ui/chart.tsx(247,5): error TS2339: Property 'div' does not exist on type 'JSX.IntrinsicElements'.
components/ui/chart.tsx(254,3): error TS2339: Property 'className' does not exist on type 'Pick<Props, "payload" | "verticalAlign"> & { hideIcon?: boolean | undefined; nameKey?: string | undefined; }'.
components/ui/chart.tsx(259,25): error TS2344: Type '"div"' does not satisfy the constraint 'JSXElementConstructor<any> | keyof IntrinsicElements'.
components/ui/chart.tsx(271,5): error TS2339: Property 'div' does not exist on type 'JSX.IntrinsicElements'.
components/ui/chart.tsx(283,11): error TS2339: Property 'div' does not exist on type 'JSX.IntrinsicElements'.
components/ui/chart.tsx(290,15): error TS2339: Property 'div' does not exist on type 'JSX.IntrinsicElements'.
components/ui/chart.tsx(298,11): error TS2339: Property 'div' does not exist on type 'JSX.IntrinsicElements'.
components/ui/chart.tsx(301,5): error TS2339: Property 'div' does not exist on type 'JSX.IntrinsicElements'.
components/ui/checkbox.tsx(10,3): error TS2339: Property 'className' does not exist on type 'CheckboxProps & RefAttributes<HTMLButtonElement>'.
components/ui/checkbox.tsx(16,7): error TS2322: Type '{ checked?: CheckedState | undefined; defaultChecked?: CheckedState | undefined; required?: boolean | undefined; onCheckedChange?(checked: CheckedState): void; ... 4 more ...; className: string; }' is not assignable to type 'CheckboxProps & RefAttributes<HTMLButtonElement>'.
  Property 'className' does not exist on type 'CheckboxProps & RefAttributes<HTMLButtonElement>'.
components/ui/checkbox.tsx(24,9): error TS2322: Type '{ "data-slot": string; className: string; }' is not assignable to type 'CheckboxIndicatorProps & RefAttributes<HTMLSpanElement>'.
  Property 'className' does not exist on type 'CheckboxIndicatorProps & RefAttributes<HTMLSpanElement>'.
components/ui/command.tsx(47,21): error TS2322: Type '{ className: string; }' is not assignable to type '{}'.
  Property 'className' does not exist on type '{}'.
components/ui/command.tsx(52,9): error TS2322: Type '{ className: string; showCloseButton: boolean; }' is not assignable to type 'DialogContentProps & RefAttributes<HTMLDivElement> & { showCloseButton?: boolean | undefined; }'.
  Property 'className' does not exist on type 'DialogContentProps & RefAttributes<HTMLDivElement> & { showCloseButton?: boolean | undefined; }'.
components/ui/command.tsx(68,5): error TS2339: Property 'div' does not exist on type 'JSX.IntrinsicElements'.
components/ui/command.tsx(81,5): error TS2339: Property 'div' does not exist on type 'JSX.IntrinsicElements'.
components/ui/command.tsx(159,3): error TS2339: Property 'className' does not exist on type '{}'.
components/ui/command.tsx(161,25): error TS2344: Type '"span"' does not satisfy the constraint 'JSXElementConstructor<any> | keyof IntrinsicElements'.
components/ui/command.tsx(163,5): error TS2339: Property 'span' does not exist on type 'JSX.IntrinsicElements'.
components/ui/context-menu.tsx(57,3): error TS2339: Property 'className' does not exist on type 'ContextMenuSubTriggerProps & RefAttributes<HTMLDivElement> & { inset?: boolean | undefined; }'.
components/ui/context-menu.tsx(59,3): error TS2339: Property 'children' does not exist on type 'ContextMenuSubTriggerProps & RefAttributes<HTMLDivElement> & { inset?: boolean | undefined; }'.
components/ui/context-menu.tsx(68,7): error TS2322: Type '{ asChild?: boolean | undefined; key?: Key | null | undefined; disabled?: boolean | undefined; textValue?: string | undefined; ref?: Ref<HTMLDivElement> | undefined; "data-slot": string; "data-inset": boolean | undefined; className: string; }' is not assignable to type 'ContextMenuSubTriggerProps & RefAttributes<HTMLDivElement>'.
  Property 'className' does not exist on type 'ContextMenuSubTriggerProps & RefAttributes<HTMLDivElement>'.
components/ui/context-menu.tsx(81,3): error TS2339: Property 'className' does not exist on type 'ContextMenuSubContentProps & RefAttributes<HTMLDivElement>'.
components/ui/context-menu.tsx(87,7): error TS2322: Type '{ asChild?: boolean | undefined; key?: Key | null | undefined; loop?: boolean | undefined; onEscapeKeyDown?: ((event: KeyboardEvent) => void) | undefined; forceMount?: true | undefined; ... 14 more ...; className: string; }' is not assignable to type 'ContextMenuSubContentProps & RefAttributes<HTMLDivElement>'.
  Property 'className' does not exist on type 'ContextMenuSubContentProps & RefAttributes<HTMLDivElement>'.
components/ui/context-menu.tsx(97,3): error TS2339: Property 'className' does not exist on type 'ContextMenuContentProps & RefAttributes<HTMLDivElement>'.
components/ui/context-menu.tsx(104,9): error TS2322: Type '{ asChild?: boolean | undefined; key?: Key | null | undefined; loop?: boolean | undefined; onEscapeKeyDown?: ((event: KeyboardEvent) => void) | undefined; forceMount?: true | undefined; ... 14 more ...; className: string; }' is not assignable to type 'ContextMenuContentProps & RefAttributes<HTMLDivElement>'.
  Property 'className' does not exist on type 'ContextMenuContentProps & RefAttributes<HTMLDivElement>'.
components/ui/context-menu.tsx(115,3): error TS2339: Property 'className' does not exist on type 'ContextMenuItemProps & RefAttributes<HTMLDivElement> & { inset?: boolean | undefined; variant?: "default" | "destructive" | undefined; }'.
components/ui/context-menu.tsx(128,7): error TS2322: Type '{ asChild?: boolean | undefined; key?: Key | null | undefined; onSelect?: ((event: Event) => void) | undefined; disabled?: boolean | undefined; textValue?: string | undefined; ... 4 more ...; className: string; }' is not assignable to type 'ContextMenuItemProps & RefAttributes<HTMLDivElement>'.
  Property 'className' does not exist on type 'ContextMenuItemProps & RefAttributes<HTMLDivElement>'.
components/ui/context-menu.tsx(138,3): error TS2339: Property 'className' does not exist on type 'ContextMenuCheckboxItemProps & RefAttributes<HTMLDivElement>'.
components/ui/context-menu.tsx(139,3): error TS2339: Property 'children' does not exist on type 'ContextMenuCheckboxItemProps & RefAttributes<HTMLDivElement>'.
components/ui/context-menu.tsx(146,7): error TS2322: Type '{ asChild?: boolean | undefined; key?: Key | null | undefined; onSelect?: ((event: Event) => void) | undefined; disabled?: boolean | undefined; onCheckedChange?: ((checked: boolean) => void) | undefined; ... 4 more ...; checked: CheckedState | undefined; }' is not assignable to type 'ContextMenuCheckboxItemProps & RefAttributes<HTMLDivElement>'.
  Property 'className' does not exist on type 'ContextMenuCheckboxItemProps & RefAttributes<HTMLDivElement>'.
components/ui/context-menu.tsx(153,7): error TS2339: Property 'span' does not exist on type 'JSX.IntrinsicElements'.
components/ui/context-menu.tsx(157,7): error TS2339: Property 'span' does not exist on type 'JSX.IntrinsicElements'.
components/ui/context-menu.tsx(164,3): error TS2339: Property 'className' does not exist on type 'ContextMenuRadioItemProps & RefAttributes<HTMLDivElement>'.
components/ui/context-menu.tsx(165,3): error TS2339: Property 'children' does not exist on type 'ContextMenuRadioItemProps & RefAttributes<HTMLDivElement>'.
components/ui/context-menu.tsx(171,7): error TS2322: Type '{ asChild?: boolean | undefined; key?: Key | null | undefined; value: string; onSelect?: ((event: Event) => void) | undefined; disabled?: boolean | undefined; textValue?: string | undefined; ref?: Ref<...> | undefined; "data-slot": string; className: string; }' is not assignable to type 'ContextMenuRadioItemProps & RefAttributes<HTMLDivElement>'.
  Property 'className' does not exist on type 'ContextMenuRadioItemProps & RefAttributes<HTMLDivElement>'.
components/ui/context-menu.tsx(177,7): error TS2339: Property 'span' does not exist on type 'JSX.IntrinsicElements'.
components/ui/context-menu.tsx(181,7): error TS2339: Property 'span' does not exist on type 'JSX.IntrinsicElements'.
components/ui/context-menu.tsx(188,3): error TS2339: Property 'className' does not exist on type 'ContextMenuLabelProps & RefAttributes<HTMLDivElement> & { inset?: boolean | undefined; }'.
components/ui/context-menu.tsx(198,7): error TS2322: Type '{ asChild?: boolean | undefined; key?: Key | null | undefined; ref?: Ref<HTMLDivElement> | undefined; "data-slot": string; "data-inset": boolean | undefined; className: string; }' is not assignable to type 'ContextMenuLabelProps & RefAttributes<HTMLDivElement>'.
  Property 'className' does not exist on type 'ContextMenuLabelProps & RefAttributes<HTMLDivElement>'.
components/ui/context-menu.tsx(208,3): error TS2339: Property 'className' does not exist on type 'ContextMenuSeparatorProps & RefAttributes<HTMLDivElement>'.
components/ui/context-menu.tsx(214,7): error TS2322: Type '{ asChild?: boolean | undefined; key?: Key | null | undefined; ref?: Ref<HTMLDivElement> | undefined; "data-slot": string; className: string; }' is not assignable to type 'ContextMenuSeparatorProps & RefAttributes<HTMLDivElement>'.
  Property 'className' does not exist on type 'ContextMenuSeparatorProps & RefAttributes<HTMLDivElement>'.
components/ui/context-menu.tsx(221,3): error TS2339: Property 'className' does not exist on type '{}'.
components/ui/context-menu.tsx(223,25): error TS2344: Type '"span"' does not satisfy the constraint 'JSXElementConstructor<any> | keyof IntrinsicElements'.
components/ui/context-menu.tsx(225,5): error TS2339: Property 'span' does not exist on type 'JSX.IntrinsicElements'.
components/ui/dialog.tsx(34,3): error TS2339: Property 'className' does not exist on type 'DialogOverlayProps & RefAttributes<HTMLDivElement>'.
components/ui/dialog.tsx(40,7): error TS2322: Type '{ forceMount?: true | undefined; asChild?: boolean | undefined; ref?: Ref<HTMLDivElement> | undefined; key?: Key | null | undefined; "data-slot": string; className: string; }' is not assignable to type 'DialogOverlayProps & RefAttributes<HTMLDivElement>'.
  Property 'className' does not exist on type 'DialogOverlayProps & RefAttributes<HTMLDivElement>'.
components/ui/dialog.tsx(50,3): error TS2339: Property 'className' does not exist on type 'DialogContentProps & RefAttributes<HTMLDivElement> & { showCloseButton?: boolean | undefined; }'.
components/ui/dialog.tsx(51,3): error TS2339: Property 'children' does not exist on type 'DialogContentProps & RefAttributes<HTMLDivElement> & { showCloseButton?: boolean | undefined; }'.
components/ui/dialog.tsx(62,9): error TS2322: Type '{ forceMount?: true | undefined; asChild?: boolean | undefined; key?: Key | null | undefined; onEscapeKeyDown?: ((event: KeyboardEvent) => void) | undefined; onPointerDownOutside?: ((event: PointerDownOutsideEvent) => void) | undefined; ... 6 more ...; className: string; }' is not assignable to type 'DialogContentProps & RefAttributes<HTMLDivElement>'.
  Property 'className' does not exist on type 'DialogContentProps & RefAttributes<HTMLDivElement>'.
components/ui/dialog.tsx(72,13): error TS2322: Type '{ "data-slot": string; className: string; }' is not assignable to type 'DialogCloseProps & RefAttributes<HTMLButtonElement>'.
  Property 'className' does not exist on type 'DialogCloseProps & RefAttributes<HTMLButtonElement>'.
components/ui/dialog.tsx(75,13): error TS2339: Property 'span' does not exist on type 'JSX.IntrinsicElements'.
components/ui/dialog.tsx(75,44): error TS2339: Property 'span' does not exist on type 'JSX.IntrinsicElements'.
components/ui/dialog.tsx(83,25): error TS2339: Property 'className' does not exist on type '{}'.
components/ui/dialog.tsx(83,69): error TS2344: Type '"div"' does not satisfy the constraint 'JSXElementConstructor<any> | keyof IntrinsicElements'.
components/ui/dialog.tsx(85,5): error TS2339: Property 'div' does not exist on type 'JSX.IntrinsicElements'.
components/ui/dialog.tsx(93,25): error TS2339: Property 'className' does not exist on type '{}'.
components/ui/dialog.tsx(93,69): error TS2344: Type '"div"' does not satisfy the constraint 'JSXElementConstructor<any> | keyof IntrinsicElements'.
components/ui/dialog.tsx(95,5): error TS2339: Property 'div' does not exist on type 'JSX.IntrinsicElements'.
components/ui/dialog.tsx(107,3): error TS2339: Property 'className' does not exist on type 'DialogTitleProps & RefAttributes<HTMLHeadingElement>'.
components/ui/dialog.tsx(113,7): error TS2322: Type '{ asChild?: boolean | undefined; ref?: Ref<HTMLHeadingElement> | undefined; key?: Key | null | undefined; "data-slot": string; className: string; }' is not assignable to type 'DialogTitleProps & RefAttributes<HTMLHeadingElement>'.
  Property 'className' does not exist on type 'DialogTitleProps & RefAttributes<HTMLHeadingElement>'.
components/ui/dialog.tsx(120,3): error TS2339: Property 'className' does not exist on type 'DialogDescriptionProps & RefAttributes<HTMLParagraphElement>'.
components/ui/dialog.tsx(126,7): error TS2322: Type '{ asChild?: boolean | undefined; ref?: Ref<HTMLParagraphElement> | undefined; key?: Key | null | undefined; "data-slot": string; className: string; }' is not assignable to type 'DialogDescriptionProps & RefAttributes<HTMLParagraphElement>'.
  Property 'className' does not exist on type 'DialogDescriptionProps & RefAttributes<HTMLParagraphElement>'.
components/ui/drawer.tsx(33,3): error TS2339: Property 'className' does not exist on type 'Omit<DialogOverlayProps & RefAttributes<HTMLDivElement>, "ref"> & RefAttributes<HTMLDivElement>'.
components/ui/drawer.tsx(39,7): error TS2322: Type '{ asChild?: boolean | undefined; key?: Key | null | undefined; forceMount?: true | undefined; ref?: Ref<HTMLDivElement> | undefined; "data-slot": string; className: string; }' is not assignable to type 'Omit<DialogOverlayProps & RefAttributes<HTMLDivElement>, "ref"> & RefAttributes<HTMLDivElement>'.
  Property 'className' does not exist on type 'Omit<DialogOverlayProps & RefAttributes<HTMLDivElement>, "ref"> & RefAttributes<HTMLDivElement>'.
components/ui/drawer.tsx(49,3): error TS2339: Property 'className' does not exist on type 'Omit<DialogContentProps & RefAttributes<HTMLDivElement>, "ref"> & RefAttributes<HTMLDivElement>'.
components/ui/drawer.tsx(50,3): error TS2339: Property 'children' does not exist on type 'Omit<DialogContentProps & RefAttributes<HTMLDivElement>, "ref"> & RefAttributes<HTMLDivElement>'.
components/ui/drawer.tsx(58,9): error TS2322: Type '{ asChild?: boolean | undefined; key?: Key | null | undefined; onEscapeKeyDown?: ((event: KeyboardEvent) => void) | undefined; forceMount?: true | undefined; onPointerDownOutside?: ((event: PointerDownOutsideEvent) => void) | undefined; ... 6 more ...; className: string; }' is not assignable to type 'Omit<DialogContentProps & RefAttributes<HTMLDivElement>, "ref"> & RefAttributes<HTMLDivElement>'.
  Property 'className' does not exist on type 'Omit<DialogContentProps & RefAttributes<HTMLDivElement>, "ref"> & RefAttributes<HTMLDivElement>'.
components/ui/drawer.tsx(68,9): error TS2339: Property 'div' does not exist on type 'JSX.IntrinsicElements'.
components/ui/drawer.tsx(75,25): error TS2339: Property 'className' does not exist on type '{}'.
components/ui/drawer.tsx(75,69): error TS2344: Type '"div"' does not satisfy the constraint 'JSXElementConstructor<any> | keyof IntrinsicElements'.
components/ui/drawer.tsx(77,5): error TS2339: Property 'div' does not exist on type 'JSX.IntrinsicElements'.
components/ui/drawer.tsx(88,25): error TS2339: Property 'className' does not exist on type '{}'.
components/ui/drawer.tsx(88,69): error TS2344: Type '"div"' does not satisfy the constraint 'JSXElementConstructor<any> | keyof IntrinsicElements'.
components/ui/drawer.tsx(90,5): error TS2339: Property 'div' does not exist on type 'JSX.IntrinsicElements'.
components/ui/drawer.tsx(99,3): error TS2339: Property 'className' does not exist on type 'DialogTitleProps & RefAttributes<HTMLHeadingElement>'.
components/ui/drawer.tsx(105,7): error TS2322: Type '{ asChild?: boolean | undefined; ref?: Ref<HTMLHeadingElement> | undefined; key?: Key | null | undefined; "data-slot": string; className: string; }' is not assignable to type 'DialogTitleProps & RefAttributes<HTMLHeadingElement>'.
  Property 'className' does not exist on type 'DialogTitleProps & RefAttributes<HTMLHeadingElement>'.
components/ui/drawer.tsx(112,3): error TS2339: Property 'className' does not exist on type 'DialogDescriptionProps & RefAttributes<HTMLParagraphElement>'.
components/ui/drawer.tsx(118,7): error TS2322: Type '{ asChild?: boolean | undefined; ref?: Ref<HTMLParagraphElement> | undefined; key?: Key | null | undefined; "data-slot": string; className: string; }' is not assignable to type 'DialogDescriptionProps & RefAttributes<HTMLParagraphElement>'.
  Property 'className' does not exist on type 'DialogDescriptionProps & RefAttributes<HTMLParagraphElement>'.
components/ui/dropdown-menu.tsx(35,3): error TS2339: Property 'className' does not exist on type 'DropdownMenuContentProps & RefAttributes<HTMLDivElement>'.
components/ui/dropdown-menu.tsx(44,9): error TS2322: Type '{ asChild?: boolean | undefined; key?: Key | null | undefined; side?: "left" | "right" | "top" | "bottom" | undefined; loop?: boolean | undefined; onEscapeKeyDown?: ((event: KeyboardEvent) => void) | undefined; ... 17 more ...; className: string; }' is not assignable to type 'DropdownMenuContentProps & RefAttributes<HTMLDivElement>'.
  Property 'className' does not exist on type 'DropdownMenuContentProps & RefAttributes<HTMLDivElement>'.
components/ui/dropdown-menu.tsx(63,3): error TS2339: Property 'className' does not exist on type 'DropdownMenuItemProps & RefAttributes<HTMLDivElement> & { inset?: boolean | undefined; variant?: "default" | "destructive" | undefined; }'.
components/ui/dropdown-menu.tsx(76,7): error TS2322: Type '{ asChild?: boolean | undefined; key?: Key | null | undefined; onSelect?: ((event: Event) => void) | undefined; disabled?: boolean | undefined; textValue?: string | undefined; ... 4 more ...; className: string; }' is not assignable to type 'DropdownMenuItemProps & RefAttributes<HTMLDivElement>'.
  Property 'className' does not exist on type 'DropdownMenuItemProps & RefAttributes<HTMLDivElement>'.
components/ui/dropdown-menu.tsx(86,3): error TS2339: Property 'className' does not exist on type 'DropdownMenuCheckboxItemProps & RefAttributes<HTMLDivElement>'.
components/ui/dropdown-menu.tsx(87,3): error TS2339: Property 'children' does not exist on type 'DropdownMenuCheckboxItemProps & RefAttributes<HTMLDivElement>'.
components/ui/dropdown-menu.tsx(94,7): error TS2322: Type '{ asChild?: boolean | undefined; key?: Key | null | undefined; onSelect?: ((event: Event) => void) | undefined; disabled?: boolean | undefined; onCheckedChange?: ((checked: boolean) => void) | undefined; ... 4 more ...; checked: CheckedState | undefined; }' is not assignable to type 'DropdownMenuCheckboxItemProps & RefAttributes<HTMLDivElement>'.
  Property 'className' does not exist on type 'DropdownMenuCheckboxItemProps & RefAttributes<HTMLDivElement>'.
components/ui/dropdown-menu.tsx(101,7): error TS2339: Property 'span' does not exist on type 'JSX.IntrinsicElements'.
components/ui/dropdown-menu.tsx(105,7): error TS2339: Property 'span' does not exist on type 'JSX.IntrinsicElements'.
components/ui/dropdown-menu.tsx(123,3): error TS2339: Property 'className' does not exist on type 'DropdownMenuRadioItemProps & RefAttributes<HTMLDivElement>'.
components/ui/dropdown-menu.tsx(124,3): error TS2339: Property 'children' does not exist on type 'DropdownMenuRadioItemProps & RefAttributes<HTMLDivElement>'.
components/ui/dropdown-menu.tsx(130,7): error TS2322: Type '{ asChild?: boolean | undefined; key?: Key | null | undefined; value: string; onSelect?: ((event: Event) => void) | undefined; disabled?: boolean | undefined; textValue?: string | undefined; ref?: Ref<...> | undefined; "data-slot": string; className: string; }' is not assignable to type 'DropdownMenuRadioItemProps & RefAttributes<HTMLDivElement>'.
  Property 'className' does not exist on type 'DropdownMenuRadioItemProps & RefAttributes<HTMLDivElement>'.
components/ui/dropdown-menu.tsx(136,7): error TS2339: Property 'span' does not exist on type 'JSX.IntrinsicElements'.
components/ui/dropdown-menu.tsx(140,7): error TS2339: Property 'span' does not exist on type 'JSX.IntrinsicElements'.
components/ui/dropdown-menu.tsx(147,3): error TS2339: Property 'className' does not exist on type 'DropdownMenuLabelProps & RefAttributes<HTMLDivElement> & { inset?: boolean | undefined; }'.
components/ui/dropdown-menu.tsx(157,7): error TS2322: Type '{ asChild?: boolean | undefined; key?: Key | null | undefined; ref?: Ref<HTMLDivElement> | undefined; "data-slot": string; "data-inset": boolean | undefined; className: string; }' is not assignable to type 'DropdownMenuLabelProps & RefAttributes<HTMLDivElement>'.
  Property 'className' does not exist on type 'DropdownMenuLabelProps & RefAttributes<HTMLDivElement>'.
components/ui/dropdown-menu.tsx(167,3): error TS2339: Property 'className' does not exist on type 'DropdownMenuSeparatorProps & RefAttributes<HTMLDivElement>'.
components/ui/dropdown-menu.tsx(173,7): error TS2322: Type '{ asChild?: boolean | undefined; key?: Key | null | undefined; ref?: Ref<HTMLDivElement> | undefined; "data-slot": string; className: string; }' is not assignable to type 'DropdownMenuSeparatorProps & RefAttributes<HTMLDivElement>'.
  Property 'className' does not exist on type 'DropdownMenuSeparatorProps & RefAttributes<HTMLDivElement>'.
components/ui/dropdown-menu.tsx(180,3): error TS2339: Property 'className' does not exist on type '{}'.
components/ui/dropdown-menu.tsx(182,25): error TS2344: Type '"span"' does not satisfy the constraint 'JSXElementConstructor<any> | keyof IntrinsicElements'.
components/ui/dropdown-menu.tsx(184,5): error TS2339: Property 'span' does not exist on type 'JSX.IntrinsicElements'.
components/ui/dropdown-menu.tsx(202,3): error TS2339: Property 'className' does not exist on type 'DropdownMenuSubTriggerProps & RefAttributes<HTMLDivElement> & { inset?: boolean | undefined; }'.
components/ui/dropdown-menu.tsx(204,3): error TS2339: Property 'children' does not exist on type 'DropdownMenuSubTriggerProps & RefAttributes<HTMLDivElement> & { inset?: boolean | undefined; }'.
components/ui/dropdown-menu.tsx(213,7): error TS2322: Type '{ asChild?: boolean | undefined; key?: Key | null | undefined; disabled?: boolean | undefined; textValue?: string | undefined; ref?: Ref<HTMLDivElement> | undefined; "data-slot": string; "data-inset": boolean | undefined; className: string; }' is not assignable to type 'DropdownMenuSubTriggerProps & RefAttributes<HTMLDivElement>'.
  Property 'className' does not exist on type 'DropdownMenuSubTriggerProps & RefAttributes<HTMLDivElement>'.
components/ui/dropdown-menu.tsx(226,3): error TS2339: Property 'className' does not exist on type 'DropdownMenuSubContentProps & RefAttributes<HTMLDivElement>'.
components/ui/dropdown-menu.tsx(232,7): error TS2322: Type '{ asChild?: boolean | undefined; key?: Key | null | undefined; loop?: boolean | undefined; onEscapeKeyDown?: ((event: KeyboardEvent) => void) | undefined; forceMount?: true | undefined; ... 14 more ...; className: string; }' is not assignable to type 'DropdownMenuSubContentProps & RefAttributes<HTMLDivElement>'.
  Property 'className' does not exist on type 'DropdownMenuSubContentProps & RefAttributes<HTMLDivElement>'.
components/ui/empty.tsx(5,18): error TS2339: Property 'className' does not exist on type '{}'.
components/ui/empty.tsx(5,62): error TS2344: Type '"div"' does not satisfy the constraint 'JSXElementConstructor<any> | keyof IntrinsicElements'.
components/ui/empty.tsx(7,5): error TS2339: Property 'div' does not exist on type 'JSX.IntrinsicElements'.
components/ui/empty.tsx(18,24): error TS2339: Property 'className' does not exist on type '{}'.
components/ui/empty.tsx(18,68): error TS2344: Type '"div"' does not satisfy the constraint 'JSXElementConstructor<any> | keyof IntrinsicElements'.
components/ui/empty.tsx(20,5): error TS2339: Property 'div' does not exist on type 'JSX.IntrinsicElements'.
components/ui/empty.tsx(47,3): error TS2339: Property 'className' does not exist on type 'VariantProps<(props?: (ConfigVariants<{ variant: { default: string; icon: string; }; }> & ClassProp) | undefined) => string>'.
components/ui/empty.tsx(50,25): error TS2344: Type '"div"' does not satisfy the constraint 'JSXElementConstructor<any> | keyof IntrinsicElements'.
components/ui/empty.tsx(52,5): error TS2339: Property 'div' does not exist on type 'JSX.IntrinsicElements'.
components/ui/empty.tsx(61,23): error TS2339: Property 'className' does not exist on type '{}'.
components/ui/empty.tsx(61,67): error TS2344: Type '"div"' does not satisfy the constraint 'JSXElementConstructor<any> | keyof IntrinsicElements'.
components/ui/empty.tsx(63,5): error TS2339: Property 'div' does not exist on type 'JSX.IntrinsicElements'.
components/ui/empty.tsx(71,29): error TS2339: Property 'className' does not exist on type '{}'.
components/ui/empty.tsx(71,73): error TS2344: Type '"p"' does not satisfy the constraint 'JSXElementConstructor<any> | keyof IntrinsicElements'.
components/ui/empty.tsx(73,5): error TS2339: Property 'div' does not exist on type 'JSX.IntrinsicElements'.
components/ui/empty.tsx(84,25): error TS2339: Property 'className' does not exist on type '{}'.
components/ui/empty.tsx(84,69): error TS2344: Type '"div"' does not satisfy the constraint 'JSXElementConstructor<any> | keyof IntrinsicElements'.
components/ui/empty.tsx(86,5): error TS2339: Property 'div' does not exist on type 'JSX.IntrinsicElements'.
components/ui/field.tsx(10,21): error TS2339: Property 'className' does not exist on type '{}'.
components/ui/field.tsx(10,65): error TS2344: Type '"fieldset"' does not satisfy the constraint 'JSXElementConstructor<any> | keyof IntrinsicElements'.
components/ui/field.tsx(12,5): error TS2339: Property 'fieldset' does not exist on type 'JSX.IntrinsicElements'.
components/ui/field.tsx(25,3): error TS2339: Property 'className' does not exist on type '{ variant?: "label" | "legend" | undefined; }'.
components/ui/field.tsx(28,25): error TS2344: Type '"legend"' does not satisfy the constraint 'JSXElementConstructor<any> | keyof IntrinsicElements'.
components/ui/field.tsx(30,5): error TS2339: Property 'legend' does not exist on type 'JSX.IntrinsicElements'.
components/ui/field.tsx(44,23): error TS2339: Property 'className' does not exist on type '{}'.
components/ui/field.tsx(44,67): error TS2344: Type '"div"' does not satisfy the constraint 'JSXElementConstructor<any> | keyof IntrinsicElements'.
components/ui/field.tsx(46,5): error TS2339: Property 'div' does not exist on type 'JSX.IntrinsicElements'.
components/ui/field.tsx(82,3): error TS2339: Property 'className' does not exist on type 'VariantProps<(props?: (ConfigVariants<{ orientation: { vertical: string[]; horizontal: string[]; responsive: string[]; }; }> & ClassProp) | undefined) => string>'.
components/ui/field.tsx(85,25): error TS2344: Type '"div"' does not satisfy the constraint 'JSXElementConstructor<any> | keyof IntrinsicElements'.
components/ui/field.tsx(87,5): error TS2339: Property 'div' does not exist on type 'JSX.IntrinsicElements'.
components/ui/field.tsx(97,25): error TS2339: Property 'className' does not exist on type '{}'.
components/ui/field.tsx(97,69): error TS2344: Type '"div"' does not satisfy the constraint 'JSXElementConstructor<any> | keyof IntrinsicElements'.
components/ui/field.tsx(99,5): error TS2339: Property 'div' does not exist on type 'JSX.IntrinsicElements'.
components/ui/field.tsx(111,3): error TS2339: Property 'className' does not exist on type 'LabelProps & RefAttributes<HTMLLabelElement>'.
components/ui/field.tsx(117,7): error TS2322: Type '{ asChild?: boolean | undefined; ref?: Ref<HTMLLabelElement> | undefined; key?: Key | null | undefined; "data-slot": string; className: string; }' is not assignable to type 'LabelProps & RefAttributes<HTMLLabelElement>'.
  Property 'className' does not exist on type 'LabelProps & RefAttributes<HTMLLabelElement>'.
components/ui/field.tsx(128,23): error TS2339: Property 'className' does not exist on type '{}'.
components/ui/field.tsx(128,67): error TS2344: Type '"div"' does not satisfy the constraint 'JSXElementConstructor<any> | keyof IntrinsicElements'.
components/ui/field.tsx(130,5): error TS2339: Property 'div' does not exist on type 'JSX.IntrinsicElements'.
components/ui/field.tsx(141,29): error TS2339: Property 'className' does not exist on type '{}'.
components/ui/field.tsx(141,73): error TS2344: Type '"p"' does not satisfy the constraint 'JSXElementConstructor<any> | keyof IntrinsicElements'.
components/ui/field.tsx(143,5): error TS2339: Property 'p' does not exist on type 'JSX.IntrinsicElements'.
components/ui/field.tsx(158,3): error TS2339: Property 'className' does not exist on type '{ children?: ReactNode; }'.
components/ui/field.tsx(160,25): error TS2344: Type '"div"' does not satisfy the constraint 'JSXElementConstructor<any> | keyof IntrinsicElements'.
components/ui/field.tsx(164,5): error TS2339: Property 'div' does not exist on type 'JSX.IntrinsicElements'.
components/ui/field.tsx(173,18): error TS2322: Type '{ className: string; }' is not assignable to type 'SeparatorProps & RefAttributes<HTMLDivElement>'.
  Property 'className' does not exist on type 'SeparatorProps & RefAttributes<HTMLDivElement>'.
components/ui/field.tsx(175,9): error TS2339: Property 'span' does not exist on type 'JSX.IntrinsicElements'.
components/ui/field.tsx(180,9): error TS2339: Property 'span' does not exist on type 'JSX.IntrinsicElements'.
components/ui/field.tsx(182,5): error TS2339: Property 'div' does not exist on type 'JSX.IntrinsicElements'.
components/ui/field.tsx(187,3): error TS2339: Property 'className' does not exist on type '{ errors?: ({ message?: string | undefined; } | undefined)[] | undefined; }'.
components/ui/field.tsx(188,3): error TS2339: Property 'children' does not exist on type '{ errors?: ({ message?: string | undefined; } | undefined)[] | undefined; }'.
components/ui/field.tsx(191,25): error TS2344: Type '"div"' does not satisfy the constraint 'JSXElementConstructor<any> | keyof IntrinsicElements'.
components/ui/field.tsx(208,7): error TS2339: Property 'ul' does not exist on type 'JSX.IntrinsicElements'.
components/ui/field.tsx(211,31): error TS2339: Property 'li' does not exist on type 'JSX.IntrinsicElements'.
components/ui/field.tsx(211,62): error TS2339: Property 'li' does not exist on type 'JSX.IntrinsicElements'.
components/ui/field.tsx(213,7): error TS2339: Property 'ul' does not exist on type 'JSX.IntrinsicElements'.
components/ui/field.tsx(222,5): error TS2339: Property 'div' does not exist on type 'JSX.IntrinsicElements'.
components/ui/field.tsx(229,5): error TS2339: Property 'div' does not exist on type 'JSX.IntrinsicElements'.
components/ui/form.tsx(76,21): error TS2339: Property 'className' does not exist on type '{}'.
components/ui/form.tsx(76,65): error TS2344: Type '"div"' does not satisfy the constraint 'JSXElementConstructor<any> | keyof IntrinsicElements'.
components/ui/form.tsx(81,7): error TS2339: Property 'div' does not exist on type 'JSX.IntrinsicElements'.
components/ui/form.tsx(91,3): error TS2339: Property 'className' does not exist on type 'LabelProps & RefAttributes<HTMLLabelElement>'.
components/ui/form.tsx(100,7): error TS2322: Type '{ asChild?: boolean | undefined; ref?: Ref<HTMLLabelElement> | undefined; key?: Key | null | undefined; "data-slot": string; "data-error": boolean; className: string; htmlFor: string; }' is not assignable to type 'LabelProps & RefAttributes<HTMLLabelElement>'.
  Property 'className' does not exist on type 'LabelProps & RefAttributes<HTMLLabelElement>'.
components/ui/form.tsx(125,28): error TS2339: Property 'className' does not exist on type '{}'.
components/ui/form.tsx(125,72): error TS2344: Type '"p"' does not satisfy the constraint 'JSXElementConstructor<any> | keyof IntrinsicElements'.
components/ui/form.tsx(129,5): error TS2339: Property 'p' does not exist on type 'JSX.IntrinsicElements'.
components/ui/form.tsx(138,24): error TS2339: Property 'className' does not exist on type '{}'.
components/ui/form.tsx(138,68): error TS2344: Type '"p"' does not satisfy the constraint 'JSXElementConstructor<any> | keyof IntrinsicElements'.
components/ui/form.tsx(140,61): error TS2339: Property 'children' does not exist on type '{}'.
components/ui/form.tsx(147,5): error TS2339: Property 'p' does not exist on type 'JSX.IntrinsicElements'.
components/ui/form.tsx(154,5): error TS2339: Property 'p' does not exist on type 'JSX.IntrinsicElements'.
components/ui/hover-card.tsx(23,3): error TS2339: Property 'className' does not exist on type 'HoverCardContentProps & RefAttributes<HTMLDivElement>'.
components/ui/hover-card.tsx(34,9): error TS2322: Type '{ forceMount?: true | undefined; onEscapeKeyDown?: ((event: KeyboardEvent) => void) | undefined; onPointerDownOutside?: ((event: PointerDownOutsideEvent) => void) | undefined; ... 17 more ...; className: string; }' is not assignable to type 'HoverCardContentProps & RefAttributes<HTMLDivElement>'.
  Property 'className' does not exist on type 'HoverCardContentProps & RefAttributes<HTMLDivElement>'.
components/ui/input-group.tsx(10,23): error TS2339: Property 'className' does not exist on type '{}'.
components/ui/input-group.tsx(10,67): error TS2344: Type '"div"' does not satisfy the constraint 'JSXElementConstructor<any> | keyof IntrinsicElements'.
components/ui/input-group.tsx(12,5): error TS2339: Property 'div' does not exist on type 'JSX.IntrinsicElements'.
components/ui/input-group.tsx(60,3): error TS2339: Property 'className' does not exist on type 'VariantProps<(props?: (ConfigVariants<{ align: { 'inline-start': string; 'inline-end': string; 'block-start': string; 'block-end': string; }; }> & ClassProp) | undefined) => string>'.
components/ui/input-group.tsx(63,25): error TS2344: Type '"div"' does not satisfy the constraint 'JSXElementConstructor<any> | keyof IntrinsicElements'.
components/ui/input-group.tsx(65,5): error TS2339: Property 'div' does not exist on type 'JSX.IntrinsicElements'.
components/ui/input-group.tsx(70,17): error TS7006: Parameter 'e' implicitly has an 'any' type.
components/ui/input-group.tsx(100,3): error TS2339: Property 'className' does not exist on type 'Omit<VariantProps<(props?: (ConfigVariants<{ variant: { default: string; destructive: string; outline: string; secondary: string; ghost: string; link: string; }; size: { default: string; sm: string; lg: string; icon: string; 'icon-sm': string; 'icon-lg': string; }; }> & ClassProp) | undefined) => string> & { ...; },...'.
components/ui/input-group.tsx(101,3): error TS2339: Property 'type' does not exist on type 'Omit<VariantProps<(props?: (ConfigVariants<{ variant: { default: string; destructive: string; outline: string; secondary: string; ghost: string; link: string; }; size: { default: string; sm: string; lg: string; icon: string; 'icon-sm': string; 'icon-lg': string; }; }> & ClassProp) | undefined) => string> & { ...; },...'.
components/ui/input-group.tsx(109,7): error TS2322: Type '{ asChild?: boolean | undefined; type: any; "data-size": "sm" | "icon-sm" | "xs" | "icon-xs" | null; variant: "link" | "default" | "destructive" | "outline" | "secondary" | "ghost" | null; className: string; }' is not assignable to type 'VariantProps<(props?: (ConfigVariants<{ variant: { default: string; destructive: string; outline: string; secondary: string; ghost: string; link: string; }; size: { default: string; sm: string; lg: string; icon: string; 'icon-sm': string; 'icon-lg': string; }; }> & ClassProp) | undefined) => string> & { ...; }'.
  Property 'type' does not exist on type 'VariantProps<(props?: (ConfigVariants<{ variant: { default: string; destructive: string; outline: string; secondary: string; ghost: string; link: string; }; size: { default: string; sm: string; lg: string; icon: string; 'icon-sm': string; 'icon-lg': string; }; }> & ClassProp) | undefined) => string> & { ...; }'.
components/ui/input-group.tsx(118,27): error TS2339: Property 'className' does not exist on type '{}'.
components/ui/input-group.tsx(118,71): error TS2344: Type '"span"' does not satisfy the constraint 'JSXElementConstructor<any> | keyof IntrinsicElements'.
components/ui/input-group.tsx(120,5): error TS2339: Property 'span' does not exist on type 'JSX.IntrinsicElements'.
components/ui/input-group.tsx(131,3): error TS2339: Property 'className' does not exist on type '{}'.
components/ui/input-group.tsx(133,25): error TS2344: Type '"input"' does not satisfy the constraint 'JSXElementConstructor<any> | keyof IntrinsicElements'.
components/ui/input-group.tsx(137,7): error TS2322: Type '{ "data-slot": string; className: string; }' is not assignable to type '{}'.
  Property 'className' does not exist on type '{}'.
components/ui/input-group.tsx(147,3): error TS2339: Property 'className' does not exist on type '{}'.
components/ui/input-group.tsx(149,25): error TS2344: Type '"textarea"' does not satisfy the constraint 'JSXElementConstructor<any> | keyof IntrinsicElements'.
components/ui/input-group.tsx(153,7): error TS2322: Type '{ "data-slot": string; className: string; }' is not assignable to type '{}'.
  Property 'className' does not exist on type '{}'.
components/ui/input-otp.tsx(29,26): error TS2339: Property 'className' does not exist on type '{}'.
components/ui/input-otp.tsx(29,70): error TS2344: Type '"div"' does not satisfy the constraint 'JSXElementConstructor<any> | keyof IntrinsicElements'.
components/ui/input-otp.tsx(31,5): error TS2339: Property 'div' does not exist on type 'JSX.IntrinsicElements'.
components/ui/input-otp.tsx(41,3): error TS2339: Property 'className' does not exist on type '{ index: number; }'.
components/ui/input-otp.tsx(43,25): error TS2344: Type '"div"' does not satisfy the constraint 'JSXElementConstructor<any> | keyof IntrinsicElements'.
components/ui/input-otp.tsx(50,5): error TS2339: Property 'div' does not exist on type 'JSX.IntrinsicElements'.
components/ui/input-otp.tsx(61,9): error TS2339: Property 'div' does not exist on type 'JSX.IntrinsicElements'.
components/ui/input-otp.tsx(62,11): error TS2339: Property 'div' does not exist on type 'JSX.IntrinsicElements'.
components/ui/input-otp.tsx(63,9): error TS2339: Property 'div' does not exist on type 'JSX.IntrinsicElements'.
components/ui/input-otp.tsx(65,5): error TS2339: Property 'div' does not exist on type 'JSX.IntrinsicElements'.
components/ui/input-otp.tsx(69,63): error TS2344: Type '"div"' does not satisfy the constraint 'JSXElementConstructor<any> | keyof IntrinsicElements'.
components/ui/input-otp.tsx(71,5): error TS2339: Property 'div' does not exist on type 'JSX.IntrinsicElements'.
components/ui/input-otp.tsx(73,5): error TS2339: Property 'div' does not exist on type 'JSX.IntrinsicElements'.
components/ui/input.tsx(5,18): error TS2339: Property 'className' does not exist on type '{}'.
components/ui/input.tsx(5,29): error TS2339: Property 'type' does not exist on type '{}'.
components/ui/input.tsx(5,68): error TS2344: Type '"input"' does not satisfy the constraint 'JSXElementConstructor<any> | keyof IntrinsicElements'.
components/ui/input.tsx(7,5): error TS2339: Property 'input' does not exist on type 'JSX.IntrinsicElements'.
components/ui/item.tsx(8,22): error TS2339: Property 'className' does not exist on type '{}'.
components/ui/item.tsx(8,66): error TS2344: Type '"div"' does not satisfy the constraint 'JSXElementConstructor<any> | keyof IntrinsicElements'.
components/ui/item.tsx(10,5): error TS2339: Property 'div' does not exist on type 'JSX.IntrinsicElements'.
components/ui/item.tsx(20,3): error TS2339: Property 'className' does not exist on type 'SeparatorProps & RefAttributes<HTMLDivElement>'.
components/ui/item.tsx(27,7): error TS2322: Type '{ orientation: "horizontal" | "vertical"; decorative?: boolean | undefined; asChild?: boolean | undefined; ref?: Ref<HTMLDivElement> | undefined; key?: Key | null | undefined; "data-slot": string; className: string; }' is not assignable to type 'SeparatorProps & RefAttributes<HTMLDivElement>'.
  Property 'className' does not exist on type 'SeparatorProps & RefAttributes<HTMLDivElement>'.
components/ui/item.tsx(55,3): error TS2339: Property 'className' does not exist on type 'VariantProps<(props?: (ConfigVariants<{ variant: { default: string; outline: string; muted: string; }; size: { default: string; sm: string; }; }> & ClassProp) | undefined) => string> & { ...; }'.
components/ui/item.tsx(60,25): error TS2344: Type '"div"' does not satisfy the constraint 'JSXElementConstructor<any> | keyof IntrinsicElements'.
components/ui/item.tsx(64,5): error TS2339: Property 'div' does not exist on type 'JSX.IntrinsicElements'.
components/ui/item.tsx(64,6): error TS2604: JSX element type 'Comp' does not have any construct or call signatures.
components/ui/item.tsx(92,3): error TS2339: Property 'className' does not exist on type 'VariantProps<(props?: (ConfigVariants<{ variant: { default: string; icon: string; image: string; }; }> & ClassProp) | undefined) => string>'.
components/ui/item.tsx(95,25): error TS2344: Type '"div"' does not satisfy the constraint 'JSXElementConstructor<any> | keyof IntrinsicElements'.
components/ui/item.tsx(97,5): error TS2339: Property 'div' does not exist on type 'JSX.IntrinsicElements'.
components/ui/item.tsx(106,24): error TS2339: Property 'className' does not exist on type '{}'.
components/ui/item.tsx(106,68): error TS2344: Type '"div"' does not satisfy the constraint 'JSXElementConstructor<any> | keyof IntrinsicElements'.
components/ui/item.tsx(108,5): error TS2339: Property 'div' does not exist on type 'JSX.IntrinsicElements'.
components/ui/item.tsx(119,22): error TS2339: Property 'className' does not exist on type '{}'.
components/ui/item.tsx(119,66): error TS2344: Type '"div"' does not satisfy the constraint 'JSXElementConstructor<any> | keyof IntrinsicElements'.
components/ui/item.tsx(121,5): error TS2339: Property 'div' does not exist on type 'JSX.IntrinsicElements'.
components/ui/item.tsx(132,28): error TS2339: Property 'className' does not exist on type '{}'.
components/ui/item.tsx(132,72): error TS2344: Type '"p"' does not satisfy the constraint 'JSXElementConstructor<any> | keyof IntrinsicElements'.
components/ui/item.tsx(134,5): error TS2339: Property 'p' does not exist on type 'JSX.IntrinsicElements'.
components/ui/item.tsx(146,24): error TS2339: Property 'className' does not exist on type '{}'.
components/ui/item.tsx(146,68): error TS2344: Type '"div"' does not satisfy the constraint 'JSXElementConstructor<any> | keyof IntrinsicElements'.
components/ui/item.tsx(148,5): error TS2339: Property 'div' does not exist on type 'JSX.IntrinsicElements'.
components/ui/item.tsx(156,23): error TS2339: Property 'className' does not exist on type '{}'.
components/ui/item.tsx(156,67): error TS2344: Type '"div"' does not satisfy the constraint 'JSXElementConstructor<any> | keyof IntrinsicElements'.
components/ui/item.tsx(158,5): error TS2339: Property 'div' does not exist on type 'JSX.IntrinsicElements'.
components/ui/item.tsx(169,23): error TS2339: Property 'className' does not exist on type '{}'.
components/ui/item.tsx(169,67): error TS2344: Type '"div"' does not satisfy the constraint 'JSXElementConstructor<any> | keyof IntrinsicElements'.
components/ui/item.tsx(171,5): error TS2339: Property 'div' does not exist on type 'JSX.IntrinsicElements'.
components/ui/kbd.tsx(3,16): error TS2339: Property 'className' does not exist on type '{}'.
components/ui/kbd.tsx(3,60): error TS2344: Type '"kbd"' does not satisfy the constraint 'JSXElementConstructor<any> | keyof IntrinsicElements'.
components/ui/kbd.tsx(5,5): error TS2339: Property 'kbd' does not exist on type 'JSX.IntrinsicElements'.
components/ui/kbd.tsx(18,21): error TS2339: Property 'className' does not exist on type '{}'.
components/ui/kbd.tsx(18,65): error TS2344: Type '"div"' does not satisfy the constraint 'JSXElementConstructor<any> | keyof IntrinsicElements'.
components/ui/kbd.tsx(20,5): error TS2339: Property 'kbd' does not exist on type 'JSX.IntrinsicElements'.
components/ui/label.tsx(9,3): error TS2339: Property 'className' does not exist on type 'LabelProps & RefAttributes<HTMLLabelElement>'.
components/ui/label.tsx(15,7): error TS2322: Type '{ asChild?: boolean | undefined; ref?: Ref<HTMLLabelElement> | undefined; key?: Key | null | undefined; "data-slot": string; className: string; }' is not assignable to type 'LabelProps & RefAttributes<HTMLLabelElement>'.
  Property 'className' does not exist on type 'LabelProps & RefAttributes<HTMLLabelElement>'.
components/ui/menubar.tsx(10,3): error TS2339: Property 'className' does not exist on type 'MenubarProps & RefAttributes<HTMLDivElement>'.
components/ui/menubar.tsx(16,7): error TS2322: Type '{ value?: string | undefined; defaultValue?: string | undefined; onValueChange?: ((value: string) => void) | undefined; loop?: boolean | undefined; dir?: Direction | undefined; ... 4 more ...; className: string; }' is not assignable to type 'MenubarProps & RefAttributes<HTMLDivElement>'.
  Property 'className' does not exist on type 'MenubarProps & RefAttributes<HTMLDivElement>'.
components/ui/menubar.tsx(52,3): error TS2339: Property 'className' does not exist on type 'MenubarTriggerProps & RefAttributes<HTMLButtonElement>'.
components/ui/menubar.tsx(58,7): error TS2322: Type '{ asChild?: boolean | undefined; ref?: Ref<HTMLButtonElement> | undefined; key?: Key | null | undefined; "data-slot": string; className: string; }' is not assignable to type 'MenubarTriggerProps & RefAttributes<HTMLButtonElement>'.
  Property 'className' does not exist on type 'MenubarTriggerProps & RefAttributes<HTMLButtonElement>'.
components/ui/menubar.tsx(68,3): error TS2339: Property 'className' does not exist on type 'MenubarContentProps & RefAttributes<HTMLDivElement>'.
components/ui/menubar.tsx(81,9): error TS2322: Type '{ asChild?: boolean | undefined; key?: Key | null | undefined; side?: "left" | "right" | "top" | "bottom" | undefined; loop?: boolean | undefined; onEscapeKeyDown?: ((event: KeyboardEvent) => void) | undefined; ... 17 more ...; className: string; }' is not assignable to type 'MenubarContentProps & RefAttributes<HTMLDivElement>'.
  Property 'className' does not exist on type 'MenubarContentProps & RefAttributes<HTMLDivElement>'.
components/ui/menubar.tsx(92,3): error TS2339: Property 'className' does not exist on type 'MenubarItemProps & RefAttributes<HTMLDivElement> & { inset?: boolean | undefined; variant?: "default" | "destructive" | undefined; }'.
components/ui/menubar.tsx(105,7): error TS2322: Type '{ asChild?: boolean | undefined; key?: Key | null | undefined; onSelect?: ((event: Event) => void) | undefined; disabled?: boolean | undefined; textValue?: string | undefined; ... 4 more ...; className: string; }' is not assignable to type 'MenubarItemProps & RefAttributes<HTMLDivElement>'.
  Property 'className' does not exist on type 'MenubarItemProps & RefAttributes<HTMLDivElement>'.
components/ui/menubar.tsx(115,3): error TS2339: Property 'className' does not exist on type 'MenubarCheckboxItemProps & RefAttributes<HTMLDivElement>'.
components/ui/menubar.tsx(116,3): error TS2339: Property 'children' does not exist on type 'MenubarCheckboxItemProps & RefAttributes<HTMLDivElement>'.
components/ui/menubar.tsx(123,7): error TS2322: Type '{ asChild?: boolean | undefined; key?: Key | null | undefined; onSelect?: ((event: Event) => void) | undefined; disabled?: boolean | undefined; onCheckedChange?: ((checked: boolean) => void) | undefined; ... 4 more ...; checked: CheckedState | undefined; }' is not assignable to type 'MenubarCheckboxItemProps & RefAttributes<HTMLDivElement>'.
  Property 'className' does not exist on type 'MenubarCheckboxItemProps & RefAttributes<HTMLDivElement>'.
components/ui/menubar.tsx(130,7): error TS2339: Property 'span' does not exist on type 'JSX.IntrinsicElements'.
components/ui/menubar.tsx(134,7): error TS2339: Property 'span' does not exist on type 'JSX.IntrinsicElements'.
components/ui/menubar.tsx(141,3): error TS2339: Property 'className' does not exist on type 'MenubarRadioItemProps & RefAttributes<HTMLDivElement>'.
components/ui/menubar.tsx(142,3): error TS2339: Property 'children' does not exist on type 'MenubarRadioItemProps & RefAttributes<HTMLDivElement>'.
components/ui/menubar.tsx(148,7): error TS2322: Type '{ asChild?: boolean | undefined; key?: Key | null | undefined; value: string; onSelect?: ((event: Event) => void) | undefined; disabled?: boolean | undefined; textValue?: string | undefined; ref?: Ref<...> | undefined; "data-slot": string; className: string; }' is not assignable to type 'MenubarRadioItemProps & RefAttributes<HTMLDivElement>'.
  Property 'className' does not exist on type 'MenubarRadioItemProps & RefAttributes<HTMLDivElement>'.
components/ui/menubar.tsx(154,7): error TS2339: Property 'span' does not exist on type 'JSX.IntrinsicElements'.
components/ui/menubar.tsx(158,7): error TS2339: Property 'span' does not exist on type 'JSX.IntrinsicElements'.
components/ui/menubar.tsx(165,3): error TS2339: Property 'className' does not exist on type 'MenubarLabelProps & RefAttributes<HTMLDivElement> & { inset?: boolean | undefined; }'.
components/ui/menubar.tsx(175,7): error TS2322: Type '{ asChild?: boolean | undefined; key?: Key | null | undefined; ref?: Ref<HTMLDivElement> | undefined; "data-slot": string; "data-inset": boolean | undefined; className: string; }' is not assignable to type 'MenubarLabelProps & RefAttributes<HTMLDivElement>'.
  Property 'className' does not exist on type 'MenubarLabelProps & RefAttributes<HTMLDivElement>'.
components/ui/menubar.tsx(185,3): error TS2339: Property 'className' does not exist on type 'MenubarSeparatorProps & RefAttributes<HTMLDivElement>'.
components/ui/menubar.tsx(191,7): error TS2322: Type '{ asChild?: boolean | undefined; key?: Key | null | undefined; ref?: Ref<HTMLDivElement> | undefined; "data-slot": string; className: string; }' is not assignable to type 'MenubarSeparatorProps & RefAttributes<HTMLDivElement>'.
  Property 'className' does not exist on type 'MenubarSeparatorProps & RefAttributes<HTMLDivElement>'.
components/ui/menubar.tsx(198,3): error TS2339: Property 'className' does not exist on type '{}'.
components/ui/menubar.tsx(200,25): error TS2344: Type '"span"' does not satisfy the constraint 'JSXElementConstructor<any> | keyof IntrinsicElements'.
components/ui/menubar.tsx(202,5): error TS2339: Property 'span' does not exist on type 'JSX.IntrinsicElements'.
components/ui/menubar.tsx(220,3): error TS2339: Property 'className' does not exist on type 'MenubarSubTriggerProps & RefAttributes<HTMLDivElement> & { inset?: boolean | undefined; }'.
components/ui/menubar.tsx(222,3): error TS2339: Property 'children' does not exist on type 'MenubarSubTriggerProps & RefAttributes<HTMLDivElement> & { inset?: boolean | undefined; }'.
components/ui/menubar.tsx(231,7): error TS2322: Type '{ asChild?: boolean | undefined; key?: Key | null | undefined; disabled?: boolean | undefined; textValue?: string | undefined; ref?: Ref<HTMLDivElement> | undefined; "data-slot": string; "data-inset": boolean | undefined; className: string; }' is not assignable to type 'MenubarSubTriggerProps & RefAttributes<HTMLDivElement>'.
  Property 'className' does not exist on type 'MenubarSubTriggerProps & RefAttributes<HTMLDivElement>'.
components/ui/menubar.tsx(244,3): error TS2339: Property 'className' does not exist on type 'MenubarSubContentProps & RefAttributes<HTMLDivElement>'.
components/ui/menubar.tsx(250,7): error TS2322: Type '{ asChild?: boolean | undefined; key?: Key | null | undefined; loop?: boolean | undefined; onEscapeKeyDown?: ((event: KeyboardEvent) => void) | undefined; forceMount?: true | undefined; ... 14 more ...; className: string; }' is not assignable to type 'MenubarSubContentProps & RefAttributes<HTMLDivElement>'.
  Property 'className' does not exist on type 'MenubarSubContentProps & RefAttributes<HTMLDivElement>'.
components/ui/navigation-menu.tsx(9,3): error TS2339: Property 'className' does not exist on type 'NavigationMenuProps & RefAttributes<HTMLElement> & { viewport?: boolean | undefined; }'.
components/ui/navigation-menu.tsx(10,3): error TS2339: Property 'children' does not exist on type 'NavigationMenuProps & RefAttributes<HTMLElement> & { viewport?: boolean | undefined; }'.
components/ui/navigation-menu.tsx(20,7): error TS2322: Type '{ value?: string | undefined; defaultValue?: string | undefined; onValueChange?: ((value: string) => void) | undefined; dir?: Direction | undefined; orientation?: Orientation | undefined; ... 7 more ...; className: string; }' is not assignable to type 'NavigationMenuProps & RefAttributes<HTMLElement>'.
  Property 'className' does not exist on type 'NavigationMenuProps & RefAttributes<HTMLElement>'.
components/ui/navigation-menu.tsx(33,3): error TS2339: Property 'className' does not exist on type 'NavigationMenuListProps & RefAttributes<HTMLUListElement>'.
components/ui/navigation-menu.tsx(39,7): error TS2322: Type '{ asChild?: boolean | undefined; ref?: Ref<HTMLUListElement> | undefined; key?: Key | null | undefined; "data-slot": string; className: string; }' is not assignable to type 'NavigationMenuListProps & RefAttributes<HTMLUListElement>'.
  Property 'className' does not exist on type 'NavigationMenuListProps & RefAttributes<HTMLUListElement>'.
components/ui/navigation-menu.tsx(49,3): error TS2339: Property 'className' does not exist on type 'NavigationMenuItemProps & RefAttributes<HTMLLIElement>'.
components/ui/navigation-menu.tsx(55,7): error TS2322: Type '{ value?: string | undefined; asChild?: boolean | undefined; ref?: Ref<HTMLLIElement> | undefined; key?: Key | null | undefined; "data-slot": string; className: string; }' is not assignable to type 'NavigationMenuItemProps & RefAttributes<HTMLLIElement>'.
  Property 'className' does not exist on type 'NavigationMenuItemProps & RefAttributes<HTMLLIElement>'.
components/ui/navigation-menu.tsx(66,3): error TS2339: Property 'className' does not exist on type 'NavigationMenuTriggerProps & RefAttributes<HTMLButtonElement>'.
components/ui/navigation-menu.tsx(67,3): error TS2339: Property 'children' does not exist on type 'NavigationMenuTriggerProps & RefAttributes<HTMLButtonElement>'.
components/ui/navigation-menu.tsx(73,7): error TS2322: Type '{ asChild?: boolean | undefined; ref?: Ref<HTMLButtonElement> | undefined; key?: Key | null | undefined; "data-slot": string; className: string; }' is not assignable to type 'NavigationMenuTriggerProps & RefAttributes<HTMLButtonElement>'.
  Property 'className' does not exist on type 'NavigationMenuTriggerProps & RefAttributes<HTMLButtonElement>'.
components/ui/navigation-menu.tsx(86,3): error TS2339: Property 'className' does not exist on type 'NavigationMenuContentProps & RefAttributes<HTMLDivElement>'.
components/ui/navigation-menu.tsx(92,7): error TS2322: Type '{ forceMount?: true | undefined; asChild?: boolean | undefined; key?: Key | null | undefined; onEscapeKeyDown?: ((event: KeyboardEvent) => void) | undefined; onPointerDownOutside?: ((event: PointerDownOutsideEvent) => void) | undefined; ... 4 more ...; className: string; }' is not assignable to type 'NavigationMenuContentProps & RefAttributes<HTMLDivElement>'.
  Property 'className' does not exist on type 'NavigationMenuContentProps & RefAttributes<HTMLDivElement>'.
components/ui/navigation-menu.tsx(103,3): error TS2339: Property 'className' does not exist on type 'NavigationMenuViewportProps & RefAttributes<HTMLDivElement>'.
components/ui/navigation-menu.tsx(107,5): error TS2339: Property 'div' does not exist on type 'JSX.IntrinsicElements'.
components/ui/navigation-menu.tsx(112,9): error TS2322: Type '{ forceMount?: true | undefined; asChild?: boolean | undefined; ref?: Ref<HTMLDivElement> | undefined; key?: Key | null | undefined; "data-slot": string; className: string; }' is not assignable to type 'NavigationMenuViewportProps & RefAttributes<HTMLDivElement>'.
  Property 'className' does not exist on type 'NavigationMenuViewportProps & RefAttributes<HTMLDivElement>'.
components/ui/navigation-menu.tsx(118,5): error TS2339: Property 'div' does not exist on type 'JSX.IntrinsicElements'.
components/ui/navigation-menu.tsx(123,3): error TS2339: Property 'className' does not exist on type 'NavigationMenuLinkProps & RefAttributes<HTMLAnchorElement>'.
components/ui/navigation-menu.tsx(129,7): error TS2322: Type '{ active?: boolean | undefined; onSelect?: ((event: Event) => void) | undefined; asChild?: boolean | undefined; ref?: Ref<HTMLAnchorElement> | undefined; key?: Key | ... 1 more ... | undefined; "data-slot": string; className: string; }' is not assignable to type 'NavigationMenuLinkProps & RefAttributes<HTMLAnchorElement>'.
  Property 'className' does not exist on type 'NavigationMenuLinkProps & RefAttributes<HTMLAnchorElement>'.
components/ui/navigation-menu.tsx(139,3): error TS2339: Property 'className' does not exist on type 'NavigationMenuIndicatorProps & RefAttributes<HTMLDivElement>'.
components/ui/navigation-menu.tsx(145,7): error TS2322: Type '{ forceMount?: true | undefined; asChild?: boolean | undefined; ref?: Ref<HTMLDivElement> | undefined; key?: Key | null | undefined; "data-slot": string; className: string; }' is not assignable to type 'NavigationMenuIndicatorProps & RefAttributes<HTMLDivElement>'.
  Property 'className' does not exist on type 'NavigationMenuIndicatorProps & RefAttributes<HTMLDivElement>'.
components/ui/navigation-menu.tsx(151,7): error TS2339: Property 'div' does not exist on type 'JSX.IntrinsicElements'.
components/ui/pagination.tsx(11,23): error TS2339: Property 'className' does not exist on type '{}'.
components/ui/pagination.tsx(11,67): error TS2344: Type '"nav"' does not satisfy the constraint 'JSXElementConstructor<any> | keyof IntrinsicElements'.
components/ui/pagination.tsx(13,5): error TS2339: Property 'nav' does not exist on type 'JSX.IntrinsicElements'.
components/ui/pagination.tsx(24,3): error TS2339: Property 'className' does not exist on type '{}'.
components/ui/pagination.tsx(26,25): error TS2344: Type '"ul"' does not satisfy the constraint 'JSXElementConstructor<any> | keyof IntrinsicElements'.
components/ui/pagination.tsx(28,5): error TS2339: Property 'ul' does not exist on type 'JSX.IntrinsicElements'.
components/ui/pagination.tsx(36,60): error TS2344: Type '"li"' does not satisfy the constraint 'JSXElementConstructor<any> | keyof IntrinsicElements'.
components/ui/pagination.tsx(37,10): error TS2339: Property 'li' does not exist on type 'JSX.IntrinsicElements'.
components/ui/pagination.tsx(43,24): error TS2344: Type '"a"' does not satisfy the constraint 'JSXElementConstructor<any> | keyof IntrinsicElements'.
components/ui/pagination.tsx(46,3): error TS2339: Property 'className' does not exist on type 'PaginationLinkProps'.
components/ui/pagination.tsx(52,5): error TS2339: Property 'a' does not exist on type 'JSX.IntrinsicElements'.
components/ui/pagination.tsx(69,3): error TS2339: Property 'className' does not exist on type '{ isActive?: boolean | undefined; } & Pick<VariantProps<(props?: (ConfigVariants<{ variant: { default: string; destructive: string; outline: string; secondary: string; ghost: string; link: string; }; size: { default: string; ... 4 more ...; 'icon-lg': string; }; }> & ClassProp) | undefined) => string> & { ...; }, "s...'.
components/ui/pagination.tsx(76,7): error TS2322: Type '{ isActive?: boolean | undefined; size: "default" | "icon" | "sm" | "lg" | "icon-sm" | "icon-lg" | null; "aria-label": string; className: string; }' is not assignable to type 'PaginationLinkProps'.
  Property 'className' does not exist on type 'PaginationLinkProps'.
components/ui/pagination.tsx(80,7): error TS2339: Property 'span' does not exist on type 'JSX.IntrinsicElements'.
components/ui/pagination.tsx(80,49): error TS2339: Property 'span' does not exist on type 'JSX.IntrinsicElements'.
components/ui/pagination.tsx(86,3): error TS2339: Property 'className' does not exist on type '{ isActive?: boolean | undefined; } & Pick<VariantProps<(props?: (ConfigVariants<{ variant: { default: string; destructive: string; outline: string; secondary: string; ghost: string; link: string; }; size: { default: string; ... 4 more ...; 'icon-lg': string; }; }> & ClassProp) | undefined) => string> & { ...; }, "s...'.
components/ui/pagination.tsx(93,7): error TS2322: Type '{ isActive?: boolean | undefined; size: "default" | "icon" | "sm" | "lg" | "icon-sm" | "icon-lg" | null; "aria-label": string; className: string; }' is not assignable to type 'PaginationLinkProps'.
  Property 'className' does not exist on type 'PaginationLinkProps'.
components/ui/pagination.tsx(96,7): error TS2339: Property 'span' does not exist on type 'JSX.IntrinsicElements'.
components/ui/pagination.tsx(96,45): error TS2339: Property 'span' does not exist on type 'JSX.IntrinsicElements'.
components/ui/pagination.tsx(103,3): error TS2339: Property 'className' does not exist on type '{}'.
components/ui/pagination.tsx(105,25): error TS2344: Type '"span"' does not satisfy the constraint 'JSXElementConstructor<any> | keyof IntrinsicElements'.
components/ui/pagination.tsx(107,5): error TS2339: Property 'span' does not exist on type 'JSX.IntrinsicElements'.
components/ui/pagination.tsx(114,7): error TS2339: Property 'span' does not exist on type 'JSX.IntrinsicElements'.
components/ui/pagination.tsx(114,43): error TS2339: Property 'span' does not exist on type 'JSX.IntrinsicElements'.
components/ui/pagination.tsx(115,5): error TS2339: Property 'span' does not exist on type 'JSX.IntrinsicElements'.
components/ui/popover.tsx(21,3): error TS2339: Property 'className' does not exist on type 'PopoverContentProps & RefAttributes<HTMLDivElement>'.
components/ui/popover.tsx(32,9): error TS2322: Type '{ forceMount?: true | undefined; asChild?: boolean | undefined; key?: Key | null | undefined; side?: "left" | "right" | "top" | "bottom" | undefined; onEscapeKeyDown?: ((event: KeyboardEvent) => void) | undefined; ... 17 more ...; className: string; }' is not assignable to type 'PopoverContentProps & RefAttributes<HTMLDivElement>'.
  Property 'className' does not exist on type 'PopoverContentProps & RefAttributes<HTMLDivElement>'.
components/ui/progress.tsx(9,3): error TS2339: Property 'className' does not exist on type 'ProgressProps & RefAttributes<HTMLDivElement>'.
components/ui/progress.tsx(16,7): error TS2322: Type '{ max?: number | undefined; getValueLabel?(value: number, max: number): string; asChild?: boolean | undefined; ref?: Ref<HTMLDivElement> | undefined; key?: Key | ... 1 more ... | undefined; "data-slot": string; className: string; }' is not assignable to type 'ProgressProps & RefAttributes<HTMLDivElement>'.
  Property 'className' does not exist on type 'ProgressProps & RefAttributes<HTMLDivElement>'.
components/ui/progress.tsx(24,9): error TS2322: Type '{ "data-slot": string; className: string; style: { transform: string; }; }' is not assignable to type 'ProgressIndicatorProps & RefAttributes<HTMLDivElement>'.
  Property 'className' does not exist on type 'ProgressIndicatorProps & RefAttributes<HTMLDivElement>'.
components/ui/radio-group.tsx(10,3): error TS2339: Property 'className' does not exist on type 'RadioGroupProps & RefAttributes<HTMLDivElement>'.
components/ui/radio-group.tsx(16,7): error TS2322: Type '{ name?: string | undefined; required?: boolean | undefined; disabled?: any; dir?: Direction | undefined; orientation?: "horizontal" | "vertical" | undefined; loop?: boolean | undefined; ... 7 more ...; className: string; }' is not assignable to type 'RadioGroupProps & RefAttributes<HTMLDivElement>'.
  Property 'className' does not exist on type 'RadioGroupProps & RefAttributes<HTMLDivElement>'.
components/ui/radio-group.tsx(23,3): error TS2339: Property 'className' does not exist on type 'RadioGroupItemProps & RefAttributes<HTMLButtonElement>'.
components/ui/radio-group.tsx(29,7): error TS2322: Type '{ value: string; asChild?: boolean | undefined; key?: Key | null | undefined; required?: boolean | undefined; checked?: boolean | undefined; ref?: Ref<HTMLButtonElement> | undefined; "data-slot": string; className: string; }' is not assignable to type 'RadioGroupItemProps & RefAttributes<HTMLButtonElement>'.
  Property 'className' does not exist on type 'RadioGroupItemProps & RefAttributes<HTMLButtonElement>'.
components/ui/radio-group.tsx(37,9): error TS2322: Type '{ "data-slot": string; className: string; }' is not assignable to type 'RadioGroupIndicatorProps & RefAttributes<HTMLSpanElement>'.
  Property 'className' does not exist on type 'RadioGroupIndicatorProps & RefAttributes<HTMLSpanElement>'.
components/ui/resizable.tsx(48,9): error TS2339: Property 'div' does not exist on type 'JSX.IntrinsicElements'.
components/ui/resizable.tsx(50,9): error TS2339: Property 'div' does not exist on type 'JSX.IntrinsicElements'.
components/ui/scroll-area.tsx(9,3): error TS2339: Property 'className' does not exist on type 'ScrollAreaProps & RefAttributes<HTMLDivElement>'.
components/ui/scroll-area.tsx(10,3): error TS2339: Property 'children' does not exist on type 'ScrollAreaProps & RefAttributes<HTMLDivElement>'.
components/ui/scroll-area.tsx(16,7): error TS2322: Type '{ type?: "scroll" | "auto" | "hover" | "always" | undefined; dir?: Direction | undefined; scrollHideDelay?: number | undefined; asChild?: boolean | undefined; ref?: Ref<HTMLDivElement> | undefined; key?: Key | ... 1 more ... | undefined; "data-slot": string; className: string; }' is not assignable to type 'ScrollAreaProps & RefAttributes<HTMLDivElement>'.
  Property 'className' does not exist on type 'ScrollAreaProps & RefAttributes<HTMLDivElement>'.
components/ui/scroll-area.tsx(21,9): error TS2322: Type '{ "data-slot": string; className: string; }' is not assignable to type 'ScrollAreaViewportProps & RefAttributes<HTMLDivElement>'.
  Property 'className' does not exist on type 'ScrollAreaViewportProps & RefAttributes<HTMLDivElement>'.
components/ui/scroll-area.tsx(32,3): error TS2339: Property 'className' does not exist on type 'ScrollAreaScrollbarProps & RefAttributes<HTMLDivElement>'.
components/ui/scroll-area.tsx(40,7): error TS2322: Type '{ forceMount?: true | undefined; asChild?: boolean | undefined; ref?: Ref<HTMLDivElement> | undefined; key?: Key | null | undefined; "data-slot": string; orientation: "horizontal" | "vertical"; className: string; }' is not assignable to type 'ScrollAreaScrollbarProps & RefAttributes<HTMLDivElement>'.
  Property 'className' does not exist on type 'ScrollAreaScrollbarProps & RefAttributes<HTMLDivElement>'.
components/ui/scroll-area.tsx(52,9): error TS2322: Type '{ "data-slot": string; className: string; }' is not assignable to type 'ScrollAreaThumbProps & RefAttributes<HTMLDivElement>'.
  Property 'className' does not exist on type 'ScrollAreaThumbProps & RefAttributes<HTMLDivElement>'.
components/ui/select.tsx(28,3): error TS2339: Property 'className' does not exist on type 'SelectTriggerProps & RefAttributes<HTMLButtonElement> & { size?: "default" | "sm" | undefined; }'.
components/ui/select.tsx(30,3): error TS2339: Property 'children' does not exist on type 'SelectTriggerProps & RefAttributes<HTMLButtonElement> & { size?: "default" | "sm" | undefined; }'.
components/ui/select.tsx(39,7): error TS2322: Type '{ asChild?: boolean | undefined; ref?: Ref<HTMLButtonElement> | undefined; key?: Key | null | undefined; "data-slot": string; "data-size": "default" | "sm"; className: string; }' is not assignable to type 'SelectTriggerProps & RefAttributes<HTMLButtonElement>'.
  Property 'className' does not exist on type 'SelectTriggerProps & RefAttributes<HTMLButtonElement>'.
components/ui/select.tsx(54,3): error TS2339: Property 'className' does not exist on type 'SelectContentProps & RefAttributes<HTMLDivElement>'.
components/ui/select.tsx(55,3): error TS2339: Property 'children' does not exist on type 'SelectContentProps & RefAttributes<HTMLDivElement>'.
components/ui/select.tsx(63,9): error TS2322: Type '{ onCloseAutoFocus?: ((event: Event) => void) | undefined; onEscapeKeyDown?: ((event: KeyboardEvent) => void) | undefined; onPointerDownOutside?: ((event: PointerDownOutsideEvent) => void) | undefined; ... 16 more ...; position: "item-aligned" | "popper"; }' is not assignable to type 'SelectContentProps & RefAttributes<HTMLDivElement>'.
  Property 'className' does not exist on type 'SelectContentProps & RefAttributes<HTMLDivElement>'.
components/ui/select.tsx(74,11): error TS2322: Type '{ className: string; }' is not assignable to type 'SelectViewportProps & RefAttributes<HTMLDivElement>'.
  Property 'className' does not exist on type 'SelectViewportProps & RefAttributes<HTMLDivElement>'.
components/ui/select.tsx(89,3): error TS2339: Property 'className' does not exist on type 'SelectLabelProps & RefAttributes<HTMLDivElement>'.
components/ui/select.tsx(95,7): error TS2322: Type '{ asChild?: boolean | undefined; ref?: Ref<HTMLDivElement> | undefined; key?: Key | null | undefined; "data-slot": string; className: string; }' is not assignable to type 'SelectLabelProps & RefAttributes<HTMLDivElement>'.
  Property 'className' does not exist on type 'SelectLabelProps & RefAttributes<HTMLDivElement>'.
components/ui/select.tsx(102,3): error TS2339: Property 'className' does not exist on type 'SelectItemProps & RefAttributes<HTMLDivElement>'.
components/ui/select.tsx(103,3): error TS2339: Property 'children' does not exist on type 'SelectItemProps & RefAttributes<HTMLDivElement>'.
components/ui/select.tsx(109,7): error TS2322: Type '{ value: string; disabled?: boolean | undefined; textValue?: string | undefined; asChild?: boolean | undefined; ref?: Ref<HTMLDivElement> | undefined; key?: Key | null | undefined; "data-slot": string; className: string; }' is not assignable to type 'SelectItemProps & RefAttributes<HTMLDivElement>'.
  Property 'className' does not exist on type 'SelectItemProps & RefAttributes<HTMLDivElement>'.
components/ui/select.tsx(115,7): error TS2339: Property 'span' does not exist on type 'JSX.IntrinsicElements'.
components/ui/select.tsx(119,7): error TS2339: Property 'span' does not exist on type 'JSX.IntrinsicElements'.
components/ui/select.tsx(126,3): error TS2339: Property 'className' does not exist on type 'SelectSeparatorProps & RefAttributes<HTMLDivElement>'.
components/ui/select.tsx(132,7): error TS2322: Type '{ asChild?: boolean | undefined; ref?: Ref<HTMLDivElement> | undefined; key?: Key | null | undefined; "data-slot": string; className: string; }' is not assignable to type 'SelectSeparatorProps & RefAttributes<HTMLDivElement>'.
  Property 'className' does not exist on type 'SelectSeparatorProps & RefAttributes<HTMLDivElement>'.
components/ui/select.tsx(139,3): error TS2339: Property 'className' does not exist on type 'SelectScrollUpButtonProps & RefAttributes<HTMLDivElement>'.
components/ui/select.tsx(145,7): error TS2322: Type '{ asChild?: boolean | undefined; ref?: Ref<HTMLDivElement> | undefined; key?: Key | null | undefined; "data-slot": string; className: string; }' is not assignable to type 'SelectScrollUpButtonProps & RefAttributes<HTMLDivElement>'.
  Property 'className' does not exist on type 'SelectScrollUpButtonProps & RefAttributes<HTMLDivElement>'.
components/ui/select.tsx(157,3): error TS2339: Property 'className' does not exist on type 'SelectScrollDownButtonProps & RefAttributes<HTMLDivElement>'.
components/ui/select.tsx(163,7): error TS2322: Type '{ asChild?: boolean | undefined; ref?: Ref<HTMLDivElement> | undefined; key?: Key | null | undefined; "data-slot": string; className: string; }' is not assignable to type 'SelectScrollDownButtonProps & RefAttributes<HTMLDivElement>'.
  Property 'className' does not exist on type 'SelectScrollDownButtonProps & RefAttributes<HTMLDivElement>'.
components/ui/separator.tsx(9,3): error TS2339: Property 'className' does not exist on type 'SeparatorProps & RefAttributes<HTMLDivElement>'.
components/ui/separator.tsx(19,7): error TS2322: Type '{ asChild?: boolean | undefined; ref?: Ref<HTMLDivElement> | undefined; key?: Key | null | undefined; "data-slot": string; decorative: boolean; orientation: "horizontal" | "vertical"; className: string; }' is not assignable to type 'SeparatorProps & RefAttributes<HTMLDivElement>'.
  Property 'className' does not exist on type 'SeparatorProps & RefAttributes<HTMLDivElement>'.
components/ui/sheet.tsx(32,3): error TS2339: Property 'className' does not exist on type 'DialogOverlayProps & RefAttributes<HTMLDivElement>'.
components/ui/sheet.tsx(38,7): error TS2322: Type '{ forceMount?: true | undefined; asChild?: boolean | undefined; ref?: Ref<HTMLDivElement> | undefined; key?: Key | null | undefined; "data-slot": string; className: string; }' is not assignable to type 'DialogOverlayProps & RefAttributes<HTMLDivElement>'.
  Property 'className' does not exist on type 'DialogOverlayProps & RefAttributes<HTMLDivElement>'.
components/ui/sheet.tsx(48,3): error TS2339: Property 'className' does not exist on type 'DialogContentProps & RefAttributes<HTMLDivElement> & { side?: "left" | "right" | "top" | "bottom" | undefined; }'.
components/ui/sheet.tsx(49,3): error TS2339: Property 'children' does not exist on type 'DialogContentProps & RefAttributes<HTMLDivElement> & { side?: "left" | "right" | "top" | "bottom" | undefined; }'.
components/ui/sheet.tsx(60,9): error TS2322: Type '{ forceMount?: true | undefined; asChild?: boolean | undefined; key?: Key | null | undefined; onEscapeKeyDown?: ((event: KeyboardEvent) => void) | undefined; onPointerDownOutside?: ((event: PointerDownOutsideEvent) => void) | undefined; ... 6 more ...; className: string; }' is not assignable to type 'DialogContentProps & RefAttributes<HTMLDivElement>'.
  Property 'className' does not exist on type 'DialogContentProps & RefAttributes<HTMLDivElement>'.
components/ui/sheet.tsx(75,31): error TS2322: Type '{ className: string; }' is not assignable to type 'DialogCloseProps & RefAttributes<HTMLButtonElement>'.
  Property 'className' does not exist on type 'DialogCloseProps & RefAttributes<HTMLButtonElement>'.
components/ui/sheet.tsx(77,11): error TS2339: Property 'span' does not exist on type 'JSX.IntrinsicElements'.
components/ui/sheet.tsx(77,42): error TS2339: Property 'span' does not exist on type 'JSX.IntrinsicElements'.
components/ui/sheet.tsx(84,24): error TS2339: Property 'className' does not exist on type '{}'.
components/ui/sheet.tsx(84,68): error TS2344: Type '"div"' does not satisfy the constraint 'JSXElementConstructor<any> | keyof IntrinsicElements'.
components/ui/sheet.tsx(86,5): error TS2339: Property 'div' does not exist on type 'JSX.IntrinsicElements'.
components/ui/sheet.tsx(94,24): error TS2339: Property 'className' does not exist on type '{}'.
components/ui/sheet.tsx(94,68): error TS2344: Type '"div"' does not satisfy the constraint 'JSXElementConstructor<any> | keyof IntrinsicElements'.
components/ui/sheet.tsx(96,5): error TS2339: Property 'div' does not exist on type 'JSX.IntrinsicElements'.
components/ui/sheet.tsx(105,3): error TS2339: Property 'className' does not exist on type 'DialogTitleProps & RefAttributes<HTMLHeadingElement>'.
components/ui/sheet.tsx(111,7): error TS2322: Type '{ asChild?: boolean | undefined; ref?: Ref<HTMLHeadingElement> | undefined; key?: Key | null | undefined; "data-slot": string; className: string; }' is not assignable to type 'DialogTitleProps & RefAttributes<HTMLHeadingElement>'.
  Property 'className' does not exist on type 'DialogTitleProps & RefAttributes<HTMLHeadingElement>'.
components/ui/sheet.tsx(118,3): error TS2339: Property 'className' does not exist on type 'DialogDescriptionProps & RefAttributes<HTMLParagraphElement>'.
components/ui/sheet.tsx(124,7): error TS2322: Type '{ asChild?: boolean | undefined; ref?: Ref<HTMLParagraphElement> | undefined; key?: Key | null | undefined; "data-slot": string; className: string; }' is not assignable to type 'DialogDescriptionProps & RefAttributes<HTMLParagraphElement>'.
  Property 'className' does not exist on type 'DialogDescriptionProps & RefAttributes<HTMLParagraphElement>'.
components/ui/sidebar.tsx(60,3): error TS2339: Property 'className' does not exist on type '{ defaultOpen?: boolean | undefined; open?: boolean | undefined; onOpenChange?: ((open: boolean) => void) | undefined; }'.
components/ui/sidebar.tsx(61,3): error TS2339: Property 'style' does not exist on type '{ defaultOpen?: boolean | undefined; open?: boolean | undefined; onOpenChange?: ((open: boolean) => void) | undefined; }'.
components/ui/sidebar.tsx(62,3): error TS2339: Property 'children' does not exist on type '{ defaultOpen?: boolean | undefined; open?: boolean | undefined; onOpenChange?: ((open: boolean) => void) | undefined; }'.
components/ui/sidebar.tsx(64,25): error TS2344: Type '"div"' does not satisfy the constraint 'JSXElementConstructor<any> | keyof IntrinsicElements'.
components/ui/sidebar.tsx(131,8): error TS2741: Property 'children' is missing in type '{ delayDuration: number; }' but required in type 'TooltipProviderProps'.
components/ui/sidebar.tsx(132,9): error TS2339: Property 'div' does not exist on type 'JSX.IntrinsicElements'.
components/ui/sidebar.tsx(148,9): error TS2339: Property 'div' does not exist on type 'JSX.IntrinsicElements'.
components/ui/sidebar.tsx(158,3): error TS2339: Property 'className' does not exist on type '{ side?: "left" | "right" | undefined; variant?: "inset" | "sidebar" | "floating" | undefined; collapsible?: "icon" | "none" | "offcanvas" | undefined; }'.
components/ui/sidebar.tsx(159,3): error TS2339: Property 'children' does not exist on type '{ side?: "left" | "right" | undefined; variant?: "inset" | "sidebar" | "floating" | undefined; collapsible?: "icon" | "none" | "offcanvas" | undefined; }'.
components/ui/sidebar.tsx(161,25): error TS2344: Type '"div"' does not satisfy the constraint 'JSXElementConstructor<any> | keyof IntrinsicElements'.
components/ui/sidebar.tsx(170,7): error TS2339: Property 'div' does not exist on type 'JSX.IntrinsicElements'.
components/ui/sidebar.tsx(179,7): error TS2339: Property 'div' does not exist on type 'JSX.IntrinsicElements'.
components/ui/sidebar.tsx(190,11): error TS2322: Type '{ "data-sidebar": string; "data-slot": string; "data-mobile": string; className: string; style: CSSProperties; side: "left" | "right"; }' is not assignable to type 'DialogContentProps & RefAttributes<HTMLDivElement> & { side?: "left" | "right" | "top" | "bottom" | undefined; }'.
  Property 'className' does not exist on type 'DialogContentProps & RefAttributes<HTMLDivElement> & { side?: "left" | "right" | "top" | "bottom" | undefined; }'.
components/ui/sidebar.tsx(198,24): error TS2322: Type '{ className: string; }' is not assignable to type '{}'.
  Property 'className' does not exist on type '{}'.
components/ui/sidebar.tsx(202,11): error TS2339: Property 'div' does not exist on type 'JSX.IntrinsicElements'.
components/ui/sidebar.tsx(202,66): error TS2339: Property 'div' does not exist on type 'JSX.IntrinsicElements'.
components/ui/sidebar.tsx(209,5): error TS2339: Property 'div' does not exist on type 'JSX.IntrinsicElements'.
components/ui/sidebar.tsx(218,7): error TS2339: Property 'div' does not exist on type 'JSX.IntrinsicElements'.
components/ui/sidebar.tsx(229,7): error TS2339: Property 'div' does not exist on type 'JSX.IntrinsicElements'.
components/ui/sidebar.tsx(244,9): error TS2339: Property 'div' does not exist on type 'JSX.IntrinsicElements'.
components/ui/sidebar.tsx(250,9): error TS2339: Property 'div' does not exist on type 'JSX.IntrinsicElements'.
components/ui/sidebar.tsx(251,7): error TS2339: Property 'div' does not exist on type 'JSX.IntrinsicElements'.
components/ui/sidebar.tsx(252,5): error TS2339: Property 'div' does not exist on type 'JSX.IntrinsicElements'.
components/ui/sidebar.tsx(257,3): error TS2339: Property 'className' does not exist on type 'VariantProps<(props?: (ConfigVariants<{ variant: { default: string; destructive: string; outline: string; secondary: string; ghost: string; link: string; }; size: { default: string; sm: string; lg: string; icon: string; 'icon-sm': string; 'icon-lg': string; }; }> & ClassProp) | undefined) => string> & { ...; }'.
components/ui/sidebar.tsx(258,3): error TS2339: Property 'onClick' does not exist on type 'VariantProps<(props?: (ConfigVariants<{ variant: { default: string; destructive: string; outline: string; secondary: string; ghost: string; link: string; }; size: { default: string; sm: string; lg: string; icon: string; 'icon-sm': string; 'icon-lg': string; }; }> & ClassProp) | undefined) => string> & { ...; }'.
components/ui/sidebar.tsx(269,7): error TS2322: Type '{ variant: "link" | "default" | "destructive" | "outline" | "secondary" | "ghost" | null; size: "default" | "icon" | "sm" | "lg" | "icon-sm" | "icon-lg" | null; asChild?: boolean | undefined; "data-sidebar": string; "data-slot": string; className: string; onClick: (event: any) => void; }' is not assignable to type 'VariantProps<(props?: (ConfigVariants<{ variant: { default: string; destructive: string; outline: string; secondary: string; ghost: string; link: string; }; size: { default: string; sm: string; lg: string; icon: string; 'icon-sm': string; 'icon-lg': string; }; }> & ClassProp) | undefined) => string> & { ...; }'.
  Property 'className' does not exist on type 'VariantProps<(props?: (ConfigVariants<{ variant: { default: string; destructive: string; outline: string; secondary: string; ghost: string; link: string; }; size: { default: string; sm: string; lg: string; icon: string; 'icon-sm': string; 'icon-lg': string; }; }> & ClassProp) | undefined) => string> & { ...; }'.
components/ui/sidebar.tsx(270,17): error TS7006: Parameter 'event' implicitly has an 'any' type.
components/ui/sidebar.tsx(277,7): error TS2339: Property 'span' does not exist on type 'JSX.IntrinsicElements'.
components/ui/sidebar.tsx(277,47): error TS2339: Property 'span' does not exist on type 'JSX.IntrinsicElements'.
components/ui/sidebar.tsx(282,24): error TS2339: Property 'className' does not exist on type '{}'.
components/ui/sidebar.tsx(282,68): error TS2344: Type '"button"' does not satisfy the constraint 'JSXElementConstructor<any> | keyof IntrinsicElements'.
components/ui/sidebar.tsx(286,5): error TS2339: Property 'button' does not exist on type 'JSX.IntrinsicElements'.
components/ui/sidebar.tsx(307,25): error TS2339: Property 'className' does not exist on type '{}'.
components/ui/sidebar.tsx(307,69): error TS2344: Type '"main"' does not satisfy the constraint 'JSXElementConstructor<any> | keyof IntrinsicElements'.
components/ui/sidebar.tsx(309,5): error TS2339: Property 'main' does not exist on type 'JSX.IntrinsicElements'.
components/ui/sidebar.tsx(322,3): error TS2339: Property 'className' does not exist on type '{}'.
components/ui/sidebar.tsx(329,7): error TS2322: Type '{ "data-slot": string; "data-sidebar": string; className: string; }' is not assignable to type '{}'.
  Property 'className' does not exist on type '{}'.
components/ui/sidebar.tsx(335,26): error TS2339: Property 'className' does not exist on type '{}'.
components/ui/sidebar.tsx(335,70): error TS2344: Type '"div"' does not satisfy the constraint 'JSXElementConstructor<any> | keyof IntrinsicElements'.
components/ui/sidebar.tsx(337,5): error TS2339: Property 'div' does not exist on type 'JSX.IntrinsicElements'.
components/ui/sidebar.tsx(346,26): error TS2339: Property 'className' does not exist on type '{}'.
components/ui/sidebar.tsx(346,70): error TS2344: Type '"div"' does not satisfy the constraint 'JSXElementConstructor<any> | keyof IntrinsicElements'.
components/ui/sidebar.tsx(348,5): error TS2339: Property 'div' does not exist on type 'JSX.IntrinsicElements'.
components/ui/sidebar.tsx(358,3): error TS2339: Property 'className' does not exist on type 'SeparatorProps & RefAttributes<HTMLDivElement>'.
components/ui/sidebar.tsx(365,7): error TS2322: Type '{ orientation?: "horizontal" | "vertical" | undefined; decorative?: boolean | undefined; asChild?: boolean | undefined; ref?: Ref<HTMLDivElement> | undefined; key?: Key | ... 1 more ... | undefined; "data-slot": string; "data-sidebar": string; className: string; }' is not assignable to type 'SeparatorProps & RefAttributes<HTMLDivElement>'.
  Property 'className' does not exist on type 'SeparatorProps & RefAttributes<HTMLDivElement>'.
components/ui/sidebar.tsx(371,27): error TS2339: Property 'className' does not exist on type '{}'.
components/ui/sidebar.tsx(371,71): error TS2344: Type '"div"' does not satisfy the constraint 'JSXElementConstructor<any> | keyof IntrinsicElements'.
components/ui/sidebar.tsx(373,5): error TS2339: Property 'div' does not exist on type 'JSX.IntrinsicElements'.
components/ui/sidebar.tsx(385,25): error TS2339: Property 'className' does not exist on type '{}'.
components/ui/sidebar.tsx(385,69): error TS2344: Type '"div"' does not satisfy the constraint 'JSXElementConstructor<any> | keyof IntrinsicElements'.
components/ui/sidebar.tsx(387,5): error TS2339: Property 'div' does not exist on type 'JSX.IntrinsicElements'.
components/ui/sidebar.tsx(397,3): error TS2339: Property 'className' does not exist on type '{ asChild?: boolean | undefined; }'.
components/ui/sidebar.tsx(400,25): error TS2344: Type '"div"' does not satisfy the constraint 'JSXElementConstructor<any> | keyof IntrinsicElements'.
components/ui/sidebar.tsx(404,5): error TS2339: Property 'div' does not exist on type 'JSX.IntrinsicElements'.
components/ui/sidebar.tsx(404,6): error TS2604: JSX element type 'Comp' does not have any construct or call signatures.
components/ui/sidebar.tsx(418,3): error TS2339: Property 'className' does not exist on type '{ asChild?: boolean | undefined; }'.
components/ui/sidebar.tsx(421,25): error TS2344: Type '"button"' does not satisfy the constraint 'JSXElementConstructor<any> | keyof IntrinsicElements'.
components/ui/sidebar.tsx(425,5): error TS2339: Property 'button' does not exist on type 'JSX.IntrinsicElements'.
components/ui/sidebar.tsx(425,6): error TS2604: JSX element type 'Comp' does not have any construct or call signatures.
components/ui/sidebar.tsx(441,3): error TS2339: Property 'className' does not exist on type '{}'.
components/ui/sidebar.tsx(443,25): error TS2344: Type '"div"' does not satisfy the constraint 'JSXElementConstructor<any> | keyof IntrinsicElements'.
components/ui/sidebar.tsx(445,5): error TS2339: Property 'div' does not exist on type 'JSX.IntrinsicElements'.
components/ui/sidebar.tsx(454,24): error TS2339: Property 'className' does not exist on type '{}'.
components/ui/sidebar.tsx(454,68): error TS2344: Type '"ul"' does not satisfy the constraint 'JSXElementConstructor<any> | keyof IntrinsicElements'.
components/ui/sidebar.tsx(456,5): error TS2339: Property 'ul' does not exist on type 'JSX.IntrinsicElements'.
components/ui/sidebar.tsx(465,28): error TS2339: Property 'className' does not exist on type '{}'.
components/ui/sidebar.tsx(465,72): error TS2344: Type '"li"' does not satisfy the constraint 'JSXElementConstructor<any> | keyof IntrinsicElements'.
components/ui/sidebar.tsx(467,5): error TS2339: Property 'li' does not exist on type 'JSX.IntrinsicElements'.
components/ui/sidebar.tsx(504,3): error TS2339: Property 'className' does not exist on type '{ asChild?: boolean | undefined; isActive?: boolean | undefined; tooltip?: string | (TooltipContentProps & RefAttributes<HTMLDivElement>) | undefined; } & VariantProps<...>'.
components/ui/sidebar.tsx(506,25): error TS2344: Type '"button"' does not satisfy the constraint 'JSXElementConstructor<any> | keyof IntrinsicElements'.
components/ui/sidebar.tsx(515,5): error TS2339: Property 'button' does not exist on type 'JSX.IntrinsicElements'.
components/ui/sidebar.tsx(515,6): error TS2604: JSX element type 'Comp' does not have any construct or call signatures.
components/ui/sidebar.tsx(531,7): error TS2353: Object literal may only specify known properties, and 'children' does not exist in type 'TooltipContentProps & RefAttributes<HTMLDivElement>'.
components/ui/sidebar.tsx(542,13): error TS2698: Spread types may only be created from object types.
components/ui/sidebar.tsx(549,3): error TS2339: Property 'className' does not exist on type '{ asChild?: boolean | undefined; showOnHover?: boolean | undefined; }'.
components/ui/sidebar.tsx(553,25): error TS2344: Type '"button"' does not satisfy the constraint 'JSXElementConstructor<any> | keyof IntrinsicElements'.
components/ui/sidebar.tsx(560,5): error TS2339: Property 'button' does not exist on type 'JSX.IntrinsicElements'.
components/ui/sidebar.tsx(560,6): error TS2604: JSX element type 'Comp' does not have any construct or call signatures.
components/ui/sidebar.tsx(581,3): error TS2339: Property 'className' does not exist on type '{}'.
components/ui/sidebar.tsx(583,25): error TS2344: Type '"div"' does not satisfy the constraint 'JSXElementConstructor<any> | keyof IntrinsicElements'.
components/ui/sidebar.tsx(585,5): error TS2339: Property 'div' does not exist on type 'JSX.IntrinsicElements'.
components/ui/sidebar.tsx(603,3): error TS2339: Property 'className' does not exist on type '{ showIcon?: boolean | undefined; }'.
components/ui/sidebar.tsx(606,25): error TS2344: Type '"div"' does not satisfy the constraint 'JSXElementConstructor<any> | keyof IntrinsicElements'.
components/ui/sidebar.tsx(615,5): error TS2339: Property 'div' does not exist on type 'JSX.IntrinsicElements'.
components/ui/sidebar.tsx(623,11): error TS2322: Type '{ className: string; "data-sidebar": string; }' is not assignable to type '{}'.
  Property 'className' does not exist on type '{}'.
components/ui/sidebar.tsx(628,9): error TS2322: Type '{ className: string; "data-sidebar": string; style: CSSProperties; }' is not assignable to type '{}'.
  Property 'className' does not exist on type '{}'.
components/ui/sidebar.tsx(636,5): error TS2339: Property 'div' does not exist on type 'JSX.IntrinsicElements'.
components/ui/sidebar.tsx(640,27): error TS2339: Property 'className' does not exist on type '{}'.
components/ui/sidebar.tsx(640,71): error TS2344: Type '"ul"' does not satisfy the constraint 'JSXElementConstructor<any> | keyof IntrinsicElements'.
components/ui/sidebar.tsx(642,5): error TS2339: Property 'ul' does not exist on type 'JSX.IntrinsicElements'.
components/ui/sidebar.tsx(656,3): error TS2339: Property 'className' does not exist on type '{}'.
components/ui/sidebar.tsx(658,25): error TS2344: Type '"li"' does not satisfy the constraint 'JSXElementConstructor<any> | keyof IntrinsicElements'.
components/ui/sidebar.tsx(660,5): error TS2339: Property 'li' does not exist on type 'JSX.IntrinsicElements'.
components/ui/sidebar.tsx(673,3): error TS2339: Property 'className' does not exist on type '{ asChild?: boolean | undefined; size?: "sm" | "md" | undefined; isActive?: boolean | undefined; }'.
components/ui/sidebar.tsx(675,25): error TS2344: Type '"a"' does not satisfy the constraint 'JSXElementConstructor<any> | keyof IntrinsicElements'.
components/ui/sidebar.tsx(683,5): error TS2339: Property 'a' does not exist on type 'JSX.IntrinsicElements'.
components/ui/sidebar.tsx(683,6): error TS2604: JSX element type 'Comp' does not have any construct or call signatures.
components/ui/skeleton.tsx(3,21): error TS2339: Property 'className' does not exist on type '{}'.
components/ui/skeleton.tsx(3,65): error TS2344: Type '"div"' does not satisfy the constraint 'JSXElementConstructor<any> | keyof IntrinsicElements'.
components/ui/skeleton.tsx(5,5): error TS2339: Property 'div' does not exist on type 'JSX.IntrinsicElements'.
components/ui/slider.tsx(9,3): error TS2339: Property 'className' does not exist on type 'SliderProps & RefAttributes<HTMLSpanElement>'.
components/ui/slider.tsx(33,7): error TS2322: Type '{ name?: string | undefined; disabled?: boolean | undefined; orientation?: "horizontal" | "vertical" | undefined; dir?: Direction | undefined; step?: number | undefined; ... 13 more ...; className: string; }' is not assignable to type 'SliderProps & RefAttributes<HTMLSpanElement>'.
  Property 'className' does not exist on type 'SliderProps & RefAttributes<HTMLSpanElement>'.
components/ui/slider.tsx(41,9): error TS2322: Type '{ "data-slot": string; className: string; }' is not assignable to type 'SliderTrackProps & RefAttributes<HTMLSpanElement>'.
  Property 'className' does not exist on type 'SliderTrackProps & RefAttributes<HTMLSpanElement>'.
components/ui/slider.tsx(45,11): error TS2322: Type '{ "data-slot": string; className: string; }' is not assignable to type 'SliderRangeProps & RefAttributes<HTMLSpanElement>'.
  Property 'className' does not exist on type 'SliderRangeProps & RefAttributes<HTMLSpanElement>'.
components/ui/slider.tsx(52,11): error TS2322: Type '{ "data-slot": string; key: number; className: string; }' is not assignable to type 'SliderThumbProps & RefAttributes<HTMLSpanElement>'.
  Property 'className' does not exist on type 'SliderThumbProps & RefAttributes<HTMLSpanElement>'.
components/ui/spinner.tsx(5,20): error TS2339: Property 'className' does not exist on type '{}'.
components/ui/spinner.tsx(5,64): error TS2344: Type '"svg"' does not satisfy the constraint 'JSXElementConstructor<any> | keyof IntrinsicElements'.
components/ui/switch.tsx(9,3): error TS2339: Property 'className' does not exist on type 'SwitchProps & RefAttributes<HTMLButtonElement>'.
components/ui/switch.tsx(15,7): error TS2322: Type '{ checked?: boolean | undefined; defaultChecked?: boolean | undefined; required?: boolean | undefined; onCheckedChange?(checked: boolean): void; asChild?: boolean | undefined; ref?: Ref<...> | undefined; key?: Key | ... 1 more ... | undefined; "data-slot": string; className: string; }' is not assignable to type 'SwitchProps & RefAttributes<HTMLButtonElement>'.
  Property 'className' does not exist on type 'SwitchProps & RefAttributes<HTMLButtonElement>'.
components/ui/switch.tsx(23,9): error TS2322: Type '{ "data-slot": string; className: string; }' is not assignable to type 'SwitchThumbProps & RefAttributes<HTMLSpanElement>'.
  Property 'className' does not exist on type 'SwitchThumbProps & RefAttributes<HTMLSpanElement>'.
components/ui/table.tsx(7,18): error TS2339: Property 'className' does not exist on type '{}'.
components/ui/table.tsx(7,62): error TS2344: Type '"table"' does not satisfy the constraint 'JSXElementConstructor<any> | keyof IntrinsicElements'.
components/ui/table.tsx(9,5): error TS2339: Property 'div' does not exist on type 'JSX.IntrinsicElements'.
components/ui/table.tsx(13,7): error TS2339: Property 'table' does not exist on type 'JSX.IntrinsicElements'.
components/ui/table.tsx(18,5): error TS2339: Property 'div' does not exist on type 'JSX.IntrinsicElements'.
components/ui/table.tsx(22,24): error TS2339: Property 'className' does not exist on type '{}'.
components/ui/table.tsx(22,68): error TS2344: Type '"thead"' does not satisfy the constraint 'JSXElementConstructor<any> | keyof IntrinsicElements'.
components/ui/table.tsx(24,5): error TS2339: Property 'thead' does not exist on type 'JSX.IntrinsicElements'.
components/ui/table.tsx(32,22): error TS2339: Property 'className' does not exist on type '{}'.
components/ui/table.tsx(32,66): error TS2344: Type '"tbody"' does not satisfy the constraint 'JSXElementConstructor<any> | keyof IntrinsicElements'.
components/ui/table.tsx(34,5): error TS2339: Property 'tbody' does not exist on type 'JSX.IntrinsicElements'.
components/ui/table.tsx(42,24): error TS2339: Property 'className' does not exist on type '{}'.
components/ui/table.tsx(42,68): error TS2344: Type '"tfoot"' does not satisfy the constraint 'JSXElementConstructor<any> | keyof IntrinsicElements'.
components/ui/table.tsx(44,5): error TS2339: Property 'tfoot' does not exist on type 'JSX.IntrinsicElements'.
components/ui/table.tsx(55,21): error TS2339: Property 'className' does not exist on type '{}'.
components/ui/table.tsx(55,65): error TS2344: Type '"tr"' does not satisfy the constraint 'JSXElementConstructor<any> | keyof IntrinsicElements'.
components/ui/table.tsx(57,5): error TS2339: Property 'tr' does not exist on type 'JSX.IntrinsicElements'.
components/ui/table.tsx(68,22): error TS2339: Property 'className' does not exist on type '{}'.
components/ui/table.tsx(68,66): error TS2344: Type '"th"' does not satisfy the constraint 'JSXElementConstructor<any> | keyof IntrinsicElements'.
components/ui/table.tsx(70,5): error TS2339: Property 'th' does not exist on type 'JSX.IntrinsicElements'.
components/ui/table.tsx(81,22): error TS2339: Property 'className' does not exist on type '{}'.
components/ui/table.tsx(81,66): error TS2344: Type '"td"' does not satisfy the constraint 'JSXElementConstructor<any> | keyof IntrinsicElements'.
components/ui/table.tsx(83,5): error TS2339: Property 'td' does not exist on type 'JSX.IntrinsicElements'.
components/ui/table.tsx(95,3): error TS2339: Property 'className' does not exist on type '{}'.
components/ui/table.tsx(97,25): error TS2344: Type '"caption"' does not satisfy the constraint 'JSXElementConstructor<any> | keyof IntrinsicElements'.
components/ui/table.tsx(99,5): error TS2339: Property 'caption' does not exist on type 'JSX.IntrinsicElements'.
components/ui/tabs.tsx(9,3): error TS2339: Property 'className' does not exist on type 'TabsProps & RefAttributes<HTMLDivElement>'.
components/ui/tabs.tsx(15,7): error TS2322: Type '{ value?: string | undefined; defaultValue?: string | undefined; onValueChange?: ((value: string) => void) | undefined; orientation?: "horizontal" | "vertical" | undefined; dir?: Direction | undefined; ... 5 more ...; className: string; }' is not assignable to type 'TabsProps & RefAttributes<HTMLDivElement>'.
  Property 'className' does not exist on type 'TabsProps & RefAttributes<HTMLDivElement>'.
components/ui/tabs.tsx(22,3): error TS2339: Property 'className' does not exist on type 'TabsListProps & RefAttributes<HTMLDivElement>'.
components/ui/tabs.tsx(28,7): error TS2322: Type '{ loop?: boolean | undefined; asChild?: boolean | undefined; ref?: Ref<HTMLDivElement> | undefined; key?: Key | null | undefined; "data-slot": string; className: string; }' is not assignable to type 'TabsListProps & RefAttributes<HTMLDivElement>'.
  Property 'className' does not exist on type 'TabsListProps & RefAttributes<HTMLDivElement>'.
components/ui/tabs.tsx(38,3): error TS2339: Property 'className' does not exist on type 'TabsTriggerProps & RefAttributes<HTMLButtonElement>'.
components/ui/tabs.tsx(44,7): error TS2322: Type '{ value: string; asChild?: boolean | undefined; ref?: Ref<HTMLButtonElement> | undefined; key?: Key | null | undefined; "data-slot": string; className: string; }' is not assignable to type 'TabsTriggerProps & RefAttributes<HTMLButtonElement>'.
  Property 'className' does not exist on type 'TabsTriggerProps & RefAttributes<HTMLButtonElement>'.
components/ui/tabs.tsx(54,3): error TS2339: Property 'className' does not exist on type 'TabsContentProps & RefAttributes<HTMLDivElement>'.
components/ui/tabs.tsx(60,7): error TS2322: Type '{ value: string; forceMount?: true | undefined; asChild?: boolean | undefined; ref?: Ref<HTMLDivElement> | undefined; key?: Key | null | undefined; "data-slot": string; className: string; }' is not assignable to type 'TabsContentProps & RefAttributes<HTMLDivElement>'.
  Property 'className' does not exist on type 'TabsContentProps & RefAttributes<HTMLDivElement>'.
components/ui/textarea.tsx(5,21): error TS2339: Property 'className' does not exist on type '{}'.
components/ui/textarea.tsx(5,65): error TS2344: Type '"textarea"' does not satisfy the constraint 'JSXElementConstructor<any> | keyof IntrinsicElements'.
components/ui/textarea.tsx(7,5): error TS2339: Property 'textarea' does not exist on type 'JSX.IntrinsicElements'.
components/ui/toast.tsx(15,6): error TS2339: Property 'className' does not exist on type 'Omit<ToastViewportProps & RefAttributes<HTMLOListElement>, "ref">'.
components/ui/toast.tsx(18,5): error TS2322: Type '{ label?: string | undefined; asChild?: boolean | undefined; hotkey?: string[] | undefined; key?: Key | null | undefined; ref: ForwardedRef<HTMLOListElement>; className: string; }' is not assignable to type 'ToastViewportProps & RefAttributes<HTMLOListElement>'.
  Property 'className' does not exist on type 'ToastViewportProps & RefAttributes<HTMLOListElement>'.
components/ui/toast.tsx(47,6): error TS2339: Property 'className' does not exist on type 'Omit<ToastProps & RefAttributes<HTMLLIElement>, "ref"> & VariantProps<(props?: (ConfigVariants<{ variant: { default: string; destructive: string; }; }> & ClassProp) | undefined) => string>'.
components/ui/toast.tsx(51,7): error TS2322: Type '{ asChild?: boolean | undefined; key?: Key | null | undefined; type?: "background" | "foreground" | undefined; duration?: number | undefined; open?: boolean | undefined; onEscapeKeyDown?: ((event: KeyboardEvent) => void) | undefined; ... 10 more ...; className: string; }' is not assignable to type 'ToastProps & RefAttributes<HTMLLIElement>'.
  Property 'className' does not exist on type 'ToastProps & RefAttributes<HTMLLIElement>'.
components/ui/toast.tsx(61,6): error TS2339: Property 'className' does not exist on type 'Omit<ToastActionProps & RefAttributes<HTMLButtonElement>, "ref">'.
components/ui/toast.tsx(64,5): error TS2322: Type '{ asChild?: boolean | undefined; key?: Key | null | undefined; altText: string; ref: ForwardedRef<HTMLButtonElement>; className: string; }' is not assignable to type 'ToastActionProps & RefAttributes<HTMLButtonElement>'.
  Property 'className' does not exist on type 'ToastActionProps & RefAttributes<HTMLButtonElement>'.
components/ui/toast.tsx(76,6): error TS2339: Property 'className' does not exist on type 'Omit<ToastCloseProps & RefAttributes<HTMLButtonElement>, "ref">'.
components/ui/toast.tsx(79,5): error TS2322: Type '{ asChild?: boolean | undefined; key?: Key | null | undefined; ref: ForwardedRef<HTMLButtonElement>; className: string; "toast-close": string; }' is not assignable to type 'ToastCloseProps & RefAttributes<HTMLButtonElement>'.
  Property 'className' does not exist on type 'ToastCloseProps & RefAttributes<HTMLButtonElement>'.
components/ui/toast.tsx(94,6): error TS2339: Property 'className' does not exist on type 'Omit<ToastTitleProps & RefAttributes<HTMLDivElement>, "ref">'.
components/ui/toast.tsx(97,5): error TS2322: Type '{ asChild?: boolean | undefined; key?: Key | null | undefined; ref: ForwardedRef<HTMLDivElement>; className: string; }' is not assignable to type 'ToastTitleProps & RefAttributes<HTMLDivElement>'.
  Property 'className' does not exist on type 'ToastTitleProps & RefAttributes<HTMLDivElement>'.
components/ui/toast.tsx(106,6): error TS2339: Property 'className' does not exist on type 'Omit<ToastDescriptionProps & RefAttributes<HTMLDivElement>, "ref">'.
components/ui/toast.tsx(109,5): error TS2322: Type '{ asChild?: boolean | undefined; key?: Key | null | undefined; ref: ForwardedRef<HTMLDivElement>; className: string; }' is not assignable to type 'ToastDescriptionProps & RefAttributes<HTMLDivElement>'.
  Property 'className' does not exist on type 'ToastDescriptionProps & RefAttributes<HTMLDivElement>'.
components/ui/toaster.tsx(21,13): error TS2339: Property 'div' does not exist on type 'JSX.IntrinsicElements'.
components/ui/toaster.tsx(26,13): error TS2339: Property 'div' does not exist on type 'JSX.IntrinsicElements'.
components/ui/toggle-group.tsx(18,3): error TS2339: Property 'className' does not exist on type '((ToggleGroupSingleProps | ToggleGroupMultipleProps) & RefAttributes<HTMLDivElement>) & VariantProps<...>'.
components/ui/toggle-group.tsx(21,3): error TS2339: Property 'children' does not exist on type '((ToggleGroupSingleProps | ToggleGroupMultipleProps) & RefAttributes<HTMLDivElement>) & VariantProps<...>'.
components/ui/toggle-group.tsx(30,7): error TS2322: Type '{ type: "single"; value?: string | undefined; defaultValue?: string | undefined; onValueChange?(value: string): void; disabled?: boolean | undefined; rovingFocus?: boolean | undefined; ... 9 more ...; className: string; } | { ...; }' is not assignable to type '(ToggleGroupSingleProps | ToggleGroupMultipleProps) & RefAttributes<HTMLDivElement>'.
  Type '{ type: "single"; value?: string | undefined; defaultValue?: string | undefined; onValueChange?(value: string): void; disabled?: boolean | undefined; rovingFocus?: boolean | undefined; ... 9 more ...; className: string; }' is not assignable to type '(ToggleGroupSingleProps | ToggleGroupMultipleProps) & RefAttributes<HTMLDivElement>'.
    Property 'className' does not exist on type 'ToggleGroupSingleProps & RefAttributes<HTMLDivElement>'.
components/ui/toggle-group.tsx(44,3): error TS2339: Property 'className' does not exist on type 'ToggleGroupItemProps & RefAttributes<HTMLButtonElement> & VariantProps<(props?: (ConfigVariants<{ variant: { default: string; outline: string; }; size: { ...; }; }> & ClassProp) | undefined) => string>'.
components/ui/toggle-group.tsx(45,3): error TS2339: Property 'children' does not exist on type 'ToggleGroupItemProps & RefAttributes<HTMLButtonElement> & VariantProps<(props?: (ConfigVariants<{ variant: { default: string; outline: string; }; size: { ...; }; }> & ClassProp) | undefined) => string>'.
components/ui/toggle-group.tsx(58,7): error TS2322: Type '{ asChild?: boolean | undefined; key?: Key | null | undefined; value: string; ref?: Ref<HTMLButtonElement> | undefined; "data-slot": string; "data-variant": "default" | ... 2 more ... | undefined; "data-size": "default" | ... 3 more ... | undefined; className: string; }' is not assignable to type 'ToggleGroupItemProps & RefAttributes<HTMLButtonElement>'.
  Property 'className' does not exist on type 'ToggleGroupItemProps & RefAttributes<HTMLButtonElement>'.
components/ui/toggle.tsx(32,3): error TS2339: Property 'className' does not exist on type 'ToggleProps & RefAttributes<HTMLButtonElement> & VariantProps<(props?: (ConfigVariants<{ variant: { default: string; outline: string; }; size: { default: string; sm: string; lg: string; }; }> & ClassProp) | undefined) => string>'.
components/ui/toggle.tsx(41,7): error TS2322: Type '{ pressed?: boolean | undefined; defaultPressed?: boolean | undefined; onPressedChange?(pressed: boolean): void; asChild?: boolean | undefined; ref?: Ref<HTMLButtonElement> | undefined; key?: Key | ... 1 more ... | undefined; "data-slot": string; className: string; }' is not assignable to type 'ToggleProps & RefAttributes<HTMLButtonElement>'.
  Property 'className' does not exist on type 'ToggleProps & RefAttributes<HTMLButtonElement>'.
components/ui/tooltip.tsx(25,6): error TS2741: Property 'children' is missing in type '{}' but required in type 'TooltipProviderProps'.
components/ui/tooltip.tsx(38,3): error TS2339: Property 'className' does not exist on type 'TooltipContentProps & RefAttributes<HTMLDivElement>'.
components/ui/tooltip.tsx(40,3): error TS2339: Property 'children' does not exist on type 'TooltipContentProps & RefAttributes<HTMLDivElement>'.
components/ui/tooltip.tsx(48,9): error TS2322: Type '{ forceMount?: true | undefined; 'aria-label'?: string | undefined; onEscapeKeyDown?: ((event: KeyboardEvent) => void) | undefined; onPointerDownOutside?: ((event: PointerDownOutsideEvent) => void) | undefined; ... 15 more ...; className: string; }' is not assignable to type 'TooltipContentProps & RefAttributes<HTMLDivElement>'.
  Property 'className' does not exist on type 'TooltipContentProps & RefAttributes<HTMLDivElement>'.
components/ui/tooltip.tsx(55,33): error TS2322: Type '{ className: string; }' is not assignable to type 'TooltipArrowProps & RefAttributes<SVGSVGElement>'.
  Property 'className' does not exist on type 'TooltipArrowProps & RefAttributes<SVGSVGElement>'.
tailwind.config.ts(4,3): error TS2322: Type '["class"]' is not assignable to type 'DarkModeStrategy | undefined'.
  Type '["class"]' is not assignable to type '["class", string]'.
    Source has 1 element(s) but target requires 2.
